******************************************************************************
            TI ARM Clang Linker PC v4.0.4                      
******************************************************************************
>> Linked Mon Jul 13 18:49:03 2026

OUTPUT FILE NAME:   <TI_Car_no_buletooth.out>
ENTRY POINT SYMBOL: "_c_int00_noargs"  address: 0000585d


MEMORY CONFIGURATION

         name            origin    length      used     unused   attr    fill
----------------------  --------  ---------  --------  --------  ----  --------
  FLASH                 00000000   00020000  00005b80  0001a480  R  X
  SRAM                  20200000   00008000  0000058a  00007a76  RW X
  BCR_CONFIG            41c00000   000000ff  00000000  000000ff  R   
  BSL_CONFIG            41c00100   00000080  00000000  00000080  R   


SEGMENT ALLOCATION MAP

run origin  load origin   length   init length attrs members
----------  ----------- ---------- ----------- ----- -------
00000000    00000000    00005b80   00005b80    r-x
  00000000    00000000    000000c0   000000c0    r-- .intvecs
  000000c0    000000c0    00005900   00005900    r-x .text
  000059c0    000059c0    00000110   00000110    r-- .rodata
  00005ad0    00005ad0    000000b0   000000b0    r-- .cinit
20200000    20200000    0000038a   00000000    rw-
  20200000    20200000    0000023c   00000000    rw- .bss
  2020023c    2020023c    0000014e   00000000    rw- .data
20207e00    20207e00    00000200   00000000    rw-
  20207e00    20207e00    00000200   00000000    rw- .stack


SECTION ALLOCATION MAP

 output                                  attributes/
section   page    origin      length       input sections
--------  ----  ----------  ----------   ----------------
.intvecs   0    00000000    000000c0     
                  00000000    000000c0     startup_mspm0g350x_ticlang.o (.intvecs)

.text      0    000000c0    00005900     
                  000000c0    000016ac     debug_uart.o (.text.Debug_UART_ProcessRx)
                  0000176c    00000f00     debug_uart.o (.text.Debug_UART_SendStatus)
                  0000266c    00000638     car_control.o (.text.Car_ControlStep)
                  00002ca4    00000264     debug_uart.o (.text.Debug_UART_AppendFloat)
                  00002f08    00000248     debug_uart.o (.text.Debug_UART_ParseFloatList)
                  00003150    00000234     debug_uart.o (.text.Debug_UART_SendOkInt)
                  00003384    000001dc     mpu6050.o (.text.MPU6050_ReadRegs)
                  00003560    000001d4     debug_uart.o (.text.Debug_UART_ParseFloat)
                  00003734    000001c0     debug_uart.o (.text.vofa_speed_send)
                  000038f4    000001bc     debug_uart.o (.text.vofa_line_send)
                  00003ab0    000001ac     debug_uart.o (.text.vofa_gyro_send)
                  00003c5c    000001a4     line_tracker.o (.text.LineTracker_Update)
                  00003e00    0000016c     debug_uart.o (.text.vofa_test_send)
                  00003f6c    00000120     debug_uart.o (.text.Debug_UART_SendOkFloat)
                  0000408c    00000118     mpu6050.o (.text.MPU6050_WriteReg)
                  000041a4    00000110     car_control.o (.text.Car_PidStep)
                  000042b4    00000104     car_control.o (.text.Car_Stop)
                  000043b8    00000104     driverlib.a : dl_timer.o (.text.DL_Timer_initFourCCPWMMode)
                  000044bc    00000100     mpu6050.o (.text.MPU6050_Init)
                  000045bc    000000fc     driverlib.a : dl_timer.o (.text.DL_Timer_initTimerMode)
                  000046b8    000000ec     car_control.o (.text.Car_RightAngleApproachStep)
                  000047a4    000000dc     ti_msp_dl_config.o (.text.SYSCFG_DL_GPIO_init)
                  00004880    000000d8     libclang_rt.builtins.a : addsf3.S.obj (.text)
                  00004958    000000c0     debug_uart.o (.text.UART1_IRQHandler)
                  00004a18    000000ac     mpu6050.o (.text.MPU6050_Calibrate)
                  00004ac4    000000a4     debug_uart.o (.text.Debug_UART_CommandEquals)
                  00004b68    000000a0     debug_uart.o (.text.Debug_UART_Init)
                  00004c08    0000009c     mpu6050.o (.text.MPU6050_Task)
                  00004ca4    0000009a     libc.a : memcpy16.S.obj (.text:memcpy)
                  00004d3e    00000002     startup_mspm0g350x_ticlang.o (.text.Default_Handler)
                  00004d40    00000098     car_control.o (.text.Car_Init)
                  00004dd8    00000098     debug_uart.o (.text.Debug_UART_GetArg)
                  00004e70    0000008c     ti_msp_dl_config.o (.text.SYSCFG_DL_PWM_0_init)
                  00004efc    0000008c     libclang_rt.builtins.a : mulsf3.S.obj (.text.__mulsf3)
                  00004f88    00000084     empty.o (.text.main)
                  0000500c    00000082     libclang_rt.builtins.a : divsf3.S.obj (.text.__divsf3)
                  0000508e    00000002                            : aeabi_div0.c.obj (.text.__aeabi_idiv0)
                  00005090    0000007c     libc.a : copy_decompress_lzss.c.obj (.text:decompress:lzss)
                  0000510c    00000070     ti_msp_dl_config.o (.text.SYSCFG_DL_UART_DEBUG_init)
                  0000517c    00000062     libclang_rt.builtins.a : aeabi_fcmp.S.obj (.text.__aeabi_fcmp)
                  000051de    00000062     libc.a : memset16.S.obj (.text:memset)
                  00005240    00000060     ti_msp_dl_config.o (.text.SYSCFG_DL_initPower)
                  000052a0    0000005e     driverlib.a : dl_i2c.o (.text.DL_I2C_fillControllerTXFIFO)
                  000052fe    00000002     --HOLE-- [fill = 0]
                  00005300    00000058     debug_uart.o (.text.Debug_UART_Task)
                  00005358    00000056     libclang_rt.builtins.a : aeabi_idivmod.S.obj (.text.__aeabi_idivmod)
                  000053ae    00000002     --HOLE-- [fill = 0]
                  000053b0    00000054     car_control.o (.text.GROUP1_IRQHandler)
                  00005404    00000054     ti_msp_dl_config.o (.text.SYSCFG_DL_I2C_MPU_init)
                  00005458    0000004c     ti_msp_dl_config.o (.text.SYSCFG_DL_QEI_0_init)
                  000054a4    00000048     driverlib.a : dl_uart.o (.text.DL_UART_init)
                  000054ec    00000040     libclang_rt.builtins.a : aeabi_uidivmod.S.obj (.text.__aeabi_uidivmod)
                  0000552c    0000003c     driverlib.a : dl_i2c.o (.text.DL_I2C_flushControllerTXFIFO)
                  00005568    0000003c     ti_msp_dl_config.o (.text.SYSCFG_DL_init)
                  000055a4    0000003c     libclang_rt.builtins.a : floatsisf.S.obj (.text.__floatsisf)
                  000055e0    0000003c                            : comparesf2.S.obj (.text.__gtsf2)
                  0000561c    0000003c     libc.a : autoinit.c.obj (.text:__TI_auto_init_nobinit_nopinit)
                  00005658    0000003a     libclang_rt.builtins.a : comparesf2.S.obj (.text.__eqsf2)
                  00005692    00000002     --HOLE-- [fill = 0]
                  00005694    0000003a                            : muldsi3.S.obj (.text.__muldsi3)
                  000056ce    00000002     --HOLE-- [fill = 0]
                  000056d0    00000038     ti_msp_dl_config.o (.text.SYSCFG_DL_TIMER_CONTROL_init)
                  00005708    00000038     libclang_rt.builtins.a : fixsfsi.S.obj (.text.__fixsfsi)
                  00005740    00000032                            : fixunssfsi.S.obj (.text.__fixunssfsi)
                  00005772    00000002     --HOLE-- [fill = 0]
                  00005774    00000030     driverlib.a : dl_i2c.o (.text.DL_I2C_flushControllerRXFIFO)
                  000057a4    00000030                 : dl_uart.o (.text.DL_UART_transmitDataBlocking)
                  000057d4    00000030     mpu6050.o (.text.MPU6050_RecoverBus)
                  00005804    00000030     ti_msp_dl_config.o (.text.SYSCFG_DL_SYSCTL_init)
                  00005834    00000028     libclang_rt.builtins.a : floatunsisf.S.obj (.text.__floatunsisf)
                  0000585c    00000028     libc.a : boot_cortex_m.c.obj (.text:_c_int00_noargs)
                  00005884    00000026     driverlib.a : dl_i2c.o (.text.DL_I2C_setClockConfig)
                  000058aa    00000002     --HOLE-- [fill = 0]
                  000058ac    00000020     car_control.o (.text.Car_StartLineFollow)
                  000058cc    0000001c     driverlib.a : dl_timer.o (.text.DL_Timer_setCaptCompUpdateMethod)
                  000058e8    0000001c                 : dl_timer.o (.text.DL_Timer_setClockConfig)
                  00005904    00000018                 : dl_timer.o (.text.DL_Timer_setCaptureCompareOutCtl)
                  0000591c    00000018     empty.o (.text.TIMG12_IRQHandler)
                  00005934    00000016     libc.a : copy_zero_init.c.obj (.text:decompress:ZI:__TI_zero_init_nomemset)
                  0000594a    00000012     driverlib.a : dl_uart.o (.text.DL_UART_setClockConfig)
                  0000595c    00000012     libc.a : copy_decompress_none.c.obj (.text:decompress:none)
                  0000596e    00000002     --HOLE-- [fill = 0]
                  00005970    00000010     driverlib.a : dl_timer.o (.text.DL_Timer_setCaptureCompareValue)
                  00005980    0000000e     libclang_rt.builtins.a : aeabi_memset.S.obj (.text.__aeabi_memset)
                  0000598e    0000000a     driverlib.a : dl_common.o (.text.DL_Common_delayCycles)
                  00005998    00000008     line_tracker.o (.text.LineTracker_Init)
                  000059a0    00000008     libclang_rt.builtins.a : aeabi_memcpy.S.obj (.text.__aeabi_memcpy)
                  000059a8    00000006     libc.a : exit.c.obj (.text:abort)
                  000059ae    00000004     libsysbm.a : hostexit.c.obj (.text.HOSTexit)
                  000059b2    00000004     startup_mspm0g350x_ticlang.o (.text.Reset_Handler)
                  000059b6    00000004     libc.a : pre_init.c.obj (.text._system_pre_init)
                  000059ba    00000006     --HOLE-- [fill = 0]

.cinit     0    00005ad0    000000b0     
                  00005ad0    00000087     (.cinit..data.load) [load image, compression = lzss]
                  00005b57    00000001     --HOLE-- [fill = 0]
                  00005b58    0000000c     (__TI_handler_table)
                  00005b64    00000008     (.cinit..bss.load) [load image, compression = zero_init]
                  00005b6c    00000010     (__TI_cinit_table)
                  00005b7c    00000004     --HOLE-- [fill = 0]

.rodata    0    000059c0    00000110     
                  000059c0    00000014     ti_msp_dl_config.o (.rodata.gTIMER_CONTROLTimerConfig)
                  000059d4    00000011     debug_uart.o (.rodata.str1.6458327664208245438.1)
                  000059e5    00000010     car_control.o (.rodata.cst16)
                  000059f5    00000001     --HOLE-- [fill = 0]
                  000059f6    0000000a     ti_msp_dl_config.o (.rodata.gUART_DEBUGConfig)
                  00005a00    00000009     debug_uart.o (.rodata.str1.12858735334856686681.1)
                  00005a09    00000009     debug_uart.o (.rodata.str1.402800920536087235.1)
                  00005a12    00000009     debug_uart.o (.rodata.str1.9871886773154595279.1)
                  00005a1b    00000001     --HOLE-- [fill = 0]
                  00005a1c    00000008     ti_msp_dl_config.o (.rodata.gPWM_0Config)
                  00005a24    00000008     debug_uart.o (.rodata.str1.11216194194454753251.1)
                  00005a2c    00000008     debug_uart.o (.rodata.str1.12497135275599074458.1)
                  00005a34    00000008     debug_uart.o (.rodata.str1.13116950401002096570.1)
                  00005a3c    00000008     debug_uart.o (.rodata.str1.15537960897562168936.1)
                  00005a44    00000008     debug_uart.o (.rodata.str1.2550248884874358827.1)
                  00005a4c    00000008     debug_uart.o (.rodata.str1.6115349477757457877.1)
                  00005a54    00000007     debug_uart.o (.rodata.str1.11127159389407494402.1)
                  00005a5b    00000007     debug_uart.o (.rodata.str1.15989200115357581723.1)
                  00005a62    00000007     debug_uart.o (.rodata.str1.17276799732225785065.1)
                  00005a69    00000007     debug_uart.o (.rodata.str1.7094908962268454530.1)
                  00005a70    00000006     debug_uart.o (.rodata.str1.13276830473278608211.1)
                  00005a76    00000006     debug_uart.o (.rodata.str1.13316212644771607044.1)
                  00005a7c    00000006     debug_uart.o (.rodata.str1.1432448451819883127.1)
                  00005a82    00000006     debug_uart.o (.rodata.str1.3746068638744227419.1)
                  00005a88    00000005     debug_uart.o (.rodata.str1.13450742778052438634.1)
                  00005a8d    00000005     debug_uart.o (.rodata.str1.16381963267101565806.1)
                  00005a92    00000005     debug_uart.o (.rodata.str1.4842307917106963007.1)
                  00005a97    00000005     debug_uart.o (.rodata.str1.740724646930964178.1)
                  00005a9c    00000005     debug_uart.o (.rodata.str1.8522134641051796514.1)
                  00005aa1    00000005     debug_uart.o (.rodata.str1.9056856435488061599.1)
                  00005aa6    00000003     ti_msp_dl_config.o (.rodata.gPWM_0ClockConfig)
                  00005aa9    00000003     ti_msp_dl_config.o (.rodata.gQEI_0ClockConfig)
                  00005aac    00000003     ti_msp_dl_config.o (.rodata.gTIMER_CONTROLClockConfig)
                  00005aaf    00000003     debug_uart.o (.rodata.str1.12874694364276345362.1)
                  00005ab2    00000003     debug_uart.o (.rodata.str1.3299855054303412028.1)
                  00005ab5    00000003     debug_uart.o (.rodata.str1.5678097850300819098.1)
                  00005ab8    00000003     debug_uart.o (.rodata.str1.5752133939041076255.1)
                  00005abb    00000003     debug_uart.o (.rodata.str1.6094391537229473979.1)
                  00005abe    00000003     debug_uart.o (.rodata.str1.8346066712588484577.1)
                  00005ac1    00000002     ti_msp_dl_config.o (.rodata.gI2C_MPUClockConfig)
                  00005ac3    00000002     ti_msp_dl_config.o (.rodata.gUART_DEBUGClockConfig)
                  00005ac5    00000002     debug_uart.o (.rodata.str1.13678368368045285259.1)
                  00005ac7    00000002     debug_uart.o (.rodata.str1.15445407551556458809.1)
                  00005ac9    00000002     debug_uart.o (.rodata.str1.5710605537803565424.1)
                  00005acb    00000002     debug_uart.o (.rodata.str1.5817733747436598827.1)
                  00005acd    00000003     --HOLE-- [fill = 0]

.init_array 
*          0    00000000    00000000     UNINITIALIZED

.binit     0    00000000    00000000     

.bss       0    20200000    0000023c     UNINITIALIZED
                  20200000    000000bc     (.common:gPWM_0Backup)
                  202000bc    000000a0     (.common:gQEI_0Backup)
                  2020015c    00000080     debug_uart.o (.bss.s_rx_buffer)
                  202001dc    00000060     debug_uart.o (.bss.s_line_buffer)

.data      0    2020023c    0000014e     UNINITIALIZED
                  2020023c    00000100     car_control.o (.data.g_car)
                  2020033c    0000001c     mpu6050.o (.data.g_mpu6050)
                  20200358    00000018     line_tracker.o (.data.g_line)
                  20200370    00000004     mpu6050.o (.data.s_last_sample_tick)
                  20200374    00000004     debug_uart.o (.data.s_last_vofa_tick)
                  20200378    00000004     car_control.o (.data.s_right_encoder_count)
                  2020037c    00000004     debug_uart.o (.data.vofa_test_send.x)
                  20200380    00000002     debug_uart.o (.data.s_line_length)
                  20200382    00000002     debug_uart.o (.data.s_rx_head)
                  20200384    00000002     debug_uart.o (.data.s_rx_tail)
                  20200386    00000001     debug_uart.o (.data.s_line_overflow)
                  20200387    00000001     car_control.o (.data.s_right_encoder_state)
                  20200388    00000001     debug_uart.o (.data.s_vofa_mode)
                  20200389    00000001     debug_uart.o (.data.s_vofa_stream_enabled)

.stack     0    20207e00    00000200     UNINITIALIZED
                  20207e00    00000004     libc.a : boot_cortex_m.c.obj (.stack)
                  20207e04    000001fc     --HOLE--

__llvm_prf_cnts 
*          0    20200000    00000000     UNINITIALIZED

__llvm_prf_bits 
*          0    20200000    00000000     UNINITIALIZED

MODULE SUMMARY

       Module                         code    ro data   rw data
       ------                         ----    -------   -------
    .\
       debug_uart.o                   14600   200       241    
       car_control.o                  2628    16        261    
       mpu6050.o                      1388    0         32     
       ti_msp_dl_config.o             892     51        348    
       line_tracker.o                 428     0         24     
       startup_mspm0g350x_ticlang.o   6       192       0      
       empty.o                        156     0         0      
    +--+------------------------------+-------+---------+---------+
       Total:                         20098   459       906    
                                                               
    F:/TI/mspm0_sdk_2_10_00_04/source/ti/driverlib/lib/ticlang/m0p/mspm0g1x0x_g3x0x/driverlib.a
       dl_timer.o                     608     0         0      
       dl_i2c.o                       240     0         0      
       dl_uart.o                      138     0         0      
       dl_common.o                    10      0         0      
    +--+------------------------------+-------+---------+---------+
       Total:                         996     0         0      
                                                               
    F:\TI\ccstheia\ccs\tools\compiler\ti-cgt-armllvm_4.0.4.LTS\lib\armv6m-ti-none-eabi/c/libc.a
       memcpy16.S.obj                 154     0         0      
       copy_decompress_lzss.c.obj     124     0         0      
       memset16.S.obj                 98      0         0      
       autoinit.c.obj                 60      0         0      
       boot_cortex_m.c.obj            40      0         0      
       copy_zero_init.c.obj           22      0         0      
       copy_decompress_none.c.obj     18      0         0      
       exit.c.obj                     6       0         0      
       pre_init.c.obj                 4       0         0      
    +--+------------------------------+-------+---------+---------+
       Total:                         526     0         0      
                                                               
    F:\TI\ccstheia\ccs\tools\compiler\ti-cgt-armllvm_4.0.4.LTS\lib\armv6m-ti-none-eabi/c/libsysbm.a
       hostexit.c.obj                 4       0         0      
    +--+------------------------------+-------+---------+---------+
       Total:                         4       0         0      
                                                               
    F:\TI\ccstheia\ccs\tools\compiler\ti-cgt-armllvm_4.0.4.LTS\lib\armv6m-ti-none-eabi/libclang_rt.builtins.a
       addsf3.S.obj                   216     0         0      
       mulsf3.S.obj                   140     0         0      
       divsf3.S.obj                   130     0         0      
       comparesf2.S.obj               118     0         0      
       aeabi_fcmp.S.obj               98      0         0      
       aeabi_idivmod.S.obj            86      0         0      
       aeabi_uidivmod.S.obj           64      0         0      
       floatsisf.S.obj                60      0         0      
       muldsi3.S.obj                  58      0         0      
       fixsfsi.S.obj                  56      0         0      
       fixunssfsi.S.obj               50      0         0      
       floatunsisf.S.obj              40      0         0      
       aeabi_memset.S.obj             14      0         0      
       aeabi_memcpy.S.obj             8       0         0      
       aeabi_div0.c.obj               2       0         0      
    +--+------------------------------+-------+---------+---------+
       Total:                         1140    0         0      
                                                               
       Stack:                         0       0         512    
       Linker Generated:              0       171       0      
    +--+------------------------------+-------+---------+---------+
       Grand Total:                   22764   630       1418   


LINKER GENERATED COPY TABLES

__TI_cinit_table @ 00005b6c records: 2, size/record: 8, table size: 16
	.data: load addr=00005ad0, load size=00000087 bytes, run addr=2020023c, run size=0000014e bytes, compression=lzss
	.bss: load addr=00005b64, load size=00000008 bytes, run addr=20200000, run size=0000023c bytes, compression=zero_init


LINKER GENERATED HANDLER TABLE

__TI_handler_table @ 00005b58 records: 3, size/record: 4, table size: 12
	index: 0, handler: __TI_decompress_lzss
	index: 1, handler: __TI_decompress_none
	index: 2, handler: __TI_zero_init


GLOBAL SYMBOLS: SORTED ALPHABETICALLY BY Name 

address   name                            
-------   ----                            
00004d3f  ADC0_IRQHandler                 
00004d3f  ADC1_IRQHandler                 
00004d3f  AES_IRQHandler                  
000059ae  C$$EXIT                         
00004d3f  CANFD0_IRQHandler               
0000266d  Car_ControlStep                 
00004d41  Car_Init                        
000058ad  Car_StartLineFollow             
000042b5  Car_Stop                        
00004d3f  DAC0_IRQHandler                 
0000598f  DL_Common_delayCycles           
000052a1  DL_I2C_fillControllerTXFIFO     
00005775  DL_I2C_flushControllerRXFIFO    
0000552d  DL_I2C_flushControllerTXFIFO    
00005885  DL_I2C_setClockConfig           
000043b9  DL_Timer_initFourCCPWMMode      
000045bd  DL_Timer_initTimerMode          
000058cd  DL_Timer_setCaptCompUpdateMethod
00005905  DL_Timer_setCaptureCompareOutCtl
00005971  DL_Timer_setCaptureCompareValue 
000058e9  DL_Timer_setClockConfig         
000054a5  DL_UART_init                    
0000594b  DL_UART_setClockConfig          
000057a5  DL_UART_transmitDataBlocking    
00004d3f  DMA_IRQHandler                  
00004b69  Debug_UART_Init                 
000000c1  Debug_UART_ProcessRx            
00005301  Debug_UART_Task                 
00004d3f  Default_Handler                 
00004d3f  GROUP0_IRQHandler               
000053b1  GROUP1_IRQHandler               
000059af  HOSTexit                        
00004d3f  HardFault_Handler               
00004d3f  I2C0_IRQHandler                 
00004d3f  I2C1_IRQHandler                 
00005999  LineTracker_Init                
00003c5d  LineTracker_Update              
00004a19  MPU6050_Calibrate               
000044bd  MPU6050_Init                    
00004c09  MPU6050_Task                    
00004d3f  NMI_Handler                     
00004d3f  PendSV_Handler                  
00004d3f  RTC_IRQHandler                  
000059b3  Reset_Handler                   
00004d3f  SPI0_IRQHandler                 
00004d3f  SPI1_IRQHandler                 
00004d3f  SVC_Handler                     
000047a5  SYSCFG_DL_GPIO_init             
00005405  SYSCFG_DL_I2C_MPU_init          
00004e71  SYSCFG_DL_PWM_0_init            
00005459  SYSCFG_DL_QEI_0_init            
00005805  SYSCFG_DL_SYSCTL_init           
000056d1  SYSCFG_DL_TIMER_CONTROL_init    
0000510d  SYSCFG_DL_UART_DEBUG_init       
00005569  SYSCFG_DL_init                  
00005241  SYSCFG_DL_initPower             
00004d3f  SysTick_Handler                 
00004d3f  TIMA0_IRQHandler                
00004d3f  TIMA1_IRQHandler                
00004d3f  TIMG0_IRQHandler                
0000591d  TIMG12_IRQHandler               
00004d3f  TIMG6_IRQHandler                
00004d3f  TIMG7_IRQHandler                
00004d3f  TIMG8_IRQHandler                
00004d3f  UART0_IRQHandler                
00004959  UART1_IRQHandler                
00004d3f  UART2_IRQHandler                
00004d3f  UART3_IRQHandler                
20208000  __STACK_END                     
00000200  __STACK_SIZE                    
00000000  __TI_ATRegion0_region_sz        
00000000  __TI_ATRegion0_src_addr         
00000000  __TI_ATRegion0_trg_addr         
00000000  __TI_ATRegion1_region_sz        
00000000  __TI_ATRegion1_src_addr         
00000000  __TI_ATRegion1_trg_addr         
00000000  __TI_ATRegion2_region_sz        
00000000  __TI_ATRegion2_src_addr         
00000000  __TI_ATRegion2_trg_addr         
00005b6c  __TI_CINIT_Base                 
00005b7c  __TI_CINIT_Limit                
00005b7c  __TI_CINIT_Warm                 
00005b58  __TI_Handler_Table_Base         
00005b64  __TI_Handler_Table_Limit        
0000561d  __TI_auto_init_nobinit_nopinit  
00005091  __TI_decompress_lzss            
0000595d  __TI_decompress_none            
ffffffff  __TI_pprof_out_hndl             
ffffffff  __TI_prof_data_size             
ffffffff  __TI_prof_data_start            
00000000  __TI_static_base__              
00005935  __TI_zero_init_nomemset         
0000488b  __addsf3                        
00005709  __aeabi_f2iz                    
00005741  __aeabi_f2uiz                   
0000488b  __aeabi_fadd                    
0000517d  __aeabi_fcmpeq                  
000051b9  __aeabi_fcmpge                  
000051cd  __aeabi_fcmpgt                  
000051a5  __aeabi_fcmple                  
00005191  __aeabi_fcmplt                  
0000500d  __aeabi_fdiv                    
00004efd  __aeabi_fmul                    
00004881  __aeabi_fsub                    
000055a5  __aeabi_i2f                     
00005359  __aeabi_idiv                    
0000508f  __aeabi_idiv0                   
00005359  __aeabi_idivmod                 
000059a1  __aeabi_memcpy                  
000059a1  __aeabi_memcpy4                 
000059a1  __aeabi_memcpy8                 
00005981  __aeabi_memset                  
00005981  __aeabi_memset4                 
00005981  __aeabi_memset8                 
00005835  __aeabi_ui2f                    
000054ed  __aeabi_uidiv                   
000054ed  __aeabi_uidivmod                
ffffffff  __binit__                       
00005659  __cmpsf2                        
0000500d  __divsf3                        
00005659  __eqsf2                         
00005709  __fixsfsi                       
00005741  __fixunssfsi                    
000055a5  __floatsisf                     
00005835  __floatunsisf                   
000055e1  __gesf2                         
000055e1  __gtsf2                         
00005659  __lesf2                         
00005659  __ltsf2                         
UNDEFED   __mpu_init                      
00005695  __muldsi3                       
00004efd  __mulsf3                        
00005659  __nesf2                         
20207e00  __stack                         
20200000  __start___llvm_prf_bits         
20200000  __start___llvm_prf_cnts         
20200000  __stop___llvm_prf_bits          
20200000  __stop___llvm_prf_cnts          
00004881  __subsf3                        
0000585d  _c_int00_noargs                 
UNDEFED   _system_post_cinit              
000059b7  _system_pre_init                
000059a9  abort                           
ffffffff  binit                           
20200000  gPWM_0Backup                    
202000bc  gQEI_0Backup                    
2020023c  g_car                           
20200358  g_line                          
2020033c  g_mpu6050                       
00000000  interruptVectors                
00004f89  main                            
00004ca5  memcpy                          
000051df  memset                          
00003ab1  vofa_gyro_send                  
000038f5  vofa_line_send                  
00003735  vofa_speed_send                 
00003e01  vofa_test_send                  


GLOBAL SYMBOLS: SORTED BY Symbol Address 

address   name                            
-------   ----                            
00000000  __TI_ATRegion0_region_sz        
00000000  __TI_ATRegion0_src_addr         
00000000  __TI_ATRegion0_trg_addr         
00000000  __TI_ATRegion1_region_sz        
00000000  __TI_ATRegion1_src_addr         
00000000  __TI_ATRegion1_trg_addr         
00000000  __TI_ATRegion2_region_sz        
00000000  __TI_ATRegion2_src_addr         
00000000  __TI_ATRegion2_trg_addr         
00000000  __TI_static_base__              
00000000  interruptVectors                
000000c1  Debug_UART_ProcessRx            
00000200  __STACK_SIZE                    
0000266d  Car_ControlStep                 
00003735  vofa_speed_send                 
000038f5  vofa_line_send                  
00003ab1  vofa_gyro_send                  
00003c5d  LineTracker_Update              
00003e01  vofa_test_send                  
000042b5  Car_Stop                        
000043b9  DL_Timer_initFourCCPWMMode      
000044bd  MPU6050_Init                    
000045bd  DL_Timer_initTimerMode          
000047a5  SYSCFG_DL_GPIO_init             
00004881  __aeabi_fsub                    
00004881  __subsf3                        
0000488b  __addsf3                        
0000488b  __aeabi_fadd                    
00004959  UART1_IRQHandler                
00004a19  MPU6050_Calibrate               
00004b69  Debug_UART_Init                 
00004c09  MPU6050_Task                    
00004ca5  memcpy                          
00004d3f  ADC0_IRQHandler                 
00004d3f  ADC1_IRQHandler                 
00004d3f  AES_IRQHandler                  
00004d3f  CANFD0_IRQHandler               
00004d3f  DAC0_IRQHandler                 
00004d3f  DMA_IRQHandler                  
00004d3f  Default_Handler                 
00004d3f  GROUP0_IRQHandler               
00004d3f  HardFault_Handler               
00004d3f  I2C0_IRQHandler                 
00004d3f  I2C1_IRQHandler                 
00004d3f  NMI_Handler                     
00004d3f  PendSV_Handler                  
00004d3f  RTC_IRQHandler                  
00004d3f  SPI0_IRQHandler                 
00004d3f  SPI1_IRQHandler                 
00004d3f  SVC_Handler                     
00004d3f  SysTick_Handler                 
00004d3f  TIMA0_IRQHandler                
00004d3f  TIMA1_IRQHandler                
00004d3f  TIMG0_IRQHandler                
00004d3f  TIMG6_IRQHandler                
00004d3f  TIMG7_IRQHandler                
00004d3f  TIMG8_IRQHandler                
00004d3f  UART0_IRQHandler                
00004d3f  UART2_IRQHandler                
00004d3f  UART3_IRQHandler                
00004d41  Car_Init                        
00004e71  SYSCFG_DL_PWM_0_init            
00004efd  __aeabi_fmul                    
00004efd  __mulsf3                        
00004f89  main                            
0000500d  __aeabi_fdiv                    
0000500d  __divsf3                        
0000508f  __aeabi_idiv0                   
00005091  __TI_decompress_lzss            
0000510d  SYSCFG_DL_UART_DEBUG_init       
0000517d  __aeabi_fcmpeq                  
00005191  __aeabi_fcmplt                  
000051a5  __aeabi_fcmple                  
000051b9  __aeabi_fcmpge                  
000051cd  __aeabi_fcmpgt                  
000051df  memset                          
00005241  SYSCFG_DL_initPower             
000052a1  DL_I2C_fillControllerTXFIFO     
00005301  Debug_UART_Task                 
00005359  __aeabi_idiv                    
00005359  __aeabi_idivmod                 
000053b1  GROUP1_IRQHandler               
00005405  SYSCFG_DL_I2C_MPU_init          
00005459  SYSCFG_DL_QEI_0_init            
000054a5  DL_UART_init                    
000054ed  __aeabi_uidiv                   
000054ed  __aeabi_uidivmod                
0000552d  DL_I2C_flushControllerTXFIFO    
00005569  SYSCFG_DL_init                  
000055a5  __aeabi_i2f                     
000055a5  __floatsisf                     
000055e1  __gesf2                         
000055e1  __gtsf2                         
0000561d  __TI_auto_init_nobinit_nopinit  
00005659  __cmpsf2                        
00005659  __eqsf2                         
00005659  __lesf2                         
00005659  __ltsf2                         
00005659  __nesf2                         
00005695  __muldsi3                       
000056d1  SYSCFG_DL_TIMER_CONTROL_init    
00005709  __aeabi_f2iz                    
00005709  __fixsfsi                       
00005741  __aeabi_f2uiz                   
00005741  __fixunssfsi                    
00005775  DL_I2C_flushControllerRXFIFO    
000057a5  DL_UART_transmitDataBlocking    
00005805  SYSCFG_DL_SYSCTL_init           
00005835  __aeabi_ui2f                    
00005835  __floatunsisf                   
0000585d  _c_int00_noargs                 
00005885  DL_I2C_setClockConfig           
000058ad  Car_StartLineFollow             
000058cd  DL_Timer_setCaptCompUpdateMethod
000058e9  DL_Timer_setClockConfig         
00005905  DL_Timer_setCaptureCompareOutCtl
0000591d  TIMG12_IRQHandler               
00005935  __TI_zero_init_nomemset         
0000594b  DL_UART_setClockConfig          
0000595d  __TI_decompress_none            
00005971  DL_Timer_setCaptureCompareValue 
00005981  __aeabi_memset                  
00005981  __aeabi_memset4                 
00005981  __aeabi_memset8                 
0000598f  DL_Common_delayCycles           
00005999  LineTracker_Init                
000059a1  __aeabi_memcpy                  
000059a1  __aeabi_memcpy4                 
000059a1  __aeabi_memcpy8                 
000059a9  abort                           
000059ae  C$$EXIT                         
000059af  HOSTexit                        
000059b3  Reset_Handler                   
000059b7  _system_pre_init                
00005b58  __TI_Handler_Table_Base         
00005b64  __TI_Handler_Table_Limit        
00005b6c  __TI_CINIT_Base                 
00005b7c  __TI_CINIT_Limit                
00005b7c  __TI_CINIT_Warm                 
20200000  __start___llvm_prf_bits         
20200000  __start___llvm_prf_cnts         
20200000  __stop___llvm_prf_bits          
20200000  __stop___llvm_prf_cnts          
20200000  gPWM_0Backup                    
202000bc  gQEI_0Backup                    
2020023c  g_car                           
2020033c  g_mpu6050                       
20200358  g_line                          
20207e00  __stack                         
20208000  __STACK_END                     
ffffffff  __TI_pprof_out_hndl             
ffffffff  __TI_prof_data_size             
ffffffff  __TI_prof_data_start            
ffffffff  __binit__                       
ffffffff  binit                           
UNDEFED   __mpu_init                      
UNDEFED   _system_post_cinit              

[157 symbols]
