<?xml version="1.0" encoding="ISO-8859-1" ?>
<link_info>
   <banner>TI ARM Clang Linker PC v4.0.4.LTS</banner>
   <copyright>Copyright (c) 1996-2018 Texas Instruments Incorporated</copyright>
   <command_line>F:\TI\ccstheia\ccs\tools\compiler\ti-cgt-armllvm_4.0.4.LTS\bin\tiarmlnk -IF:\TI\ccstheia\ccs\tools\compiler\ti-cgt-armllvm_4.0.4.LTS\lib -o TI_Car_no_buletooth.out -mTI_Car_no_buletooth.map -iF:/TI/mspm0_sdk_2_10_00_04/source -iC:/Users/Thorn/workspace_ccstheia/TI_Car -iC:/Users/Thorn/workspace_ccstheia/TI_Car/Debug/syscfg -iF:/TI/ccstheia/ccs/tools/compiler/ti-cgt-armllvm_4.0.4.LTS/lib --diag_wrap=off --display_error_number --warn_sections --xml_link_info=TI_Car_no_buletooth_linkInfo.xml --rom_model ./board_i2c.o ./car_control.o ./competition_tasks.o ./debug_uart.o ./ec11_encoder.o ./empty.o ./ti_msp_dl_config.o ./startup_mspm0g350x_ticlang.o ./line_tracker.o ./mpu6050.o ./oled_ssd1306.o ./problem_menu.o -l./device_linker.cmd -ldevice.cmd.genlibs -llibc.a --start-group -llibc++.a -llibc++abi.a -llibc.a -llibsys.a -llibsysbm.a -llibclang_rt.builtins.a -llibclang_rt.profile.a --end-group --cg_opt_level=2</command_line>
   <link_time>0x6a62edd9</link_time>
   <link_errors>0x0</link_errors>
   <output_file>C:\Users\Thorn\workspace_ccstheia\TI_Car\Debug\TI_Car_no_buletooth.out</output_file>
   <entry_point>
      <name>_c_int00_noargs</name>
      <address>0x74ad</address>
   </entry_point>
   <input_file_list>
      <input_file id="fl-1">
         <path>C:\Users\Thorn\workspace_ccstheia\TI_Car\Debug\.\</path>
         <kind>object</kind>
         <file>board_i2c.o</file>
         <name>board_i2c.o</name>
      </input_file>
      <input_file id="fl-2">
         <path>C:\Users\Thorn\workspace_ccstheia\TI_Car\Debug\.\</path>
         <kind>object</kind>
         <file>car_control.o</file>
         <name>car_control.o</name>
      </input_file>
      <input_file id="fl-3">
         <path>C:\Users\Thorn\workspace_ccstheia\TI_Car\Debug\.\</path>
         <kind>object</kind>
         <file>competition_tasks.o</file>
         <name>competition_tasks.o</name>
      </input_file>
      <input_file id="fl-4">
         <path>C:\Users\Thorn\workspace_ccstheia\TI_Car\Debug\.\</path>
         <kind>object</kind>
         <file>debug_uart.o</file>
         <name>debug_uart.o</name>
      </input_file>
      <input_file id="fl-5">
         <path>C:\Users\Thorn\workspace_ccstheia\TI_Car\Debug\.\</path>
         <kind>object</kind>
         <file>ec11_encoder.o</file>
         <name>ec11_encoder.o</name>
      </input_file>
      <input_file id="fl-6">
         <path>C:\Users\Thorn\workspace_ccstheia\TI_Car\Debug\.\</path>
         <kind>object</kind>
         <file>empty.o</file>
         <name>empty.o</name>
      </input_file>
      <input_file id="fl-7">
         <path>C:\Users\Thorn\workspace_ccstheia\TI_Car\Debug\.\</path>
         <kind>object</kind>
         <file>ti_msp_dl_config.o</file>
         <name>ti_msp_dl_config.o</name>
      </input_file>
      <input_file id="fl-8">
         <path>C:\Users\Thorn\workspace_ccstheia\TI_Car\Debug\.\</path>
         <kind>object</kind>
         <file>startup_mspm0g350x_ticlang.o</file>
         <name>startup_mspm0g350x_ticlang.o</name>
      </input_file>
      <input_file id="fl-9">
         <path>C:\Users\Thorn\workspace_ccstheia\TI_Car\Debug\.\</path>
         <kind>object</kind>
         <file>line_tracker.o</file>
         <name>line_tracker.o</name>
      </input_file>
      <input_file id="fl-a">
         <path>C:\Users\Thorn\workspace_ccstheia\TI_Car\Debug\.\</path>
         <kind>object</kind>
         <file>mpu6050.o</file>
         <name>mpu6050.o</name>
      </input_file>
      <input_file id="fl-b">
         <path>C:\Users\Thorn\workspace_ccstheia\TI_Car\Debug\.\</path>
         <kind>object</kind>
         <file>oled_ssd1306.o</file>
         <name>oled_ssd1306.o</name>
      </input_file>
      <input_file id="fl-c">
         <path>C:\Users\Thorn\workspace_ccstheia\TI_Car\Debug\.\</path>
         <kind>object</kind>
         <file>problem_menu.o</file>
         <name>problem_menu.o</name>
      </input_file>
      <input_file id="fl-19">
         <path>C:\Users\Thorn\workspace_ccstheia\TI_Car\Debug\</path>
         <kind>object</kind>
         <file>&lt;internal&gt;</file>
         <name>&lt;internal&gt;</name>
      </input_file>
      <input_file id="fl-1a">
         <path>F:\TI\mspm0_sdk_2_10_00_04\source\ti\driverlib\lib\ticlang\m0p\mspm0g1x0x_g3x0x\</path>
         <kind>archive</kind>
         <file>driverlib.a</file>
         <name>dl_common.o</name>
      </input_file>
      <input_file id="fl-1b">
         <path>F:\TI\mspm0_sdk_2_10_00_04\source\ti\driverlib\lib\ticlang\m0p\mspm0g1x0x_g3x0x\</path>
         <kind>archive</kind>
         <file>driverlib.a</file>
         <name>dl_i2c.o</name>
      </input_file>
      <input_file id="fl-1c">
         <path>F:\TI\mspm0_sdk_2_10_00_04\source\ti\driverlib\lib\ticlang\m0p\mspm0g1x0x_g3x0x\</path>
         <kind>archive</kind>
         <file>driverlib.a</file>
         <name>dl_timer.o</name>
      </input_file>
      <input_file id="fl-1d">
         <path>F:\TI\mspm0_sdk_2_10_00_04\source\ti\driverlib\lib\ticlang\m0p\mspm0g1x0x_g3x0x\</path>
         <kind>archive</kind>
         <file>driverlib.a</file>
         <name>dl_uart.o</name>
      </input_file>
      <input_file id="fl-34">
         <path>F:\TI\ccstheia\ccs\tools\compiler\ti-cgt-armllvm_4.0.4.LTS\lib\armv6m-ti-none-eabi\c\</path>
         <kind>archive</kind>
         <file>libc.a</file>
         <name>boot_cortex_m.c.obj</name>
      </input_file>
      <input_file id="fl-35">
         <path>F:\TI\ccstheia\ccs\tools\compiler\ti-cgt-armllvm_4.0.4.LTS\lib\armv6m-ti-none-eabi\c\</path>
         <kind>archive</kind>
         <file>libc.a</file>
         <name>mathacl_init.c.obj</name>
      </input_file>
      <input_file id="fl-36">
         <path>F:\TI\ccstheia\ccs\tools\compiler\ti-cgt-armllvm_4.0.4.LTS\lib\armv6m-ti-none-eabi\c\</path>
         <kind>archive</kind>
         <file>libc.a</file>
         <name>autoinit.c.obj</name>
      </input_file>
      <input_file id="fl-37">
         <path>F:\TI\ccstheia\ccs\tools\compiler\ti-cgt-armllvm_4.0.4.LTS\lib\armv6m-ti-none-eabi\c\</path>
         <kind>archive</kind>
         <file>libc.a</file>
         <name>pre_init.c.obj</name>
      </input_file>
      <input_file id="fl-38">
         <path>F:\TI\ccstheia\ccs\tools\compiler\ti-cgt-armllvm_4.0.4.LTS\lib\armv6m-ti-none-eabi\c\</path>
         <kind>archive</kind>
         <file>libc.a</file>
         <name>cpy_tbl.c.obj</name>
      </input_file>
      <input_file id="fl-39">
         <path>F:\TI\ccstheia\ccs\tools\compiler\ti-cgt-armllvm_4.0.4.LTS\lib\armv6m-ti-none-eabi\c\</path>
         <kind>archive</kind>
         <file>libc.a</file>
         <name>copy_zero_init.c.obj</name>
      </input_file>
      <input_file id="fl-3a">
         <path>F:\TI\ccstheia\ccs\tools\compiler\ti-cgt-armllvm_4.0.4.LTS\lib\armv6m-ti-none-eabi\c\</path>
         <kind>archive</kind>
         <file>libc.a</file>
         <name>copy_decompress_none.c.obj</name>
      </input_file>
      <input_file id="fl-3b">
         <path>F:\TI\ccstheia\ccs\tools\compiler\ti-cgt-armllvm_4.0.4.LTS\lib\armv6m-ti-none-eabi\c\</path>
         <kind>archive</kind>
         <file>libc.a</file>
         <name>copy_decompress_lzss.c.obj</name>
      </input_file>
      <input_file id="fl-3c">
         <path>F:\TI\ccstheia\ccs\tools\compiler\ti-cgt-armllvm_4.0.4.LTS\lib\armv6m-ti-none-eabi\c\</path>
         <kind>archive</kind>
         <file>libc.a</file>
         <name>exit.c.obj</name>
      </input_file>
      <input_file id="fl-3d">
         <path>F:\TI\ccstheia\ccs\tools\compiler\ti-cgt-armllvm_4.0.4.LTS\lib\armv6m-ti-none-eabi\c\</path>
         <kind>archive</kind>
         <file>libc.a</file>
         <name>_lock.c.obj</name>
      </input_file>
      <input_file id="fl-3e">
         <path>F:\TI\ccstheia\ccs\tools\compiler\ti-cgt-armllvm_4.0.4.LTS\lib\armv6m-ti-none-eabi\c\</path>
         <kind>archive</kind>
         <file>libc.a</file>
         <name>args_main.c.obj</name>
      </input_file>
      <input_file id="fl-de">
         <path>F:\TI\ccstheia\ccs\tools\compiler\ti-cgt-armllvm_4.0.4.LTS\lib\armv6m-ti-none-eabi\c\</path>
         <kind>archive</kind>
         <file>libsysbm.a</file>
         <name>hostexit.c.obj</name>
      </input_file>
      <input_file id="fl-df">
         <path>F:\TI\ccstheia\ccs\tools\compiler\ti-cgt-armllvm_4.0.4.LTS\lib\armv6m-ti-none-eabi\</path>
         <kind>archive</kind>
         <file>libclang_rt.builtins.a</file>
         <name>addsf3.S.obj</name>
      </input_file>
      <input_file id="fl-e0">
         <path>F:\TI\ccstheia\ccs\tools\compiler\ti-cgt-armllvm_4.0.4.LTS\lib\armv6m-ti-none-eabi\</path>
         <kind>archive</kind>
         <file>libclang_rt.builtins.a</file>
         <name>mulsf3.S.obj</name>
      </input_file>
      <input_file id="fl-e1">
         <path>F:\TI\ccstheia\ccs\tools\compiler\ti-cgt-armllvm_4.0.4.LTS\lib\armv6m-ti-none-eabi\</path>
         <kind>archive</kind>
         <file>libclang_rt.builtins.a</file>
         <name>divsf3.S.obj</name>
      </input_file>
      <input_file id="fl-e2">
         <path>F:\TI\ccstheia\ccs\tools\compiler\ti-cgt-armllvm_4.0.4.LTS\lib\armv6m-ti-none-eabi\</path>
         <kind>archive</kind>
         <file>libclang_rt.builtins.a</file>
         <name>fixsfsi.S.obj</name>
      </input_file>
      <input_file id="fl-e3">
         <path>F:\TI\ccstheia\ccs\tools\compiler\ti-cgt-armllvm_4.0.4.LTS\lib\armv6m-ti-none-eabi\</path>
         <kind>archive</kind>
         <file>libclang_rt.builtins.a</file>
         <name>fixunssfsi.S.obj</name>
      </input_file>
      <input_file id="fl-e4">
         <path>F:\TI\ccstheia\ccs\tools\compiler\ti-cgt-armllvm_4.0.4.LTS\lib\armv6m-ti-none-eabi\</path>
         <kind>archive</kind>
         <file>libclang_rt.builtins.a</file>
         <name>floatsisf.S.obj</name>
      </input_file>
      <input_file id="fl-e5">
         <path>F:\TI\ccstheia\ccs\tools\compiler\ti-cgt-armllvm_4.0.4.LTS\lib\armv6m-ti-none-eabi\</path>
         <kind>archive</kind>
         <file>libclang_rt.builtins.a</file>
         <name>floatunsisf.S.obj</name>
      </input_file>
      <input_file id="fl-e6">
         <path>F:\TI\ccstheia\ccs\tools\compiler\ti-cgt-armllvm_4.0.4.LTS\lib\armv6m-ti-none-eabi\</path>
         <kind>archive</kind>
         <file>libclang_rt.builtins.a</file>
         <name>aeabi_fcmp.S.obj</name>
      </input_file>
      <input_file id="fl-e7">
         <path>F:\TI\ccstheia\ccs\tools\compiler\ti-cgt-armllvm_4.0.4.LTS\lib\armv6m-ti-none-eabi\</path>
         <kind>archive</kind>
         <file>libclang_rt.builtins.a</file>
         <name>aeabi_idivmod.S.obj</name>
      </input_file>
      <input_file id="fl-e8">
         <path>F:\TI\ccstheia\ccs\tools\compiler\ti-cgt-armllvm_4.0.4.LTS\lib\armv6m-ti-none-eabi\</path>
         <kind>archive</kind>
         <file>libclang_rt.builtins.a</file>
         <name>aeabi_memcpy.S.obj</name>
      </input_file>
      <input_file id="fl-e9">
         <path>F:\TI\ccstheia\ccs\tools\compiler\ti-cgt-armllvm_4.0.4.LTS\lib\armv6m-ti-none-eabi\</path>
         <kind>archive</kind>
         <file>libclang_rt.builtins.a</file>
         <name>aeabi_memset.S.obj</name>
      </input_file>
      <input_file id="fl-ea">
         <path>F:\TI\ccstheia\ccs\tools\compiler\ti-cgt-armllvm_4.0.4.LTS\lib\armv6m-ti-none-eabi\</path>
         <kind>archive</kind>
         <file>libclang_rt.builtins.a</file>
         <name>aeabi_uidivmod.S.obj</name>
      </input_file>
      <input_file id="fl-eb">
         <path>F:\TI\ccstheia\ccs\tools\compiler\ti-cgt-armllvm_4.0.4.LTS\lib\armv6m-ti-none-eabi\</path>
         <kind>archive</kind>
         <file>libclang_rt.builtins.a</file>
         <name>comparesf2.S.obj</name>
      </input_file>
      <input_file id="fl-ec">
         <path>F:\TI\ccstheia\ccs\tools\compiler\ti-cgt-armllvm_4.0.4.LTS\lib\armv6m-ti-none-eabi\</path>
         <kind>archive</kind>
         <file>libclang_rt.builtins.a</file>
         <name>muldsi3.S.obj</name>
      </input_file>
      <input_file id="fl-ed">
         <path>F:\TI\ccstheia\ccs\tools\compiler\ti-cgt-armllvm_4.0.4.LTS\lib\armv6m-ti-none-eabi\</path>
         <kind>archive</kind>
         <file>libclang_rt.builtins.a</file>
         <name>aeabi_div0.c.obj</name>
      </input_file>
      <input_file id="fl-ee">
         <path>F:\TI\ccstheia\ccs\tools\compiler\ti-cgt-armllvm_4.0.4.LTS\lib\armv6m-ti-none-eabi\c\</path>
         <kind>archive</kind>
         <file>libc.a</file>
         <name>memcpy16.S.obj</name>
      </input_file>
      <input_file id="fl-ef">
         <path>F:\TI\ccstheia\ccs\tools\compiler\ti-cgt-armllvm_4.0.4.LTS\lib\armv6m-ti-none-eabi\c\</path>
         <kind>archive</kind>
         <file>libc.a</file>
         <name>memset16.S.obj</name>
      </input_file>
   </input_file_list>
   <object_component_list>
      <object_component id="oc-18">
         <name>.intvecs</name>
         <load_address>0x0</load_address>
         <readonly>true</readonly>
         <run_address>0x0</run_address>
         <size>0xc0</size>
         <alignment>0x4</alignment>
         <input_file_ref idref="fl-8"/>
      </object_component>
      <object_component id="oc-1d9">
         <name>.text.Debug_UART_SendStatus</name>
         <load_address>0xc0</load_address>
         <readonly>true</readonly>
         <executable>true</executable>
         <run_address>0xc0</run_address>
         <size>0x1814</size>
         <alignment>0x4</alignment>
         <input_file_ref idref="fl-4"/>
      </object_component>
      <object_component id="oc-167">
         <name>.text.Debug_UART_ProcessRx</name>
         <load_address>0x18d4</load_address>
         <readonly>true</readonly>
         <executable>true</executable>
         <run_address>0x18d4</run_address>
         <size>0x16ac</size>
         <alignment>0x4</alignment>
         <input_file_ref idref="fl-4"/>
      </object_component>
      <object_component id="oc-77">
         <name>.text.Car_ControlStep</name>
         <load_address>0x2f80</load_address>
         <readonly>true</readonly>
         <executable>true</executable>
         <run_address>0x2f80</run_address>
         <size>0x6b4</size>
         <alignment>0x4</alignment>
         <input_file_ref idref="fl-2"/>
      </object_component>
      <object_component id="oc-14d">
         <name>.text.OLED_DrawProblemSelect</name>
         <load_address>0x3634</load_address>
         <readonly>true</readonly>
         <executable>true</executable>
         <run_address>0x3634</run_address>
         <size>0x650</size>
         <alignment>0x4</alignment>
         <input_file_ref idref="fl-b"/>
      </object_component>
      <object_component id="oc-209">
         <name>.text.Debug_UART_AppendFloat</name>
         <load_address>0x3c84</load_address>
         <readonly>true</readonly>
         <executable>true</executable>
         <run_address>0x3c84</run_address>
         <size>0x264</size>
         <alignment>0x4</alignment>
         <input_file_ref idref="fl-4"/>
      </object_component>
      <object_component id="oc-143">
         <name>.text.Board_I2C_ReadRegs</name>
         <load_address>0x3ee8</load_address>
         <readonly>true</readonly>
         <executable>true</executable>
         <run_address>0x3ee8</run_address>
         <size>0x260</size>
         <alignment>0x4</alignment>
         <input_file_ref idref="fl-1"/>
      </object_component>
      <object_component id="oc-1ca">
         <name>.text.Debug_UART_ParseFloatList</name>
         <load_address>0x4148</load_address>
         <readonly>true</readonly>
         <executable>true</executable>
         <run_address>0x4148</run_address>
         <size>0x248</size>
         <alignment>0x4</alignment>
         <input_file_ref idref="fl-4"/>
      </object_component>
      <object_component id="oc-1c9">
         <name>.text.Debug_UART_SendOkInt</name>
         <load_address>0x4390</load_address>
         <readonly>true</readonly>
         <executable>true</executable>
         <run_address>0x4390</run_address>
         <size>0x234</size>
         <alignment>0x4</alignment>
         <input_file_ref idref="fl-4"/>
      </object_component>
      <object_component id="oc-1a4">
         <name>.text.OLED_Update</name>
         <load_address>0x45c4</load_address>
         <readonly>true</readonly>
         <executable>true</executable>
         <run_address>0x45c4</run_address>
         <size>0x228</size>
         <alignment>0x4</alignment>
         <input_file_ref idref="fl-b"/>
      </object_component>
      <object_component id="oc-1be">
         <name>.text.Debug_UART_ParseFloat</name>
         <load_address>0x47ec</load_address>
         <readonly>true</readonly>
         <executable>true</executable>
         <run_address>0x47ec</run_address>
         <size>0x1d4</size>
         <alignment>0x4</alignment>
         <input_file_ref idref="fl-4"/>
      </object_component>
      <object_component id="oc-168">
         <name>.text.vofa_speed_send</name>
         <load_address>0x49c0</load_address>
         <readonly>true</readonly>
         <executable>true</executable>
         <run_address>0x49c0</run_address>
         <size>0x1c0</size>
         <alignment>0x4</alignment>
         <input_file_ref idref="fl-4"/>
      </object_component>
      <object_component id="oc-13d">
         <name>.text.OLED_TryInitialize</name>
         <load_address>0x4b80</load_address>
         <readonly>true</readonly>
         <executable>true</executable>
         <run_address>0x4b80</run_address>
         <size>0x1bc</size>
         <alignment>0x4</alignment>
         <input_file_ref idref="fl-b"/>
      </object_component>
      <object_component id="oc-16a">
         <name>.text.vofa_line_send</name>
         <load_address>0x4d3c</load_address>
         <readonly>true</readonly>
         <executable>true</executable>
         <run_address>0x4d3c</run_address>
         <size>0x1bc</size>
         <alignment>0x4</alignment>
         <input_file_ref idref="fl-4"/>
      </object_component>
      <object_component id="oc-169">
         <name>.text.vofa_gyro_send</name>
         <load_address>0x4ef8</load_address>
         <readonly>true</readonly>
         <executable>true</executable>
         <run_address>0x4ef8</run_address>
         <size>0x1ac</size>
         <alignment>0x4</alignment>
         <input_file_ref idref="fl-4"/>
      </object_component>
      <object_component id="oc-99">
         <name>.text.LineTracker_Update</name>
         <load_address>0x50a4</load_address>
         <readonly>true</readonly>
         <executable>true</executable>
         <run_address>0x50a4</run_address>
         <size>0x1a4</size>
         <alignment>0x4</alignment>
         <input_file_ref idref="fl-9"/>
      </object_component>
      <object_component id="oc-14c">
         <name>.text.OLED_DrawProblemSelected</name>
         <load_address>0x5248</load_address>
         <readonly>true</readonly>
         <executable>true</executable>
         <run_address>0x5248</run_address>
         <size>0x188</size>
         <alignment>0x4</alignment>
         <input_file_ref idref="fl-b"/>
      </object_component>
      <object_component id="oc-16b">
         <name>.text.vofa_test_send</name>
         <load_address>0x53d0</load_address>
         <readonly>true</readonly>
         <executable>true</executable>
         <run_address>0x53d0</run_address>
         <size>0x16c</size>
         <alignment>0x4</alignment>
         <input_file_ref idref="fl-4"/>
      </object_component>
      <object_component id="oc-1ac">
         <name>.text.Board_I2C_WriteByteStream</name>
         <load_address>0x553c</load_address>
         <readonly>true</readonly>
         <executable>true</executable>
         <run_address>0x553c</run_address>
         <size>0x150</size>
         <alignment>0x4</alignment>
         <input_file_ref idref="fl-1"/>
      </object_component>
      <object_component id="oc-a0">
         <name>.text.Car_RightAngleRecoveryStep</name>
         <load_address>0x568c</load_address>
         <readonly>true</readonly>
         <executable>true</executable>
         <run_address>0x568c</run_address>
         <size>0x120</size>
         <alignment>0x4</alignment>
         <input_file_ref idref="fl-2"/>
      </object_component>
      <object_component id="oc-1bf">
         <name>.text.Debug_UART_SendOkFloat</name>
         <load_address>0x57ac</load_address>
         <readonly>true</readonly>
         <executable>true</executable>
         <run_address>0x57ac</run_address>
         <size>0x120</size>
         <alignment>0x4</alignment>
         <input_file_ref idref="fl-4"/>
      </object_component>
      <object_component id="oc-9f">
         <name>.text.Car_PidStep</name>
         <load_address>0x58cc</load_address>
         <readonly>true</readonly>
         <executable>true</executable>
         <run_address>0x58cc</run_address>
         <size>0x110</size>
         <alignment>0x4</alignment>
         <input_file_ref idref="fl-2"/>
      </object_component>
      <object_component id="oc-d5">
         <name>.text.MPU6050_Init</name>
         <load_address>0x59dc</load_address>
         <readonly>true</readonly>
         <executable>true</executable>
         <run_address>0x59dc</run_address>
         <size>0x10c</size>
         <alignment>0x4</alignment>
         <input_file_ref idref="fl-a"/>
      </object_component>
      <object_component id="oc-138">
         <name>.text.Car_Stop</name>
         <load_address>0x5ae8</load_address>
         <readonly>true</readonly>
         <executable>true</executable>
         <run_address>0x5ae8</run_address>
         <size>0x104</size>
         <alignment>0x4</alignment>
         <input_file_ref idref="fl-2"/>
      </object_component>
      <object_component id="oc-188">
         <name>.text.DL_Timer_initFourCCPWMMode</name>
         <load_address>0x5bec</load_address>
         <readonly>true</readonly>
         <executable>true</executable>
         <run_address>0x5bec</run_address>
         <size>0x104</size>
         <alignment>0x4</alignment>
         <input_file_ref idref="fl-1c"/>
      </object_component>
      <object_component id="oc-bc">
         <name>.text.Car_LinePidStep</name>
         <load_address>0x5cf0</load_address>
         <readonly>true</readonly>
         <executable>true</executable>
         <run_address>0x5cf0</run_address>
         <size>0x100</size>
         <alignment>0x4</alignment>
         <input_file_ref idref="fl-2"/>
      </object_component>
      <object_component id="oc-18e">
         <name>.text.DL_Timer_initTimerMode</name>
         <load_address>0x5df0</load_address>
         <readonly>true</readonly>
         <executable>true</executable>
         <run_address>0x5df0</run_address>
         <size>0xfc</size>
         <alignment>0x4</alignment>
         <input_file_ref idref="fl-1c"/>
      </object_component>
      <object_component id="oc-126">
         <name>.text.SYSCFG_DL_GPIO_init</name>
         <load_address>0x5eec</load_address>
         <readonly>true</readonly>
         <executable>true</executable>
         <run_address>0x5eec</run_address>
         <size>0xf8</size>
         <alignment>0x4</alignment>
         <input_file_ref idref="fl-7"/>
      </object_component>
      <object_component id="oc-b7">
         <name>.text.Car_RightAngleApproachStep</name>
         <load_address>0x5fe4</load_address>
         <readonly>true</readonly>
         <executable>true</executable>
         <run_address>0x5fe4</run_address>
         <size>0xf4</size>
         <alignment>0x4</alignment>
         <input_file_ref idref="fl-2"/>
      </object_component>
      <object_component id="oc-e3">
         <name>.text.ProblemMenu_Task</name>
         <load_address>0x60d8</load_address>
         <readonly>true</readonly>
         <executable>true</executable>
         <run_address>0x60d8</run_address>
         <size>0xe0</size>
         <alignment>0x4</alignment>
         <input_file_ref idref="fl-c"/>
      </object_component>
      <object_component id="oc-b3">
         <name>.text</name>
         <load_address>0x61b8</load_address>
         <readonly>true</readonly>
         <executable>true</executable>
         <run_address>0x61b8</run_address>
         <size>0xd8</size>
         <alignment>0x4</alignment>
         <input_file_ref idref="fl-df"/>
      </object_component>
      <object_component id="oc-3a">
         <name>.text.UART1_IRQHandler</name>
         <load_address>0x6290</load_address>
         <readonly>true</readonly>
         <executable>true</executable>
         <run_address>0x6290</run_address>
         <size>0xc0</size>
         <alignment>0x4</alignment>
         <input_file_ref idref="fl-4"/>
      </object_component>
      <object_component id="oc-87">
         <name>.text.main</name>
         <load_address>0x6350</load_address>
         <readonly>true</readonly>
         <executable>true</executable>
         <run_address>0x6350</run_address>
         <size>0xb8</size>
         <alignment>0x4</alignment>
         <input_file_ref idref="fl-6"/>
      </object_component>
      <object_component id="oc-14a">
         <name>.text.MPU6050_Calibrate</name>
         <load_address>0x6408</load_address>
         <readonly>true</readonly>
         <executable>true</executable>
         <run_address>0x6408</run_address>
         <size>0xb0</size>
         <alignment>0x4</alignment>
         <input_file_ref idref="fl-a"/>
      </object_component>
      <object_component id="oc-e2">
         <name>.text.EC11_Task</name>
         <load_address>0x64b8</load_address>
         <readonly>true</readonly>
         <executable>true</executable>
         <run_address>0x64b8</run_address>
         <size>0xac</size>
         <alignment>0x4</alignment>
         <input_file_ref idref="fl-5"/>
      </object_component>
      <object_component id="oc-1d1">
         <name>.text.Debug_UART_CommandEquals</name>
         <load_address>0x6564</load_address>
         <readonly>true</readonly>
         <executable>true</executable>
         <run_address>0x6564</run_address>
         <size>0xa4</size>
         <alignment>0x4</alignment>
         <input_file_ref idref="fl-4"/>
      </object_component>
      <object_component id="oc-67">
         <name>.text.EC11_HandleABInterrupt</name>
         <load_address>0x6608</load_address>
         <readonly>true</readonly>
         <executable>true</executable>
         <run_address>0x6608</run_address>
         <size>0xa4</size>
         <alignment>0x4</alignment>
         <input_file_ref idref="fl-5"/>
      </object_component>
      <object_component id="oc-df">
         <name>.text.Debug_UART_Init</name>
         <load_address>0x66ac</load_address>
         <readonly>true</readonly>
         <executable>true</executable>
         <run_address>0x66ac</run_address>
         <size>0xa0</size>
         <alignment>0x4</alignment>
         <input_file_ref idref="fl-4"/>
      </object_component>
      <object_component id="oc-e0">
         <name>.text.MPU6050_Task</name>
         <load_address>0x674c</load_address>
         <readonly>true</readonly>
         <executable>true</executable>
         <run_address>0x674c</run_address>
         <size>0x9c</size>
         <alignment>0x4</alignment>
         <input_file_ref idref="fl-a"/>
      </object_component>
      <object_component id="oc-c2">
         <name>.text:memcpy</name>
         <load_address>0x67e8</load_address>
         <readonly>true</readonly>
         <executable>true</executable>
         <run_address>0x67e8</run_address>
         <size>0x9a</size>
         <alignment>0x1</alignment>
         <input_file_ref idref="fl-ee"/>
      </object_component>
      <object_component id="oc-33">
         <name>.text.Default_Handler</name>
         <load_address>0x6882</load_address>
         <readonly>true</readonly>
         <executable>true</executable>
         <run_address>0x6882</run_address>
         <size>0x2</size>
         <alignment>0x2</alignment>
         <input_file_ref idref="fl-8"/>
      </object_component>
      <object_component id="oc-ce">
         <name>.text.Car_Init</name>
         <load_address>0x6884</load_address>
         <readonly>true</readonly>
         <executable>true</executable>
         <run_address>0x6884</run_address>
         <size>0x98</size>
         <alignment>0x4</alignment>
         <input_file_ref idref="fl-2"/>
      </object_component>
      <object_component id="oc-1bd">
         <name>.text.Debug_UART_GetArg</name>
         <load_address>0x691c</load_address>
         <readonly>true</readonly>
         <executable>true</executable>
         <run_address>0x691c</run_address>
         <size>0x98</size>
         <alignment>0x4</alignment>
         <input_file_ref idref="fl-4"/>
      </object_component>
      <object_component id="oc-129">
         <name>.text.SYSCFG_DL_PWM_0_init</name>
         <load_address>0x69b4</load_address>
         <readonly>true</readonly>
         <executable>true</executable>
         <run_address>0x69b4</run_address>
         <size>0x8c</size>
         <alignment>0x4</alignment>
         <input_file_ref idref="fl-7"/>
      </object_component>
      <object_component id="oc-ab">
         <name>.text.__mulsf3</name>
         <load_address>0x6a40</load_address>
         <readonly>true</readonly>
         <executable>true</executable>
         <run_address>0x6a40</run_address>
         <size>0x8c</size>
         <alignment>0x4</alignment>
         <input_file_ref idref="fl-e0"/>
      </object_component>
      <object_component id="oc-cd">
         <name>.text.EC11_Init</name>
         <load_address>0x6acc</load_address>
         <readonly>true</readonly>
         <executable>true</executable>
         <run_address>0x6acc</run_address>
         <size>0x84</size>
         <alignment>0x4</alignment>
         <input_file_ref idref="fl-5"/>
      </object_component>
      <object_component id="oc-158">
         <name>.text.__divsf3</name>
         <load_address>0x6b50</load_address>
         <readonly>true</readonly>
         <executable>true</executable>
         <run_address>0x6b50</run_address>
         <size>0x82</size>
         <alignment>0x4</alignment>
         <input_file_ref idref="fl-e1"/>
      </object_component>
      <object_component id="oc-1fa">
         <name>.text.Problem1_Exit</name>
         <load_address>0x6bd2</load_address>
         <readonly>true</readonly>
         <executable>true</executable>
         <run_address>0x6bd2</run_address>
         <size>0x2</size>
         <alignment>0x2</alignment>
         <input_file_ref idref="fl-3"/>
      </object_component>
      <object_component id="oc-1c">
         <name>.text:decompress:lzss</name>
         <load_address>0x6bd4</load_address>
         <readonly>true</readonly>
         <executable>true</executable>
         <run_address>0x6bd4</run_address>
         <size>0x7c</size>
         <alignment>0x4</alignment>
         <input_file_ref idref="fl-3b"/>
      </object_component>
      <object_component id="oc-34">
         <name>.text.GROUP1_IRQHandler</name>
         <load_address>0x6c50</load_address>
         <readonly>true</readonly>
         <executable>true</executable>
         <run_address>0x6c50</run_address>
         <size>0x70</size>
         <alignment>0x4</alignment>
         <input_file_ref idref="fl-2"/>
      </object_component>
      <object_component id="oc-12d">
         <name>.text.SYSCFG_DL_UART_DEBUG_init</name>
         <load_address>0x6cc0</load_address>
         <readonly>true</readonly>
         <executable>true</executable>
         <run_address>0x6cc0</run_address>
         <size>0x70</size>
         <alignment>0x4</alignment>
         <input_file_ref idref="fl-7"/>
      </object_component>
      <object_component id="oc-af">
         <name>.text.__aeabi_fcmp</name>
         <load_address>0x6d30</load_address>
         <readonly>true</readonly>
         <executable>true</executable>
         <run_address>0x6d30</run_address>
         <size>0x62</size>
         <alignment>0x4</alignment>
         <input_file_ref idref="fl-e6"/>
      </object_component>
      <object_component id="oc-124">
         <name>.text:memset</name>
         <load_address>0x6d92</load_address>
         <readonly>true</readonly>
         <executable>true</executable>
         <run_address>0x6d92</run_address>
         <size>0x62</size>
         <alignment>0x1</alignment>
         <input_file_ref idref="fl-ef"/>
      </object_component>
      <object_component id="oc-125">
         <name>.text.SYSCFG_DL_initPower</name>
         <load_address>0x6df4</load_address>
         <readonly>true</readonly>
         <executable>true</executable>
         <run_address>0x6df4</run_address>
         <size>0x60</size>
         <alignment>0x4</alignment>
         <input_file_ref idref="fl-7"/>
      </object_component>
      <object_component id="oc-1a8">
         <name>.text.DL_I2C_fillControllerTXFIFO</name>
         <load_address>0x6e54</load_address>
         <readonly>true</readonly>
         <executable>true</executable>
         <run_address>0x6e54</run_address>
         <size>0x5e</size>
         <alignment>0x2</alignment>
         <input_file_ref idref="fl-1b"/>
      </object_component>
      <object_component id="oc-1ff">
         <name>.text.Problem1_Task</name>
         <load_address>0x6eb2</load_address>
         <readonly>true</readonly>
         <executable>true</executable>
         <run_address>0x6eb2</run_address>
         <size>0x2</size>
         <alignment>0x2</alignment>
         <input_file_ref idref="fl-3"/>
      </object_component>
      <object_component id="oc-da">
         <name>.text.ProblemMenu_Init</name>
         <load_address>0x6eb4</load_address>
         <readonly>true</readonly>
         <executable>true</executable>
         <run_address>0x6eb4</run_address>
         <size>0x5c</size>
         <alignment>0x4</alignment>
         <input_file_ref idref="fl-c"/>
      </object_component>
      <object_component id="oc-e4">
         <name>.text.Debug_UART_Task</name>
         <load_address>0x6f10</load_address>
         <readonly>true</readonly>
         <executable>true</executable>
         <run_address>0x6f10</run_address>
         <size>0x58</size>
         <alignment>0x4</alignment>
         <input_file_ref idref="fl-4"/>
      </object_component>
      <object_component id="oc-e1">
         <name>.text.OLED_Task</name>
         <load_address>0x6f68</load_address>
         <readonly>true</readonly>
         <executable>true</executable>
         <run_address>0x6f68</run_address>
         <size>0x58</size>
         <alignment>0x4</alignment>
         <input_file_ref idref="fl-b"/>
      </object_component>
      <object_component id="oc-fe">
         <name>.text.__aeabi_idivmod</name>
         <load_address>0x6fc0</load_address>
         <readonly>true</readonly>
         <executable>true</executable>
         <run_address>0x6fc0</run_address>
         <size>0x56</size>
         <alignment>0x4</alignment>
         <input_file_ref idref="fl-e7"/>
      </object_component>
      <object_component id="oc-1fb">
         <name>.text.Problem2_Exit</name>
         <load_address>0x7016</load_address>
         <readonly>true</readonly>
         <executable>true</executable>
         <run_address>0x7016</run_address>
         <size>0x2</size>
         <alignment>0x2</alignment>
         <input_file_ref idref="fl-3"/>
      </object_component>
      <object_component id="oc-12c">
         <name>.text.SYSCFG_DL_I2C_MPU_init</name>
         <load_address>0x7018</load_address>
         <readonly>true</readonly>
         <executable>true</executable>
         <run_address>0x7018</run_address>
         <size>0x54</size>
         <alignment>0x4</alignment>
         <input_file_ref idref="fl-7"/>
      </object_component>
      <object_component id="oc-12a">
         <name>.text.SYSCFG_DL_QEI_0_init</name>
         <load_address>0x706c</load_address>
         <readonly>true</readonly>
         <executable>true</executable>
         <run_address>0x706c</run_address>
         <size>0x4c</size>
         <alignment>0x4</alignment>
         <input_file_ref idref="fl-7"/>
      </object_component>
      <object_component id="oc-19e">
         <name>.text.DL_UART_init</name>
         <load_address>0x70b8</load_address>
         <readonly>true</readonly>
         <executable>true</executable>
         <run_address>0x70b8</run_address>
         <size>0x48</size>
         <alignment>0x4</alignment>
         <input_file_ref idref="fl-1d"/>
      </object_component>
      <object_component id="oc-1b1">
         <name>.text.__aeabi_uidivmod</name>
         <load_address>0x7100</load_address>
         <readonly>true</readonly>
         <executable>true</executable>
         <run_address>0x7100</run_address>
         <size>0x40</size>
         <alignment>0x4</alignment>
         <input_file_ref idref="fl-ea"/>
      </object_component>
      <object_component id="oc-1a6">
         <name>.text.DL_I2C_flushControllerTXFIFO</name>
         <load_address>0x7140</load_address>
         <readonly>true</readonly>
         <executable>true</executable>
         <run_address>0x7140</run_address>
         <size>0x3c</size>
         <alignment>0x4</alignment>
         <input_file_ref idref="fl-1b"/>
      </object_component>
      <object_component id="oc-c7">
         <name>.text.SYSCFG_DL_init</name>
         <load_address>0x717c</load_address>
         <readonly>true</readonly>
         <executable>true</executable>
         <run_address>0x717c</run_address>
         <size>0x3c</size>
         <alignment>0x4</alignment>
         <input_file_ref idref="fl-7"/>
      </object_component>
      <object_component id="oc-104">
         <name>.text.__floatsisf</name>
         <load_address>0x71b8</load_address>
         <readonly>true</readonly>
         <executable>true</executable>
         <run_address>0x71b8</run_address>
         <size>0x3c</size>
         <alignment>0x4</alignment>
         <input_file_ref idref="fl-e4"/>
      </object_component>
      <object_component id="oc-119">
         <name>.text.__gtsf2</name>
         <load_address>0x71f4</load_address>
         <readonly>true</readonly>
         <executable>true</executable>
         <run_address>0x71f4</run_address>
         <size>0x3c</size>
         <alignment>0x4</alignment>
         <input_file_ref idref="fl-eb"/>
      </object_component>
      <object_component id="oc-ec">
         <name>.text:__TI_auto_init_nobinit_nopinit</name>
         <load_address>0x7230</load_address>
         <readonly>true</readonly>
         <executable>true</executable>
         <run_address>0x7230</run_address>
         <size>0x3c</size>
         <alignment>0x4</alignment>
         <input_file_ref idref="fl-36"/>
      </object_component>
      <object_component id="oc-114">
         <name>.text.__eqsf2</name>
         <load_address>0x726c</load_address>
         <readonly>true</readonly>
         <executable>true</executable>
         <run_address>0x726c</run_address>
         <size>0x3a</size>
         <alignment>0x4</alignment>
         <input_file_ref idref="fl-eb"/>
      </object_component>
      <object_component id="oc-200">
         <name>.text.Problem2_Task</name>
         <load_address>0x72a6</load_address>
         <readonly>true</readonly>
         <executable>true</executable>
         <run_address>0x72a6</run_address>
         <size>0x2</size>
         <alignment>0x2</alignment>
         <input_file_ref idref="fl-3"/>
      </object_component>
      <object_component id="oc-10f">
         <name>.text.__muldsi3</name>
         <load_address>0x72a8</load_address>
         <readonly>true</readonly>
         <executable>true</executable>
         <run_address>0x72a8</run_address>
         <size>0x3a</size>
         <alignment>0x4</alignment>
         <input_file_ref idref="fl-ec"/>
      </object_component>
      <object_component id="oc-1fc">
         <name>.text.Problem3_Exit</name>
         <load_address>0x72e2</load_address>
         <readonly>true</readonly>
         <executable>true</executable>
         <run_address>0x72e2</run_address>
         <size>0x2</size>
         <alignment>0x2</alignment>
         <input_file_ref idref="fl-3"/>
      </object_component>
      <object_component id="oc-1a9">
         <name>.text.Board_I2C_RecoverBus</name>
         <load_address>0x72e4</load_address>
         <readonly>true</readonly>
         <executable>true</executable>
         <run_address>0x72e4</run_address>
         <size>0x38</size>
         <alignment>0x4</alignment>
         <input_file_ref idref="fl-1"/>
      </object_component>
      <object_component id="oc-12b">
         <name>.text.SYSCFG_DL_TIMER_CONTROL_init</name>
         <load_address>0x731c</load_address>
         <readonly>true</readonly>
         <executable>true</executable>
         <run_address>0x731c</run_address>
         <size>0x38</size>
         <alignment>0x4</alignment>
         <input_file_ref idref="fl-7"/>
      </object_component>
      <object_component id="oc-108">
         <name>.text.__fixsfsi</name>
         <load_address>0x7354</load_address>
         <readonly>true</readonly>
         <executable>true</executable>
         <run_address>0x7354</run_address>
         <size>0x38</size>
         <alignment>0x4</alignment>
         <input_file_ref idref="fl-e2"/>
      </object_component>
      <object_component id="oc-cf">
         <name>.text.OLED_Init</name>
         <load_address>0x738c</load_address>
         <readonly>true</readonly>
         <executable>true</executable>
         <run_address>0x738c</run_address>
         <size>0x34</size>
         <alignment>0x4</alignment>
         <input_file_ref idref="fl-b"/>
      </object_component>
      <object_component id="oc-20b">
         <name>.text.__fixunssfsi</name>
         <load_address>0x73c0</load_address>
         <readonly>true</readonly>
         <executable>true</executable>
         <run_address>0x73c0</run_address>
         <size>0x32</size>
         <alignment>0x4</alignment>
         <input_file_ref idref="fl-e3"/>
      </object_component>
      <object_component id="oc-201">
         <name>.text.Problem3_Task</name>
         <load_address>0x73f2</load_address>
         <readonly>true</readonly>
         <executable>true</executable>
         <run_address>0x73f2</run_address>
         <size>0x2</size>
         <alignment>0x2</alignment>
         <input_file_ref idref="fl-3"/>
      </object_component>
      <object_component id="oc-1a7">
         <name>.text.DL_I2C_flushControllerRXFIFO</name>
         <load_address>0x73f4</load_address>
         <readonly>true</readonly>
         <executable>true</executable>
         <run_address>0x73f4</run_address>
         <size>0x30</size>
         <alignment>0x4</alignment>
         <input_file_ref idref="fl-1b"/>
      </object_component>
      <object_component id="oc-1bb">
         <name>.text.DL_UART_transmitDataBlocking</name>
         <load_address>0x7424</load_address>
         <readonly>true</readonly>
         <executable>true</executable>
         <run_address>0x7424</run_address>
         <size>0x30</size>
         <alignment>0x4</alignment>
         <input_file_ref idref="fl-1d"/>
      </object_component>
      <object_component id="oc-127">
         <name>.text.SYSCFG_DL_SYSCTL_init</name>
         <load_address>0x7454</load_address>
         <readonly>true</readonly>
         <executable>true</executable>
         <run_address>0x7454</run_address>
         <size>0x30</size>
         <alignment>0x4</alignment>
         <input_file_ref idref="fl-7"/>
      </object_component>
      <object_component id="oc-a7">
         <name>.text.__floatunsisf</name>
         <load_address>0x7484</load_address>
         <readonly>true</readonly>
         <executable>true</executable>
         <run_address>0x7484</run_address>
         <size>0x28</size>
         <alignment>0x4</alignment>
         <input_file_ref idref="fl-e5"/>
      </object_component>
      <object_component id="oc-60">
         <name>.text:_c_int00_noargs</name>
         <load_address>0x74ac</load_address>
         <readonly>true</readonly>
         <executable>true</executable>
         <run_address>0x74ac</run_address>
         <size>0x28</size>
         <alignment>0x4</alignment>
         <input_file_ref idref="fl-34"/>
      </object_component>
      <object_component id="oc-191">
         <name>.text.DL_I2C_setClockConfig</name>
         <load_address>0x74d4</load_address>
         <readonly>true</readonly>
         <executable>true</executable>
         <run_address>0x74d4</run_address>
         <size>0x26</size>
         <alignment>0x2</alignment>
         <input_file_ref idref="fl-1b"/>
      </object_component>
      <object_component id="oc-1fd">
         <name>.text.Problem4_Exit</name>
         <load_address>0x74fa</load_address>
         <readonly>true</readonly>
         <executable>true</executable>
         <run_address>0x74fa</run_address>
         <size>0x2</size>
         <alignment>0x2</alignment>
         <input_file_ref idref="fl-3"/>
      </object_component>
      <object_component id="oc-15f">
         <name>.text.CompetitionTasks_Exit</name>
         <load_address>0x74fc</load_address>
         <readonly>true</readonly>
         <executable>true</executable>
         <run_address>0x74fc</run_address>
         <size>0x24</size>
         <alignment>0x4</alignment>
         <input_file_ref idref="fl-3"/>
      </object_component>
      <object_component id="oc-1d8">
         <name>.text.Car_StartLineFollow</name>
         <load_address>0x7520</load_address>
         <readonly>true</readonly>
         <executable>true</executable>
         <run_address>0x7520</run_address>
         <size>0x20</size>
         <alignment>0x4</alignment>
         <input_file_ref idref="fl-2"/>
      </object_component>
      <object_component id="oc-166">
         <name>.text.CompetitionTasks_Enter</name>
         <load_address>0x7540</load_address>
         <readonly>true</readonly>
         <executable>true</executable>
         <run_address>0x7540</run_address>
         <size>0x20</size>
         <alignment>0x4</alignment>
         <input_file_ref idref="fl-3"/>
      </object_component>
      <object_component id="oc-165">
         <name>.text.CompetitionTasks_Task</name>
         <load_address>0x7560</load_address>
         <readonly>true</readonly>
         <executable>true</executable>
         <run_address>0x7560</run_address>
         <size>0x20</size>
         <alignment>0x4</alignment>
         <input_file_ref idref="fl-3"/>
      </object_component>
      <object_component id="oc-18a">
         <name>.text.DL_Timer_setCaptCompUpdateMethod</name>
         <load_address>0x7580</load_address>
         <readonly>true</readonly>
         <executable>true</executable>
         <run_address>0x7580</run_address>
         <size>0x1c</size>
         <alignment>0x4</alignment>
         <input_file_ref idref="fl-1c"/>
      </object_component>
      <object_component id="oc-187">
         <name>.text.DL_Timer_setClockConfig</name>
         <load_address>0x759c</load_address>
         <readonly>true</readonly>
         <executable>true</executable>
         <run_address>0x759c</run_address>
         <size>0x1c</size>
         <alignment>0x4</alignment>
         <input_file_ref idref="fl-1c"/>
      </object_component>
      <object_component id="oc-15e">
         <name>.text.EC11_GetButtonEvent</name>
         <load_address>0x75b8</load_address>
         <readonly>true</readonly>
         <executable>true</executable>
         <run_address>0x75b8</run_address>
         <size>0x1c</size>
         <alignment>0x4</alignment>
         <input_file_ref idref="fl-5"/>
      </object_component>
      <object_component id="oc-15d">
         <name>.text.EC11_GetDelta</name>
         <load_address>0x75d4</load_address>
         <readonly>true</readonly>
         <executable>true</executable>
         <run_address>0x75d4</run_address>
         <size>0x1c</size>
         <alignment>0x4</alignment>
         <input_file_ref idref="fl-5"/>
      </object_component>
      <object_component id="oc-189">
         <name>.text.DL_Timer_setCaptureCompareOutCtl</name>
         <load_address>0x75f0</load_address>
         <readonly>true</readonly>
         <executable>true</executable>
         <run_address>0x75f0</run_address>
         <size>0x18</size>
         <alignment>0x4</alignment>
         <input_file_ref idref="fl-1c"/>
      </object_component>
      <object_component id="oc-40">
         <name>.text.TIMG12_IRQHandler</name>
         <load_address>0x7608</load_address>
         <readonly>true</readonly>
         <executable>true</executable>
         <run_address>0x7608</run_address>
         <size>0x18</size>
         <alignment>0x4</alignment>
         <input_file_ref idref="fl-6"/>
      </object_component>
      <object_component id="oc-15c">
         <name>.text.Board_I2C_Write</name>
         <load_address>0x7620</load_address>
         <readonly>true</readonly>
         <executable>true</executable>
         <run_address>0x7620</run_address>
         <size>0x16</size>
         <alignment>0x2</alignment>
         <input_file_ref idref="fl-1"/>
      </object_component>
      <object_component id="oc-149">
         <name>.text.Board_I2C_WriteReg</name>
         <load_address>0x7636</load_address>
         <readonly>true</readonly>
         <executable>true</executable>
         <run_address>0x7636</run_address>
         <size>0x16</size>
         <alignment>0x2</alignment>
         <input_file_ref idref="fl-1"/>
      </object_component>
      <object_component id="oc-198">
         <name>.text.DL_UART_setClockConfig</name>
         <load_address>0x764c</load_address>
         <readonly>true</readonly>
         <executable>true</executable>
         <run_address>0x764c</run_address>
         <size>0x12</size>
         <alignment>0x2</alignment>
         <input_file_ref idref="fl-1d"/>
      </object_component>
      <object_component id="oc-20">
         <name>.text:decompress:none</name>
         <load_address>0x765e</load_address>
         <readonly>true</readonly>
         <executable>true</executable>
         <run_address>0x765e</run_address>
         <size>0x12</size>
         <alignment>0x2</alignment>
         <input_file_ref idref="fl-3a"/>
      </object_component>
      <object_component id="oc-a1">
         <name>.text.DL_Timer_setCaptureCompareValue</name>
         <load_address>0x7670</load_address>
         <readonly>true</readonly>
         <executable>true</executable>
         <run_address>0x7670</run_address>
         <size>0x10</size>
         <alignment>0x4</alignment>
         <input_file_ref idref="fl-1c"/>
      </object_component>
      <object_component id="oc-5d">
         <name>.text:decompress:ZI</name>
         <load_address>0x7680</load_address>
         <readonly>true</readonly>
         <executable>true</executable>
         <run_address>0x7680</run_address>
         <size>0x10</size>
         <alignment>0x2</alignment>
         <input_file_ref idref="fl-39"/>
      </object_component>
      <object_component id="oc-20f">
         <name>.text.__aeabi_memset</name>
         <load_address>0x7690</load_address>
         <readonly>true</readonly>
         <executable>true</executable>
         <run_address>0x7690</run_address>
         <size>0xe</size>
         <alignment>0x4</alignment>
         <input_file_ref idref="fl-e9"/>
      </object_component>
      <object_component id="oc-202">
         <name>.text.Problem4_Task</name>
         <load_address>0x769e</load_address>
         <readonly>true</readonly>
         <executable>true</executable>
         <run_address>0x769e</run_address>
         <size>0x2</size>
         <alignment>0x2</alignment>
         <input_file_ref idref="fl-3"/>
      </object_component>
      <object_component id="oc-7e">
         <name>.text.__aeabi_memclr</name>
         <load_address>0x76a0</load_address>
         <readonly>true</readonly>
         <executable>true</executable>
         <run_address>0x76a0</run_address>
         <size>0xc</size>
         <alignment>0x4</alignment>
         <input_file_ref idref="fl-e9"/>
      </object_component>
      <object_component id="oc-139">
         <name>.text.DL_Common_delayCycles</name>
         <load_address>0x76ac</load_address>
         <readonly>true</readonly>
         <executable>true</executable>
         <run_address>0x76ac</run_address>
         <size>0xa</size>
         <alignment>0x2</alignment>
         <input_file_ref idref="fl-1a"/>
      </object_component>
      <object_component id="oc-cc">
         <name>.text.LineTracker_Init</name>
         <load_address>0x76b6</load_address>
         <readonly>true</readonly>
         <executable>true</executable>
         <run_address>0x76b6</run_address>
         <size>0x8</size>
         <alignment>0x2</alignment>
         <input_file_ref idref="fl-9"/>
      </object_component>
      <object_component id="oc-204">
         <name>.text.Problem1_Enter</name>
         <load_address>0x76be</load_address>
         <readonly>true</readonly>
         <executable>true</executable>
         <run_address>0x76be</run_address>
         <size>0x8</size>
         <alignment>0x2</alignment>
         <input_file_ref idref="fl-3"/>
      </object_component>
      <object_component id="oc-205">
         <name>.text.Problem2_Enter</name>
         <load_address>0x76c6</load_address>
         <readonly>true</readonly>
         <executable>true</executable>
         <run_address>0x76c6</run_address>
         <size>0x8</size>
         <alignment>0x2</alignment>
         <input_file_ref idref="fl-3"/>
      </object_component>
      <object_component id="oc-206">
         <name>.text.Problem3_Enter</name>
         <load_address>0x76ce</load_address>
         <readonly>true</readonly>
         <executable>true</executable>
         <run_address>0x76ce</run_address>
         <size>0x8</size>
         <alignment>0x2</alignment>
         <input_file_ref idref="fl-3"/>
      </object_component>
      <object_component id="oc-207">
         <name>.text.Problem4_Enter</name>
         <load_address>0x76d6</load_address>
         <readonly>true</readonly>
         <executable>true</executable>
         <run_address>0x76d6</run_address>
         <size>0x8</size>
         <alignment>0x2</alignment>
         <input_file_ref idref="fl-3"/>
      </object_component>
      <object_component id="oc-208">
         <name>.text.Problem5_Enter</name>
         <load_address>0x76de</load_address>
         <readonly>true</readonly>
         <executable>true</executable>
         <run_address>0x76de</run_address>
         <size>0x8</size>
         <alignment>0x2</alignment>
         <input_file_ref idref="fl-3"/>
      </object_component>
      <object_component id="oc-1fe">
         <name>.text.Problem5_Exit</name>
         <load_address>0x76e6</load_address>
         <readonly>true</readonly>
         <executable>true</executable>
         <run_address>0x76e6</run_address>
         <size>0x2</size>
         <alignment>0x2</alignment>
         <input_file_ref idref="fl-3"/>
      </object_component>
      <object_component id="oc-50">
         <name>.text.__aeabi_memcpy</name>
         <load_address>0x76e8</load_address>
         <readonly>true</readonly>
         <executable>true</executable>
         <run_address>0x76e8</run_address>
         <size>0x8</size>
         <alignment>0x4</alignment>
         <input_file_ref idref="fl-e8"/>
      </object_component>
      <object_component id="oc-e5">
         <name>.text:abort</name>
         <load_address>0x76f0</load_address>
         <readonly>true</readonly>
         <executable>true</executable>
         <run_address>0x76f0</run_address>
         <size>0x6</size>
         <alignment>0x2</alignment>
         <input_file_ref idref="fl-3c"/>
      </object_component>
      <object_component id="oc-16c">
         <name>.text.HOSTexit</name>
         <load_address>0x76f6</load_address>
         <readonly>true</readonly>
         <executable>true</executable>
         <run_address>0x76f6</run_address>
         <size>0x4</size>
         <alignment>0x2</alignment>
         <input_file_ref idref="fl-de"/>
      </object_component>
      <object_component id="oc-2f">
         <name>.text.Reset_Handler</name>
         <load_address>0x76fa</load_address>
         <readonly>true</readonly>
         <executable>true</executable>
         <run_address>0x76fa</run_address>
         <size>0x4</size>
         <alignment>0x2</alignment>
         <input_file_ref idref="fl-8"/>
      </object_component>
      <object_component id="oc-83">
         <name>.text._system_pre_init</name>
         <load_address>0x76fe</load_address>
         <readonly>true</readonly>
         <executable>true</executable>
         <run_address>0x76fe</run_address>
         <size>0x4</size>
         <alignment>0x2</alignment>
         <input_file_ref idref="fl-37"/>
      </object_component>
      <object_component id="oc-203">
         <name>.text.Problem5_Task</name>
         <load_address>0x7702</load_address>
         <readonly>true</readonly>
         <executable>true</executable>
         <run_address>0x7702</run_address>
         <size>0x2</size>
         <alignment>0x2</alignment>
         <input_file_ref idref="fl-3"/>
      </object_component>
      <object_component id="oc-17c">
         <name>.text.__aeabi_idiv0</name>
         <load_address>0x7704</load_address>
         <readonly>true</readonly>
         <executable>true</executable>
         <run_address>0x7704</run_address>
         <size>0x2</size>
         <alignment>0x2</alignment>
         <input_file_ref idref="fl-ed"/>
      </object_component>
      <object_component id="oc-252">
         <name>.cinit..data.load</name>
         <load_address>0x7b28</load_address>
         <readonly>true</readonly>
         <run_address>0x7b28</run_address>
         <size>0x9c</size>
         <alignment>0x1</alignment>
      </object_component>
      <object_component id="oc-250">
         <name>__TI_handler_table</name>
         <load_address>0x7bc4</load_address>
         <readonly>true</readonly>
         <run_address>0x7bc4</run_address>
         <size>0xc</size>
         <alignment>0x4</alignment>
      </object_component>
      <object_component id="oc-253">
         <name>.cinit..bss.load</name>
         <load_address>0x7bd0</load_address>
         <readonly>true</readonly>
         <run_address>0x7bd0</run_address>
         <size>0x8</size>
         <alignment>0x4</alignment>
      </object_component>
      <object_component id="oc-251">
         <name>__TI_cinit_table</name>
         <load_address>0x7bd8</load_address>
         <readonly>true</readonly>
         <run_address>0x7bd8</run_address>
         <size>0x10</size>
         <alignment>0x4</alignment>
      </object_component>
      <object_component id="oc-1ae">
         <name>.rodata.s_digit16</name>
         <load_address>0x7708</load_address>
         <readonly>true</readonly>
         <run_address>0x7708</run_address>
         <size>0x140</size>
         <alignment>0x1</alignment>
         <input_file_ref idref="fl-b"/>
      </object_component>
      <object_component id="oc-1ad">
         <name>.rodata.s_chinese16</name>
         <load_address>0x7848</load_address>
         <readonly>true</readonly>
         <run_address>0x7848</run_address>
         <size>0xc0</size>
         <alignment>0x4</alignment>
         <input_file_ref idref="fl-b"/>
      </object_component>
      <object_component id="oc-1b0">
         <name>.rodata.s_menu_digit12</name>
         <load_address>0x7908</load_address>
         <readonly>true</readonly>
         <run_address>0x7908</run_address>
         <size>0x78</size>
         <alignment>0x2</alignment>
         <input_file_ref idref="fl-b"/>
      </object_component>
      <object_component id="oc-1af">
         <name>.rodata.s_menu_chinese12</name>
         <load_address>0x7980</load_address>
         <readonly>true</readonly>
         <run_address>0x7980</run_address>
         <size>0x30</size>
         <alignment>0x2</alignment>
         <input_file_ref idref="fl-b"/>
      </object_component>
      <object_component id="oc-1a5">
         <name>.rodata.s_oled_init_cmds</name>
         <load_address>0x79b0</load_address>
         <readonly>true</readonly>
         <run_address>0x79b0</run_address>
         <size>0x1c</size>
         <alignment>0x1</alignment>
         <input_file_ref idref="fl-b"/>
      </object_component>
      <object_component id="oc-190">
         <name>.rodata.gTIMER_CONTROLTimerConfig</name>
         <load_address>0x79cc</load_address>
         <readonly>true</readonly>
         <run_address>0x79cc</run_address>
         <size>0x14</size>
         <alignment>0x4</alignment>
         <input_file_ref idref="fl-7"/>
      </object_component>
      <object_component id="oc-1ba">
         <name>.rodata.s_enter_table</name>
         <load_address>0x79e0</load_address>
         <readonly>true</readonly>
         <run_address>0x79e0</run_address>
         <size>0x14</size>
         <alignment>0x4</alignment>
         <input_file_ref idref="fl-3"/>
      </object_component>
      <object_component id="oc-1b6">
         <name>.rodata.s_exit_table</name>
         <load_address>0x79f4</load_address>
         <readonly>true</readonly>
         <run_address>0x79f4</run_address>
         <size>0x14</size>
         <alignment>0x4</alignment>
         <input_file_ref idref="fl-3"/>
      </object_component>
      <object_component id="oc-1b9">
         <name>.rodata.s_task_table</name>
         <load_address>0x7a08</load_address>
         <readonly>true</readonly>
         <run_address>0x7a08</run_address>
         <size>0x14</size>
         <alignment>0x4</alignment>
         <input_file_ref idref="fl-3"/>
      </object_component>
      <object_component id="oc-20a">
         <name>.rodata.str1.6458327664208245438.1</name>
         <load_address>0x7a1c</load_address>
         <readonly>true</readonly>
         <run_address>0x7a1c</run_address>
         <size>0x11</size>
         <alignment>0x1</alignment>
         <input_file_ref idref="fl-4"/>
      </object_component>
      <object_component id="oc-6e">
         <name>.rodata.cst16</name>
         <load_address>0x7a2d</load_address>
         <readonly>true</readonly>
         <run_address>0x7a2d</run_address>
         <size>0x10</size>
         <alignment>0x1</alignment>
         <input_file_ref idref="fl-2"/>
      </object_component>
      <object_component id="oc-94">
         <name>.rodata.cst16</name>
         <load_address>0x7a3d</load_address>
         <readonly>true</readonly>
         <run_address>0x7a3d</run_address>
         <size>0x10</size>
         <alignment>0x1</alignment>
         <input_file_ref idref="fl-5"/>
      </object_component>
      <object_component id="oc-1a0">
         <name>.rodata.gUART_DEBUGConfig</name>
         <load_address>0x7a4e</load_address>
         <readonly>true</readonly>
         <run_address>0x7a4e</run_address>
         <size>0xa</size>
         <alignment>0x2</alignment>
         <input_file_ref idref="fl-7"/>
      </object_component>
      <object_component id="oc-1d0">
         <name>.rodata.str1.12858735334856686681.1</name>
         <load_address>0x7a58</load_address>
         <readonly>true</readonly>
         <run_address>0x7a58</run_address>
         <size>0x9</size>
         <alignment>0x1</alignment>
         <input_file_ref idref="fl-4"/>
      </object_component>
      <object_component id="oc-1e0">
         <name>.rodata.str1.402800920536087235.1</name>
         <load_address>0x7a61</load_address>
         <readonly>true</readonly>
         <run_address>0x7a61</run_address>
         <size>0x9</size>
         <alignment>0x1</alignment>
         <input_file_ref idref="fl-4"/>
      </object_component>
      <object_component id="oc-1dd">
         <name>.rodata.str1.9871886773154595279.1</name>
         <load_address>0x7a6a</load_address>
         <readonly>true</readonly>
         <run_address>0x7a6a</run_address>
         <size>0x9</size>
         <alignment>0x1</alignment>
         <input_file_ref idref="fl-4"/>
      </object_component>
      <object_component id="oc-18c">
         <name>.rodata.gPWM_0Config</name>
         <load_address>0x7a74</load_address>
         <readonly>true</readonly>
         <run_address>0x7a74</run_address>
         <size>0x8</size>
         <alignment>0x4</alignment>
         <input_file_ref idref="fl-7"/>
      </object_component>
      <object_component id="oc-1d3">
         <name>.rodata.str1.11216194194454753251.1</name>
         <load_address>0x7a7c</load_address>
         <readonly>true</readonly>
         <run_address>0x7a7c</run_address>
         <size>0x8</size>
         <alignment>0x1</alignment>
         <input_file_ref idref="fl-4"/>
      </object_component>
      <object_component id="oc-1e1">
         <name>.rodata.str1.12497135275599074458.1</name>
         <load_address>0x7a84</load_address>
         <readonly>true</readonly>
         <run_address>0x7a84</run_address>
         <size>0x8</size>
         <alignment>0x1</alignment>
         <input_file_ref idref="fl-4"/>
      </object_component>
      <object_component id="oc-1e5">
         <name>.rodata.str1.13116950401002096570.1</name>
         <load_address>0x7a8c</load_address>
         <readonly>true</readonly>
         <run_address>0x7a8c</run_address>
         <size>0x8</size>
         <alignment>0x1</alignment>
         <input_file_ref idref="fl-4"/>
      </object_component>
      <object_component id="oc-1df">
         <name>.rodata.str1.15537960897562168936.1</name>
         <load_address>0x7a94</load_address>
         <readonly>true</readonly>
         <run_address>0x7a94</run_address>
         <size>0x8</size>
         <alignment>0x1</alignment>
         <input_file_ref idref="fl-4"/>
      </object_component>
      <object_component id="oc-1e3">
         <name>.rodata.str1.2550248884874358827.1</name>
         <load_address>0x7a9c</load_address>
         <readonly>true</readonly>
         <run_address>0x7a9c</run_address>
         <size>0x8</size>
         <alignment>0x1</alignment>
         <input_file_ref idref="fl-4"/>
      </object_component>
      <object_component id="oc-1de">
         <name>.rodata.str1.6115349477757457877.1</name>
         <load_address>0x7aa4</load_address>
         <readonly>true</readonly>
         <run_address>0x7aa4</run_address>
         <size>0x8</size>
         <alignment>0x1</alignment>
         <input_file_ref idref="fl-4"/>
      </object_component>
      <object_component id="oc-1e4">
         <name>.rodata.str1.11127159389407494402.1</name>
         <load_address>0x7aac</load_address>
         <readonly>true</readonly>
         <run_address>0x7aac</run_address>
         <size>0x7</size>
         <alignment>0x1</alignment>
         <input_file_ref idref="fl-4"/>
      </object_component>
      <object_component id="oc-1e2">
         <name>.rodata.str1.15989200115357581723.1</name>
         <load_address>0x7ab3</load_address>
         <readonly>true</readonly>
         <run_address>0x7ab3</run_address>
         <size>0x7</size>
         <alignment>0x1</alignment>
         <input_file_ref idref="fl-4"/>
      </object_component>
      <object_component id="oc-1d4">
         <name>.rodata.str1.17276799732225785065.1</name>
         <load_address>0x7aba</load_address>
         <readonly>true</readonly>
         <run_address>0x7aba</run_address>
         <size>0x7</size>
         <alignment>0x1</alignment>
         <input_file_ref idref="fl-4"/>
      </object_component>
      <object_component id="oc-1ce">
         <name>.rodata.str1.7094908962268454530.1</name>
         <load_address>0x7ac1</load_address>
         <readonly>true</readonly>
         <run_address>0x7ac1</run_address>
         <size>0x7</size>
         <alignment>0x1</alignment>
         <input_file_ref idref="fl-4"/>
      </object_component>
      <object_component id="oc-1db">
         <name>.rodata.str1.13276830473278608211.1</name>
         <load_address>0x7ac8</load_address>
         <readonly>true</readonly>
         <run_address>0x7ac8</run_address>
         <size>0x6</size>
         <alignment>0x1</alignment>
         <input_file_ref idref="fl-4"/>
      </object_component>
      <object_component id="oc-1d7">
         <name>.rodata.str1.13316212644771607044.1</name>
         <load_address>0x7ace</load_address>
         <readonly>true</readonly>
         <run_address>0x7ace</run_address>
         <size>0x6</size>
         <alignment>0x1</alignment>
         <input_file_ref idref="fl-4"/>
      </object_component>
      <object_component id="oc-1d6">
         <name>.rodata.str1.1432448451819883127.1</name>
         <load_address>0x7ad4</load_address>
         <readonly>true</readonly>
         <run_address>0x7ad4</run_address>
         <size>0x6</size>
         <alignment>0x1</alignment>
         <input_file_ref idref="fl-4"/>
      </object_component>
      <object_component id="oc-1d5">
         <name>.rodata.str1.3746068638744227419.1</name>
         <load_address>0x7ada</load_address>
         <readonly>true</readonly>
         <run_address>0x7ada</run_address>
         <size>0x6</size>
         <alignment>0x1</alignment>
         <input_file_ref idref="fl-4"/>
      </object_component>
      <object_component id="oc-1cd">
         <name>.rodata.str1.13450742778052438634.1</name>
         <load_address>0x7ae0</load_address>
         <readonly>true</readonly>
         <run_address>0x7ae0</run_address>
         <size>0x5</size>
         <alignment>0x1</alignment>
         <input_file_ref idref="fl-4"/>
      </object_component>
      <object_component id="oc-1da">
         <name>.rodata.str1.16381963267101565806.1</name>
         <load_address>0x7ae5</load_address>
         <readonly>true</readonly>
         <run_address>0x7ae5</run_address>
         <size>0x5</size>
         <alignment>0x1</alignment>
         <input_file_ref idref="fl-4"/>
      </object_component>
      <object_component id="oc-1d2">
         <name>.rodata.str1.4842307917106963007.1</name>
         <load_address>0x7aea</load_address>
         <readonly>true</readonly>
         <run_address>0x7aea</run_address>
         <size>0x5</size>
         <alignment>0x1</alignment>
         <input_file_ref idref="fl-4"/>
      </object_component>
      <object_component id="oc-1dc">
         <name>.rodata.str1.740724646930964178.1</name>
         <load_address>0x7aef</load_address>
         <readonly>true</readonly>
         <run_address>0x7aef</run_address>
         <size>0x5</size>
         <alignment>0x1</alignment>
         <input_file_ref idref="fl-4"/>
      </object_component>
      <object_component id="oc-1cf">
         <name>.rodata.str1.8522134641051796514.1</name>
         <load_address>0x7af4</load_address>
         <readonly>true</readonly>
         <run_address>0x7af4</run_address>
         <size>0x5</size>
         <alignment>0x1</alignment>
         <input_file_ref idref="fl-4"/>
      </object_component>
      <object_component id="oc-1cc">
         <name>.rodata.str1.9056856435488061599.1</name>
         <load_address>0x7af9</load_address>
         <readonly>true</readonly>
         <run_address>0x7af9</run_address>
         <size>0x5</size>
         <alignment>0x1</alignment>
         <input_file_ref idref="fl-4"/>
      </object_component>
      <object_component id="oc-18b">
         <name>.rodata.gPWM_0ClockConfig</name>
         <load_address>0x7afe</load_address>
         <readonly>true</readonly>
         <run_address>0x7afe</run_address>
         <size>0x3</size>
         <alignment>0x1</alignment>
         <input_file_ref idref="fl-7"/>
      </object_component>
      <object_component id="oc-18d">
         <name>.rodata.gQEI_0ClockConfig</name>
         <load_address>0x7b01</load_address>
         <readonly>true</readonly>
         <run_address>0x7b01</run_address>
         <size>0x3</size>
         <alignment>0x1</alignment>
         <input_file_ref idref="fl-7"/>
      </object_component>
      <object_component id="oc-18f">
         <name>.rodata.gTIMER_CONTROLClockConfig</name>
         <load_address>0x7b04</load_address>
         <readonly>true</readonly>
         <run_address>0x7b04</run_address>
         <size>0x3</size>
         <alignment>0x1</alignment>
         <input_file_ref idref="fl-7"/>
      </object_component>
      <object_component id="oc-1c7">
         <name>.rodata.str1.12874694364276345362.1</name>
         <load_address>0x7b07</load_address>
         <readonly>true</readonly>
         <run_address>0x7b07</run_address>
         <size>0x3</size>
         <alignment>0x1</alignment>
         <input_file_ref idref="fl-4"/>
      </object_component>
      <object_component id="oc-1cb">
         <name>.rodata.str1.3299855054303412028.1</name>
         <load_address>0x7b0a</load_address>
         <readonly>true</readonly>
         <run_address>0x7b0a</run_address>
         <size>0x3</size>
         <alignment>0x1</alignment>
         <input_file_ref idref="fl-4"/>
      </object_component>
      <object_component id="oc-1c6">
         <name>.rodata.str1.5678097850300819098.1</name>
         <load_address>0x7b0d</load_address>
         <readonly>true</readonly>
         <run_address>0x7b0d</run_address>
         <size>0x3</size>
         <alignment>0x1</alignment>
         <input_file_ref idref="fl-4"/>
      </object_component>
      <object_component id="oc-1c4">
         <name>.rodata.str1.5752133939041076255.1</name>
         <load_address>0x7b10</load_address>
         <readonly>true</readonly>
         <run_address>0x7b10</run_address>
         <size>0x3</size>
         <alignment>0x1</alignment>
         <input_file_ref idref="fl-4"/>
      </object_component>
      <object_component id="oc-1c8">
         <name>.rodata.str1.6094391537229473979.1</name>
         <load_address>0x7b13</load_address>
         <readonly>true</readonly>
         <run_address>0x7b13</run_address>
         <size>0x3</size>
         <alignment>0x1</alignment>
         <input_file_ref idref="fl-4"/>
      </object_component>
      <object_component id="oc-1c0">
         <name>.rodata.str1.8346066712588484577.1</name>
         <load_address>0x7b16</load_address>
         <readonly>true</readonly>
         <run_address>0x7b16</run_address>
         <size>0x3</size>
         <alignment>0x1</alignment>
         <input_file_ref idref="fl-4"/>
      </object_component>
      <object_component id="oc-197">
         <name>.rodata.gI2C_MPUClockConfig</name>
         <load_address>0x7b19</load_address>
         <readonly>true</readonly>
         <run_address>0x7b19</run_address>
         <size>0x2</size>
         <alignment>0x1</alignment>
         <input_file_ref idref="fl-7"/>
      </object_component>
      <object_component id="oc-19f">
         <name>.rodata.gUART_DEBUGClockConfig</name>
         <load_address>0x7b1b</load_address>
         <readonly>true</readonly>
         <run_address>0x7b1b</run_address>
         <size>0x2</size>
         <alignment>0x1</alignment>
         <input_file_ref idref="fl-7"/>
      </object_component>
      <object_component id="oc-1c5">
         <name>.rodata.str1.13678368368045285259.1</name>
         <load_address>0x7b1d</load_address>
         <readonly>true</readonly>
         <run_address>0x7b1d</run_address>
         <size>0x2</size>
         <alignment>0x1</alignment>
         <input_file_ref idref="fl-4"/>
      </object_component>
      <object_component id="oc-1c2">
         <name>.rodata.str1.15445407551556458809.1</name>
         <load_address>0x7b1f</load_address>
         <readonly>true</readonly>
         <run_address>0x7b1f</run_address>
         <size>0x2</size>
         <alignment>0x1</alignment>
         <input_file_ref idref="fl-4"/>
      </object_component>
      <object_component id="oc-1c3">
         <name>.rodata.str1.5710605537803565424.1</name>
         <load_address>0x7b21</load_address>
         <readonly>true</readonly>
         <run_address>0x7b21</run_address>
         <size>0x2</size>
         <alignment>0x1</alignment>
         <input_file_ref idref="fl-4"/>
      </object_component>
      <object_component id="oc-1c1">
         <name>.rodata.str1.5817733747436598827.1</name>
         <load_address>0x7b23</load_address>
         <readonly>true</readonly>
         <run_address>0x7b23</run_address>
         <size>0x2</size>
         <alignment>0x1</alignment>
         <input_file_ref idref="fl-4"/>
      </object_component>
      <object_component id="oc-21a">
         <name>.binit</name>
         <load_address>0x0</load_address>
         <readonly>true</readonly>
         <run_address>0x0</run_address>
         <size>0x0</size>
         <alignment>0x4</alignment>
      </object_component>
      <object_component id="oc-b8">
         <name>.data.g_car</name>
         <load_address>0x2020063c</load_address>
         <readwrite>true</readwrite>
         <run_address>0x2020063c</run_address>
         <size>0x110</size>
         <alignment>0x4</alignment>
         <input_file_ref idref="fl-2"/>
      </object_component>
      <object_component id="oc-6f">
         <name>.data.s_right_encoder_count</name>
         <load_address>0x202007ac</load_address>
         <readwrite>true</readwrite>
         <run_address>0x202007ac</run_address>
         <size>0x4</size>
         <alignment>0x4</alignment>
         <input_file_ref idref="fl-2"/>
      </object_component>
      <object_component id="oc-6d">
         <name>.data.s_right_encoder_state</name>
         <load_address>0x202007c7</load_address>
         <readwrite>true</readwrite>
         <run_address>0x202007c7</run_address>
         <size>0x1</size>
         <alignment>0x1</alignment>
         <input_file_ref idref="fl-2"/>
      </object_component>
      <object_component id="oc-72">
         <name>.data.s_rx_head</name>
         <load_address>0x202007ba</load_address>
         <readwrite>true</readwrite>
         <run_address>0x202007ba</run_address>
         <size>0x2</size>
         <alignment>0x2</alignment>
         <input_file_ref idref="fl-4"/>
      </object_component>
      <object_component id="oc-73">
         <name>.data.s_rx_tail</name>
         <load_address>0x202007bc</load_address>
         <readwrite>true</readwrite>
         <run_address>0x202007bc</run_address>
         <size>0x2</size>
         <alignment>0x2</alignment>
         <input_file_ref idref="fl-4"/>
      </object_component>
      <object_component id="oc-153">
         <name>.data.s_line_length</name>
         <load_address>0x202007b8</load_address>
         <readwrite>true</readwrite>
         <run_address>0x202007b8</run_address>
         <size>0x2</size>
         <alignment>0x2</alignment>
         <input_file_ref idref="fl-4"/>
      </object_component>
      <object_component id="oc-154">
         <name>.data.s_line_overflow</name>
         <load_address>0x202007c5</load_address>
         <readwrite>true</readwrite>
         <run_address>0x202007c5</run_address>
         <size>0x1</size>
         <alignment>0x1</alignment>
         <input_file_ref idref="fl-4"/>
      </object_component>
      <object_component id="oc-155">
         <name>.data.s_last_vofa_tick</name>
         <load_address>0x202007a8</load_address>
         <readwrite>true</readwrite>
         <run_address>0x202007a8</run_address>
         <size>0x4</size>
[...]
      <symbol id="sm-1e6">
         <name>SYSCFG_DL_UART_DEBUG_init</name>
         <value>0x6cc1</value>
         <object_component_ref idref="oc-12d"/>
      </symbol>
      <symbol id="sm-1e7">
         <name>gPWM_0Backup</name>
         <value>0x20200400</value>
      </symbol>
      <symbol id="sm-1e8">
         <name>gQEI_0Backup</name>
         <value>0x202004bc</value>
      </symbol>
      <symbol id="sm-1f3">
         <name>Default_Handler</name>
         <value>0x6883</value>
         <object_component_ref idref="oc-33"/>
      </symbol>
      <symbol id="sm-1f4">
         <name>Reset_Handler</name>
         <value>0x76fb</value>
         <object_component_ref idref="oc-2f"/>
      </symbol>
      <symbol id="sm-1f5">
         <name>interruptVectors</name>
         <value>0x0</value>
         <object_component_ref idref="oc-18"/>
      </symbol>
      <symbol id="sm-1f6">
         <name>NMI_Handler</name>
         <value>0x6883</value>
         <object_component_ref idref="oc-33"/>
      </symbol>
      <symbol id="sm-1f7">
         <name>HardFault_Handler</name>
         <value>0x6883</value>
         <object_component_ref idref="oc-33"/>
      </symbol>
      <symbol id="sm-1f8">
         <name>SVC_Handler</name>
         <value>0x6883</value>
         <object_component_ref idref="oc-33"/>
      </symbol>
      <symbol id="sm-1f9">
         <name>PendSV_Handler</name>
         <value>0x6883</value>
         <object_component_ref idref="oc-33"/>
      </symbol>
      <symbol id="sm-1fa">
         <name>SysTick_Handler</name>
         <value>0x6883</value>
         <object_component_ref idref="oc-33"/>
      </symbol>
      <symbol id="sm-1fb">
         <name>GROUP0_IRQHandler</name>
         <value>0x6883</value>
         <object_component_ref idref="oc-33"/>
      </symbol>
      <symbol id="sm-1fc">
         <name>TIMG8_IRQHandler</name>
         <value>0x6883</value>
         <object_component_ref idref="oc-33"/>
      </symbol>
      <symbol id="sm-1fd">
         <name>UART3_IRQHandler</name>
         <value>0x6883</value>
         <object_component_ref idref="oc-33"/>
      </symbol>
      <symbol id="sm-1fe">
         <name>ADC0_IRQHandler</name>
         <value>0x6883</value>
         <object_component_ref idref="oc-33"/>
      </symbol>
      <symbol id="sm-1ff">
         <name>ADC1_IRQHandler</name>
         <value>0x6883</value>
         <object_component_ref idref="oc-33"/>
      </symbol>
      <symbol id="sm-200">
         <name>CANFD0_IRQHandler</name>
         <value>0x6883</value>
         <object_component_ref idref="oc-33"/>
      </symbol>
      <symbol id="sm-201">
         <name>DAC0_IRQHandler</name>
         <value>0x6883</value>
         <object_component_ref idref="oc-33"/>
      </symbol>
      <symbol id="sm-202">
         <name>SPI0_IRQHandler</name>
         <value>0x6883</value>
         <object_component_ref idref="oc-33"/>
      </symbol>
      <symbol id="sm-203">
         <name>SPI1_IRQHandler</name>
         <value>0x6883</value>
         <object_component_ref idref="oc-33"/>
      </symbol>
      <symbol id="sm-204">
         <name>UART2_IRQHandler</name>
         <value>0x6883</value>
         <object_component_ref idref="oc-33"/>
      </symbol>
      <symbol id="sm-205">
         <name>UART0_IRQHandler</name>
         <value>0x6883</value>
         <object_component_ref idref="oc-33"/>
      </symbol>
      <symbol id="sm-206">
         <name>TIMG0_IRQHandler</name>
         <value>0x6883</value>
         <object_component_ref idref="oc-33"/>
      </symbol>
      <symbol id="sm-207">
         <name>TIMG6_IRQHandler</name>
         <value>0x6883</value>
         <object_component_ref idref="oc-33"/>
      </symbol>
      <symbol id="sm-208">
         <name>TIMA0_IRQHandler</name>
         <value>0x6883</value>
         <object_component_ref idref="oc-33"/>
      </symbol>
      <symbol id="sm-209">
         <name>TIMA1_IRQHandler</name>
         <value>0x6883</value>
         <object_component_ref idref="oc-33"/>
      </symbol>
      <symbol id="sm-20a">
         <name>TIMG7_IRQHandler</name>
         <value>0x6883</value>
         <object_component_ref idref="oc-33"/>
      </symbol>
      <symbol id="sm-20b">
         <name>I2C0_IRQHandler</name>
         <value>0x6883</value>
         <object_component_ref idref="oc-33"/>
      </symbol>
      <symbol id="sm-20c">
         <name>I2C1_IRQHandler</name>
         <value>0x6883</value>
         <object_component_ref idref="oc-33"/>
      </symbol>
      <symbol id="sm-20d">
         <name>AES_IRQHandler</name>
         <value>0x6883</value>
         <object_component_ref idref="oc-33"/>
      </symbol>
      <symbol id="sm-20e">
         <name>RTC_IRQHandler</name>
         <value>0x6883</value>
         <object_component_ref idref="oc-33"/>
      </symbol>
      <symbol id="sm-20f">
         <name>DMA_IRQHandler</name>
         <value>0x6883</value>
         <object_component_ref idref="oc-33"/>
      </symbol>
      <symbol id="sm-21c">
         <name>LineTracker_Init</name>
         <value>0x76b7</value>
         <object_component_ref idref="oc-cc"/>
      </symbol>
      <symbol id="sm-21d">
         <name>LineTracker_Update</name>
         <value>0x50a5</value>
         <object_component_ref idref="oc-99"/>
      </symbol>
      <symbol id="sm-21e">
         <name>g_line</name>
         <value>0x20200768</value>
         <object_component_ref idref="oc-b9"/>
      </symbol>
      <symbol id="sm-231">
         <name>MPU6050_Init</name>
         <value>0x59dd</value>
         <object_component_ref idref="oc-d5"/>
      </symbol>
      <symbol id="sm-232">
         <name>MPU6050_Calibrate</name>
         <value>0x6409</value>
         <object_component_ref idref="oc-14a"/>
      </symbol>
      <symbol id="sm-233">
         <name>g_mpu6050</name>
         <value>0x2020074c</value>
         <object_component_ref idref="oc-ba"/>
      </symbol>
      <symbol id="sm-234">
         <name>MPU6050_Task</name>
         <value>0x674d</value>
         <object_component_ref idref="oc-e0"/>
      </symbol>
      <symbol id="sm-261">
         <name>OLED_Init</name>
         <value>0x738d</value>
         <object_component_ref idref="oc-cf"/>
      </symbol>
      <symbol id="sm-262">
         <name>g_oled</name>
         <value>0x20200790</value>
         <object_component_ref idref="oc-13e"/>
      </symbol>
      <symbol id="sm-263">
         <name>OLED_Update</name>
         <value>0x45c5</value>
         <object_component_ref idref="oc-1a4"/>
      </symbol>
      <symbol id="sm-264">
         <name>OLED_Task</name>
         <value>0x6f69</value>
         <object_component_ref idref="oc-e1"/>
      </symbol>
      <symbol id="sm-265">
         <name>OLED_DrawProblemSelect</name>
         <value>0x3635</value>
         <object_component_ref idref="oc-14d"/>
      </symbol>
      <symbol id="sm-266">
         <name>OLED_DrawProblemSelected</name>
         <value>0x5249</value>
         <object_component_ref idref="oc-14c"/>
      </symbol>
      <symbol id="sm-277">
         <name>ProblemMenu_Init</name>
         <value>0x6eb5</value>
         <object_component_ref idref="oc-da"/>
      </symbol>
      <symbol id="sm-278">
         <name>g_problem_menu</name>
         <value>0x202007b4</value>
         <object_component_ref idref="oc-14e"/>
      </symbol>
      <symbol id="sm-279">
         <name>ProblemMenu_Task</name>
         <value>0x60d9</value>
         <object_component_ref idref="oc-e3"/>
      </symbol>
      <symbol id="sm-27a">
         <name>__TI_ATRegion0_src_addr</name>
         <value>0x0</value>
      </symbol>
      <symbol id="sm-27b">
         <name>__TI_ATRegion0_trg_addr</name>
         <value>0x0</value>
      </symbol>
      <symbol id="sm-27c">
         <name>__TI_ATRegion0_region_sz</name>
         <value>0x0</value>
      </symbol>
      <symbol id="sm-27d">
         <name>__TI_ATRegion1_src_addr</name>
         <value>0x0</value>
      </symbol>
      <symbol id="sm-27e">
         <name>__TI_ATRegion1_trg_addr</name>
         <value>0x0</value>
      </symbol>
      <symbol id="sm-27f">
         <name>__TI_ATRegion1_region_sz</name>
         <value>0x0</value>
      </symbol>
      <symbol id="sm-280">
         <name>__TI_ATRegion2_src_addr</name>
         <value>0x0</value>
      </symbol>
      <symbol id="sm-281">
         <name>__TI_ATRegion2_trg_addr</name>
         <value>0x0</value>
      </symbol>
      <symbol id="sm-282">
         <name>__TI_ATRegion2_region_sz</name>
         <value>0x0</value>
      </symbol>
      <symbol id="sm-28b">
         <name>DL_Common_delayCycles</name>
         <value>0x76ad</value>
         <object_component_ref idref="oc-139"/>
      </symbol>
      <symbol id="sm-29d">
         <name>DL_I2C_setClockConfig</name>
         <value>0x74d5</value>
         <object_component_ref idref="oc-191"/>
      </symbol>
      <symbol id="sm-29e">
         <name>DL_I2C_fillControllerTXFIFO</name>
         <value>0x6e55</value>
         <object_component_ref idref="oc-1a8"/>
      </symbol>
      <symbol id="sm-29f">
         <name>DL_I2C_flushControllerTXFIFO</name>
         <value>0x7141</value>
         <object_component_ref idref="oc-1a6"/>
      </symbol>
      <symbol id="sm-2a0">
         <name>DL_I2C_flushControllerRXFIFO</name>
         <value>0x73f5</value>
         <object_component_ref idref="oc-1a7"/>
      </symbol>
      <symbol id="sm-2bc">
         <name>DL_Timer_setClockConfig</name>
         <value>0x759d</value>
         <object_component_ref idref="oc-187"/>
      </symbol>
      <symbol id="sm-2bd">
         <name>DL_Timer_initTimerMode</name>
         <value>0x5df1</value>
         <object_component_ref idref="oc-18e"/>
      </symbol>
      <symbol id="sm-2be">
         <name>DL_Timer_setCaptureCompareValue</name>
         <value>0x7671</value>
         <object_component_ref idref="oc-a1"/>
      </symbol>
      <symbol id="sm-2bf">
         <name>DL_Timer_setCaptCompUpdateMethod</name>
         <value>0x7581</value>
         <object_component_ref idref="oc-18a"/>
      </symbol>
      <symbol id="sm-2c0">
         <name>DL_Timer_setCaptureCompareOutCtl</name>
         <value>0x75f1</value>
         <object_component_ref idref="oc-189"/>
      </symbol>
      <symbol id="sm-2c1">
         <name>DL_Timer_initFourCCPWMMode</name>
         <value>0x5bed</value>
         <object_component_ref idref="oc-188"/>
      </symbol>
      <symbol id="sm-2d1">
         <name>DL_UART_init</name>
         <value>0x70b9</value>
         <object_component_ref idref="oc-19e"/>
      </symbol>
      <symbol id="sm-2d2">
         <name>DL_UART_setClockConfig</name>
         <value>0x764d</value>
         <object_component_ref idref="oc-198"/>
      </symbol>
      <symbol id="sm-2d3">
         <name>DL_UART_transmitDataBlocking</name>
         <value>0x7425</value>
         <object_component_ref idref="oc-1bb"/>
      </symbol>
      <symbol id="sm-2de">
         <name>_c_int00_noargs</name>
         <value>0x74ad</value>
         <object_component_ref idref="oc-60"/>
      </symbol>
      <symbol id="sm-2df">
         <name>__stack</name>
         <value>0x20207e00</value>
         <object_component_ref idref="oc-1a"/>
      </symbol>
      <symbol id="sm-2eb">
         <name>__TI_auto_init_nobinit_nopinit</name>
         <value>0x7231</value>
         <object_component_ref idref="oc-ec"/>
      </symbol>
      <symbol id="sm-2f3">
         <name>_system_pre_init</name>
         <value>0x76ff</value>
         <object_component_ref idref="oc-83"/>
      </symbol>
      <symbol id="sm-2fe">
         <name>__TI_zero_init</name>
         <value>0x7681</value>
         <object_component_ref idref="oc-5d"/>
      </symbol>
      <symbol id="sm-307">
         <name>__TI_decompress_none</name>
         <value>0x765f</value>
         <object_component_ref idref="oc-20"/>
      </symbol>
      <symbol id="sm-312">
         <name>__TI_decompress_lzss</name>
         <value>0x6bd5</value>
         <object_component_ref idref="oc-1c"/>
      </symbol>
      <symbol id="sm-31c">
         <name>abort</name>
         <value>0x76f1</value>
         <object_component_ref idref="oc-e5"/>
      </symbol>
      <symbol id="sm-326">
         <name>HOSTexit</name>
         <value>0x76f7</value>
         <object_component_ref idref="oc-16c"/>
      </symbol>
      <symbol id="sm-327">
         <name>C$$EXIT</name>
         <value>0x76f6</value>
         <object_component_ref idref="oc-16c"/>
      </symbol>
      <symbol id="sm-32d">
         <name>__aeabi_fadd</name>
         <value>0x61c3</value>
         <object_component_ref idref="oc-b3"/>
      </symbol>
      <symbol id="sm-32e">
         <name>__addsf3</name>
         <value>0x61c3</value>
         <object_component_ref idref="oc-b3"/>
      </symbol>
      <symbol id="sm-32f">
         <name>__aeabi_fsub</name>
         <value>0x61b9</value>
         <object_component_ref idref="oc-b3"/>
      </symbol>
      <symbol id="sm-330">
         <name>__subsf3</name>
         <value>0x61b9</value>
         <object_component_ref idref="oc-b3"/>
      </symbol>
      <symbol id="sm-336">
         <name>__aeabi_fmul</name>
         <value>0x6a41</value>
         <object_component_ref idref="oc-ab"/>
      </symbol>
      <symbol id="sm-337">
         <name>__mulsf3</name>
         <value>0x6a41</value>
         <object_component_ref idref="oc-ab"/>
      </symbol>
      <symbol id="sm-33d">
         <name>__aeabi_fdiv</name>
         <value>0x6b51</value>
         <object_component_ref idref="oc-158"/>
      </symbol>
      <symbol id="sm-33e">
         <name>__divsf3</name>
         <value>0x6b51</value>
         <object_component_ref idref="oc-158"/>
      </symbol>
      <symbol id="sm-344">
         <name>__aeabi_f2iz</name>
         <value>0x7355</value>
         <object_component_ref idref="oc-108"/>
      </symbol>
      <symbol id="sm-345">
         <name>__fixsfsi</name>
         <value>0x7355</value>
         <object_component_ref idref="oc-108"/>
      </symbol>
      <symbol id="sm-34b">
         <name>__aeabi_f2uiz</name>
         <value>0x73c1</value>
         <object_component_ref idref="oc-20b"/>
      </symbol>
      <symbol id="sm-34c">
         <name>__fixunssfsi</name>
         <value>0x73c1</value>
         <object_component_ref idref="oc-20b"/>
      </symbol>
      <symbol id="sm-352">
         <name>__aeabi_i2f</name>
         <value>0x71b9</value>
         <object_component_ref idref="oc-104"/>
      </symbol>
      <symbol id="sm-353">
         <name>__floatsisf</name>
         <value>0x71b9</value>
         <object_component_ref idref="oc-104"/>
      </symbol>
      <symbol id="sm-359">
         <name>__aeabi_ui2f</name>
         <value>0x7485</value>
         <object_component_ref idref="oc-a7"/>
      </symbol>
      <symbol id="sm-35a">
         <name>__floatunsisf</name>
         <value>0x7485</value>
         <object_component_ref idref="oc-a7"/>
      </symbol>
      <symbol id="sm-360">
         <name>__aeabi_fcmpeq</name>
         <value>0x6d31</value>
         <object_component_ref idref="oc-af"/>
      </symbol>
      <symbol id="sm-361">
         <name>__aeabi_fcmplt</name>
         <value>0x6d45</value>
         <object_component_ref idref="oc-af"/>
      </symbol>
      <symbol id="sm-362">
         <name>__aeabi_fcmple</name>
         <value>0x6d59</value>
         <object_component_ref idref="oc-af"/>
      </symbol>
      <symbol id="sm-363">
         <name>__aeabi_fcmpge</name>
         <value>0x6d6d</value>
         <object_component_ref idref="oc-af"/>
      </symbol>
      <symbol id="sm-364">
         <name>__aeabi_fcmpgt</name>
         <value>0x6d81</value>
         <object_component_ref idref="oc-af"/>
      </symbol>
      <symbol id="sm-36a">
         <name>__aeabi_idiv</name>
         <value>0x6fc1</value>
         <object_component_ref idref="oc-fe"/>
      </symbol>
      <symbol id="sm-36b">
         <name>__aeabi_idivmod</name>
         <value>0x6fc1</value>
         <object_component_ref idref="oc-fe"/>
      </symbol>
      <symbol id="sm-371">
         <name>__aeabi_memcpy</name>
         <value>0x76e9</value>
         <object_component_ref idref="oc-50"/>
      </symbol>
      <symbol id="sm-372">
         <name>__aeabi_memcpy4</name>
         <value>0x76e9</value>
         <object_component_ref idref="oc-50"/>
      </symbol>
      <symbol id="sm-373">
         <name>__aeabi_memcpy8</name>
         <value>0x76e9</value>
         <object_component_ref idref="oc-50"/>
      </symbol>
      <symbol id="sm-37c">
         <name>__aeabi_memset</name>
         <value>0x7691</value>
         <object_component_ref idref="oc-20f"/>
      </symbol>
      <symbol id="sm-37d">
         <name>__aeabi_memset4</name>
         <value>0x7691</value>
         <object_component_ref idref="oc-20f"/>
      </symbol>
      <symbol id="sm-37e">
         <name>__aeabi_memset8</name>
         <value>0x7691</value>
         <object_component_ref idref="oc-20f"/>
      </symbol>
      <symbol id="sm-37f">
         <name>__aeabi_memclr</name>
         <value>0x76a1</value>
         <object_component_ref idref="oc-7e"/>
      </symbol>
      <symbol id="sm-380">
         <name>__aeabi_memclr4</name>
         <value>0x76a1</value>
         <object_component_ref idref="oc-7e"/>
      </symbol>
      <symbol id="sm-381">
         <name>__aeabi_memclr8</name>
         <value>0x76a1</value>
         <object_component_ref idref="oc-7e"/>
      </symbol>
      <symbol id="sm-387">
         <name>__aeabi_uidiv</name>
         <value>0x7101</value>
         <object_component_ref idref="oc-1b1"/>
      </symbol>
      <symbol id="sm-388">
         <name>__aeabi_uidivmod</name>
         <value>0x7101</value>
         <object_component_ref idref="oc-1b1"/>
      </symbol>
      <symbol id="sm-391">
         <name>__eqsf2</name>
         <value>0x726d</value>
         <object_component_ref idref="oc-114"/>
      </symbol>
      <symbol id="sm-392">
         <name>__lesf2</name>
         <value>0x726d</value>
         <object_component_ref idref="oc-114"/>
      </symbol>
      <symbol id="sm-393">
         <name>__ltsf2</name>
         <value>0x726d</value>
         <object_component_ref idref="oc-114"/>
      </symbol>
      <symbol id="sm-394">
         <name>__nesf2</name>
         <value>0x726d</value>
         <object_component_ref idref="oc-114"/>
      </symbol>
      <symbol id="sm-395">
         <name>__cmpsf2</name>
         <value>0x726d</value>
         <object_component_ref idref="oc-114"/>
      </symbol>
      <symbol id="sm-396">
         <name>__gtsf2</name>
         <value>0x71f5</value>
         <object_component_ref idref="oc-119"/>
      </symbol>
      <symbol id="sm-397">
         <name>__gesf2</name>
         <value>0x71f5</value>
         <object_component_ref idref="oc-119"/>
      </symbol>
      <symbol id="sm-39d">
         <name>__muldsi3</name>
         <value>0x72a9</value>
         <object_component_ref idref="oc-10f"/>
      </symbol>
      <symbol id="sm-3a7">
         <name>__aeabi_idiv0</name>
         <value>0x7705</value>
         <object_component_ref idref="oc-17c"/>
      </symbol>
      <symbol id="sm-3c0">
         <name>memcpy</name>
         <value>0x67e9</value>
         <object_component_ref idref="oc-c2"/>
      </symbol>
      <symbol id="sm-3cf">
         <name>memset</name>
         <value>0x6d93</value>
         <object_component_ref idref="oc-124"/>
      </symbol>
      <symbol id="sm-3d0">
         <name>__TI_static_base__</name>
         <value>0x0</value>
      </symbol>
      <symbol id="sm-3d3">
         <name>__mpu_init</name>
         <value>0x0</value>
      </symbol>
      <symbol id="sm-3d4">
         <name>_system_post_cinit</name>
         <value>0x0</value>
      </symbol>
   </symbol_table>
   <title>Link successful</title>
</link_info>
