******************************************************************************
            TI ARM Clang Linker PC v4.0.4                      
******************************************************************************
>> Linked Wed Jul 15 18:21:12 2026

OUTPUT FILE NAME:   <TI_Car_no_buletooth.out>
ENTRY POINT SYMBOL: "_c_int00_noargs"  address: 00006459


MEMORY CONFIGURATION

         name            origin    length      used     unused   attr    fill
----------------------  --------  ---------  --------  --------  ----  --------
  FLASH                 00000000   00020000  00006a28  000195d8  R  X
  SRAM                  20200000   00008000  000009b6  0000764a  RW X
  BCR_CONFIG            41c00000   000000ff  00000000  000000ff  R   
  BSL_CONFIG            41c00100   00000080  00000000  00000080  R   


SEGMENT ALLOCATION MAP

run origin  load origin   length   init length attrs members
----------  ----------- ---------- ----------- ----- -------
00000000    00000000    00006a28   00006a28    r-x
  00000000    00000000    000000c0   000000c0    r-- .intvecs
  000000c0    000000c0    00006618   00006618    r-x .text
  000066d8    000066d8    00000298   00000298    r-- .rodata
  00006970    00006970    000000b8   000000b8    r-- .cinit
20200000    20200000    000007b6   00000000    rw-
  20200000    20200000    0000063c   00000000    rw- .bss
  2020063c    2020063c    0000017a   00000000    rw- .data
20207e00    20207e00    00000200   00000000    rw-
  20207e00    20207e00    00000200   00000000    rw- .stack


SECTION ALLOCATION MAP

 output                                  attributes/
section   page    origin      length       input sections
--------  ----  ----------  ----------   ----------------
.intvecs   0    00000000    000000c0     
                  00000000    000000c0     startup_mspm0g350x_ticlang.o (.intvecs)

.text      0    000000c0    00006618     
                  000000c0    000016ac     debug_uart.o (.text.Debug_UART_ProcessRx)
                  0000176c    00000f00     debug_uart.o (.text.Debug_UART_SendStatus)
                  0000266c    00000638     car_control.o (.text.Car_ControlStep)
                  00002ca4    00000264     debug_uart.o (.text.Debug_UART_AppendFloat)
                  00002f08    00000260     board_i2c.o (.text.Board_I2C_ReadRegs)
                  00003168    00000248     debug_uart.o (.text.Debug_UART_ParseFloatList)
                  000033b0    00000234     debug_uart.o (.text.Debug_UART_SendOkInt)
                  000035e4    00000224     oled_ssd1306.o (.text.OLED_Update)
                  00003808    000001d4     debug_uart.o (.text.Debug_UART_ParseFloat)
                  000039dc    000001c0     oled_ssd1306.o (.text.OLED_Init)
                  00003b9c    000001c0     debug_uart.o (.text.vofa_speed_send)
                  00003d5c    000001bc     debug_uart.o (.text.vofa_line_send)
                  00003f18    000001ac     debug_uart.o (.text.vofa_gyro_send)
                  000040c4    000001a8     oled_ssd1306.o (.text.OLED_DrawDigit)
                  0000426c    000001a4     line_tracker.o (.text.LineTracker_Update)
                  00004410    0000016c     debug_uart.o (.text.vofa_test_send)
                  0000457c    00000154     oled_ssd1306.o (.text.OLED_DrawProblemSelected)
                  000046d0    00000150     board_i2c.o (.text.Board_I2C_WriteByteStream)
                  00004820    00000120     debug_uart.o (.text.Debug_UART_SendOkFloat)
                  00004940    00000110     car_control.o (.text.Car_PidStep)
                  00004a50    0000010c     mpu6050.o (.text.MPU6050_Init)
                  00004b5c    00000104     car_control.o (.text.Car_Stop)
                  00004c60    00000104     driverlib.a : dl_timer.o (.text.DL_Timer_initFourCCPWMMode)
                  00004d64    000000fc                 : dl_timer.o (.text.DL_Timer_initTimerMode)
                  00004e60    000000f8     ti_msp_dl_config.o (.text.SYSCFG_DL_GPIO_init)
                  00004f58    000000ec     car_control.o (.text.Car_RightAngleApproachStep)
                  00005044    000000e0     problem_menu.o (.text.ProblemMenu_Task)
                  00005124    000000dc     oled_ssd1306.o (.text.OLED_DrawProblemSelect)
                  00005200    000000d8     libclang_rt.builtins.a : addsf3.S.obj (.text)
                  000052d8    000000c0     debug_uart.o (.text.UART1_IRQHandler)
                  00005398    000000b0     mpu6050.o (.text.MPU6050_Calibrate)
                  00005448    000000ac     ec11_encoder.o (.text.EC11_Task)
                  000054f4    000000a8     empty.o (.text.main)
                  0000559c    000000a4     debug_uart.o (.text.Debug_UART_CommandEquals)
                  00005640    000000a4     ec11_encoder.o (.text.EC11_HandleABInterrupt)
                  000056e4    000000a0     debug_uart.o (.text.Debug_UART_Init)
                  00005784    0000009c     mpu6050.o (.text.MPU6050_Task)
                  00005820    0000009a     libc.a : memcpy16.S.obj (.text:memcpy)
                  000058ba    00000002     startup_mspm0g350x_ticlang.o (.text.Default_Handler)
                  000058bc    00000098     car_control.o (.text.Car_Init)
                  00005954    00000098     debug_uart.o (.text.Debug_UART_GetArg)
                  000059ec    0000008c     ti_msp_dl_config.o (.text.SYSCFG_DL_PWM_0_init)
                  00005a78    0000008c     libclang_rt.builtins.a : mulsf3.S.obj (.text.__mulsf3)
                  00005b04    00000084     ec11_encoder.o (.text.EC11_Init)
                  00005b88    00000082     libclang_rt.builtins.a : divsf3.S.obj (.text.__divsf3)
                  00005c0a    00000002     competition_tasks.o (.text.Problem1_Exit)
                  00005c0c    0000007c     libc.a : copy_decompress_lzss.c.obj (.text:decompress:lzss)
                  00005c88    00000070     car_control.o (.text.GROUP1_IRQHandler)
                  00005cf8    00000070     ti_msp_dl_config.o (.text.SYSCFG_DL_UART_DEBUG_init)
                  00005d68    00000062     libclang_rt.builtins.a : aeabi_fcmp.S.obj (.text.__aeabi_fcmp)
                  00005dca    00000062     libc.a : memset16.S.obj (.text:memset)
                  00005e2c    00000060     ti_msp_dl_config.o (.text.SYSCFG_DL_initPower)
                  00005e8c    0000005e     driverlib.a : dl_i2c.o (.text.DL_I2C_fillControllerTXFIFO)
                  00005eea    00000002     competition_tasks.o (.text.Problem1_Task)
                  00005eec    0000005c     problem_menu.o (.text.ProblemMenu_Init)
                  00005f48    00000058     debug_uart.o (.text.Debug_UART_Task)
                  00005fa0    00000056     libclang_rt.builtins.a : aeabi_idivmod.S.obj (.text.__aeabi_idivmod)
                  00005ff6    00000002     competition_tasks.o (.text.Problem2_Exit)
                  00005ff8    00000054     ti_msp_dl_config.o (.text.SYSCFG_DL_I2C_MPU_init)
                  0000604c    0000004c     ti_msp_dl_config.o (.text.SYSCFG_DL_QEI_0_init)
                  00006098    00000048     driverlib.a : dl_uart.o (.text.DL_UART_init)
                  000060e0    00000040     libclang_rt.builtins.a : aeabi_uidivmod.S.obj (.text.__aeabi_uidivmod)
                  00006120    0000003c     driverlib.a : dl_i2c.o (.text.DL_I2C_flushControllerTXFIFO)
                  0000615c    0000003c     ti_msp_dl_config.o (.text.SYSCFG_DL_init)
                  00006198    0000003c     libclang_rt.builtins.a : floatsisf.S.obj (.text.__floatsisf)
                  000061d4    0000003c                            : comparesf2.S.obj (.text.__gtsf2)
                  00006210    0000003c     libc.a : autoinit.c.obj (.text:__TI_auto_init_nobinit_nopinit)
                  0000624c    0000003a     libclang_rt.builtins.a : comparesf2.S.obj (.text.__eqsf2)
                  00006286    00000002     competition_tasks.o (.text.Problem2_Task)
                  00006288    0000003a     libclang_rt.builtins.a : muldsi3.S.obj (.text.__muldsi3)
                  000062c2    00000002     competition_tasks.o (.text.Problem3_Exit)
                  000062c4    00000038     board_i2c.o (.text.Board_I2C_RecoverBus)
                  000062fc    00000038     ti_msp_dl_config.o (.text.SYSCFG_DL_TIMER_CONTROL_init)
                  00006334    00000038     libclang_rt.builtins.a : fixsfsi.S.obj (.text.__fixsfsi)
                  0000636c    00000032                            : fixunssfsi.S.obj (.text.__fixunssfsi)
                  0000639e    00000002     competition_tasks.o (.text.Problem3_Task)
                  000063a0    00000030     driverlib.a : dl_i2c.o (.text.DL_I2C_flushControllerRXFIFO)
                  000063d0    00000030                 : dl_uart.o (.text.DL_UART_transmitDataBlocking)
                  00006400    00000030     ti_msp_dl_config.o (.text.SYSCFG_DL_SYSCTL_init)
                  00006430    00000028     libclang_rt.builtins.a : floatunsisf.S.obj (.text.__floatunsisf)
                  00006458    00000028     libc.a : boot_cortex_m.c.obj (.text:_c_int00_noargs)
                  00006480    00000026     driverlib.a : dl_i2c.o (.text.DL_I2C_setClockConfig)
                  000064a6    00000002     competition_tasks.o (.text.Problem4_Exit)
                  000064a8    00000024     competition_tasks.o (.text.CompetitionTasks_Exit)
                  000064cc    00000020     car_control.o (.text.Car_StartLineFollow)
                  000064ec    00000020     competition_tasks.o (.text.CompetitionTasks_Enter)
                  0000650c    00000020     competition_tasks.o (.text.CompetitionTasks_Task)
                  0000652c    0000001c     driverlib.a : dl_timer.o (.text.DL_Timer_setCaptCompUpdateMethod)
                  00006548    0000001c                 : dl_timer.o (.text.DL_Timer_setClockConfig)
                  00006564    0000001c     ec11_encoder.o (.text.EC11_GetButtonEvent)
                  00006580    0000001c     ec11_encoder.o (.text.EC11_GetDelta)
                  0000659c    00000018     driverlib.a : dl_timer.o (.text.DL_Timer_setCaptureCompareOutCtl)
                  000065b4    00000018     empty.o (.text.TIMG12_IRQHandler)
                  000065cc    00000016     board_i2c.o (.text.Board_I2C_Write)
                  000065e2    00000016     board_i2c.o (.text.Board_I2C_WriteReg)
                  000065f8    00000012     driverlib.a : dl_uart.o (.text.DL_UART_setClockConfig)
                  0000660a    00000012     libc.a : copy_decompress_none.c.obj (.text:decompress:none)
                  0000661c    00000010     driverlib.a : dl_timer.o (.text.DL_Timer_setCaptureCompareValue)
                  0000662c    00000010     libc.a : copy_zero_init.c.obj (.text:decompress:ZI)
                  0000663c    0000000e     libclang_rt.builtins.a : aeabi_memset.S.obj (.text.__aeabi_memset)
                  0000664a    00000002     competition_tasks.o (.text.Problem4_Task)
                  0000664c    0000000c     libclang_rt.builtins.a : aeabi_memset.S.obj (.text.__aeabi_memclr)
                  00006658    0000000a     driverlib.a : dl_common.o (.text.DL_Common_delayCycles)
                  00006662    00000008     line_tracker.o (.text.LineTracker_Init)
                  0000666a    00000008     competition_tasks.o (.text.Problem1_Enter)
                  00006672    00000008     competition_tasks.o (.text.Problem2_Enter)
                  0000667a    00000008     competition_tasks.o (.text.Problem3_Enter)
                  00006682    00000008     competition_tasks.o (.text.Problem4_Enter)
                  0000668a    00000008     competition_tasks.o (.text.Problem5_Enter)
                  00006692    00000008     competition_tasks.o (.text.Problem6_Enter)
                  0000669a    00000008     competition_tasks.o (.text.Problem7_Enter)
                  000066a2    00000008     competition_tasks.o (.text.Problem8_Enter)
                  000066aa    00000002     competition_tasks.o (.text.Problem5_Exit)
                  000066ac    00000008     libclang_rt.builtins.a : aeabi_memcpy.S.obj (.text.__aeabi_memcpy)
                  000066b4    00000006     libc.a : exit.c.obj (.text:abort)
                  000066ba    00000004     libsysbm.a : hostexit.c.obj (.text.HOSTexit)
                  000066be    00000004     startup_mspm0g350x_ticlang.o (.text.Reset_Handler)
                  000066c2    00000004     libc.a : pre_init.c.obj (.text._system_pre_init)
                  000066c6    00000002     competition_tasks.o (.text.Problem5_Task)
                  000066c8    00000002     competition_tasks.o (.text.Problem6_Exit)
                  000066ca    00000002     competition_tasks.o (.text.Problem6_Task)
                  000066cc    00000002     competition_tasks.o (.text.Problem7_Exit)
                  000066ce    00000002     competition_tasks.o (.text.Problem7_Task)
                  000066d0    00000002     competition_tasks.o (.text.Problem8_Exit)
                  000066d2    00000002     competition_tasks.o (.text.Problem8_Task)
                  000066d4    00000002     libclang_rt.builtins.a : aeabi_div0.c.obj (.text.__aeabi_idiv0)
                  000066d6    00000002     --HOLE-- [fill = 0]

.cinit     0    00006970    000000b8     
                  00006970    00000093     (.cinit..data.load) [load image, compression = lzss]
                  00006a03    00000001     --HOLE-- [fill = 0]
                  00006a04    0000000c     (__TI_handler_table)
                  00006a10    00000008     (.cinit..bss.load) [load image, compression = zero_init]
                  00006a18    00000010     (__TI_cinit_table)

.rodata    0    000066d8    00000298     
                  000066d8    000000c0     oled_ssd1306.o (.rodata.s_chinese16)
                  00006798    00000037     oled_ssd1306.o (.rodata.s_font5x7)
                  000067cf    00000001     --HOLE-- [fill = 0]
                  000067d0    00000020     competition_tasks.o (.rodata.s_enter_table)
                  000067f0    00000020     competition_tasks.o (.rodata.s_exit_table)
                  00006810    00000020     competition_tasks.o (.rodata.s_task_table)
                  00006830    0000001c     oled_ssd1306.o (.rodata.s_oled_init_cmds)
                  0000684c    00000014     ti_msp_dl_config.o (.rodata.gTIMER_CONTROLTimerConfig)
                  00006860    00000011     debug_uart.o (.rodata.str1.6458327664208245438.1)
                  00006871    00000010     car_control.o (.rodata.cst16)
                  00006881    00000010     ec11_encoder.o (.rodata.cst16)
                  00006891    00000001     --HOLE-- [fill = 0]
                  00006892    0000000a     ti_msp_dl_config.o (.rodata.gUART_DEBUGConfig)
                  0000689c    00000009     debug_uart.o (.rodata.str1.12858735334856686681.1)
                  000068a5    00000009     debug_uart.o (.rodata.str1.402800920536087235.1)
                  000068ae    00000009     debug_uart.o (.rodata.str1.9871886773154595279.1)
                  000068b7    00000001     --HOLE-- [fill = 0]
                  000068b8    00000008     ti_msp_dl_config.o (.rodata.gPWM_0Config)
                  000068c0    00000008     debug_uart.o (.rodata.str1.11216194194454753251.1)
                  000068c8    00000008     debug_uart.o (.rodata.str1.12497135275599074458.1)
                  000068d0    00000008     debug_uart.o (.rodata.str1.13116950401002096570.1)
                  000068d8    00000008     debug_uart.o (.rodata.str1.15537960897562168936.1)
                  000068e0    00000008     debug_uart.o (.rodata.str1.2550248884874358827.1)
                  000068e8    00000008     debug_uart.o (.rodata.str1.6115349477757457877.1)
                  000068f0    00000007     debug_uart.o (.rodata.str1.11127159389407494402.1)
                  000068f7    00000007     debug_uart.o (.rodata.str1.15989200115357581723.1)
                  000068fe    00000007     debug_uart.o (.rodata.str1.17276799732225785065.1)
                  00006905    00000007     debug_uart.o (.rodata.str1.7094908962268454530.1)
                  0000690c    00000006     debug_uart.o (.rodata.str1.13276830473278608211.1)
                  00006912    00000006     debug_uart.o (.rodata.str1.13316212644771607044.1)
                  00006918    00000006     debug_uart.o (.rodata.str1.1432448451819883127.1)
                  0000691e    00000006     debug_uart.o (.rodata.str1.3746068638744227419.1)
                  00006924    00000005     debug_uart.o (.rodata.str1.13450742778052438634.1)
                  00006929    00000005     debug_uart.o (.rodata.str1.16381963267101565806.1)
                  0000692e    00000005     debug_uart.o (.rodata.str1.4842307917106963007.1)
                  00006933    00000005     debug_uart.o (.rodata.str1.740724646930964178.1)
                  00006938    00000005     debug_uart.o (.rodata.str1.8522134641051796514.1)
                  0000693d    00000005     debug_uart.o (.rodata.str1.9056856435488061599.1)
                  00006942    00000003     ti_msp_dl_config.o (.rodata.gPWM_0ClockConfig)
                  00006945    00000003     ti_msp_dl_config.o (.rodata.gQEI_0ClockConfig)
                  00006948    00000003     ti_msp_dl_config.o (.rodata.gTIMER_CONTROLClockConfig)
                  0000694b    00000003     debug_uart.o (.rodata.str1.12874694364276345362.1)
                  0000694e    00000003     debug_uart.o (.rodata.str1.3299855054303412028.1)
                  00006951    00000003     debug_uart.o (.rodata.str1.5678097850300819098.1)
                  00006954    00000003     debug_uart.o (.rodata.str1.5752133939041076255.1)
                  00006957    00000003     debug_uart.o (.rodata.str1.6094391537229473979.1)
                  0000695a    00000003     debug_uart.o (.rodata.str1.8346066712588484577.1)
                  0000695d    00000002     ti_msp_dl_config.o (.rodata.gI2C_MPUClockConfig)
                  0000695f    00000002     ti_msp_dl_config.o (.rodata.gUART_DEBUGClockConfig)
                  00006961    00000002     debug_uart.o (.rodata.str1.13678368368045285259.1)
                  00006963    00000002     debug_uart.o (.rodata.str1.15445407551556458809.1)
                  00006965    00000002     debug_uart.o (.rodata.str1.5710605537803565424.1)
                  00006967    00000002     debug_uart.o (.rodata.str1.5817733747436598827.1)
                  00006969    00000007     --HOLE-- [fill = 0]

.init_array 
*          0    00000000    00000000     UNINITIALIZED

.binit     0    00000000    00000000     

.bss       0    20200000    0000063c     UNINITIALIZED
                  20200000    00000400     oled_ssd1306.o (.bss.s_buffer)
                  20200400    000000bc     (.common:gPWM_0Backup)
                  202004bc    000000a0     (.common:gQEI_0Backup)
                  2020055c    00000080     debug_uart.o (.bss.s_rx_buffer)
                  202005dc    00000060     debug_uart.o (.bss.s_line_buffer)

.data      0    2020063c    0000017a     UNINITIALIZED
                  2020063c    00000100     car_control.o (.data.g_car)
                  2020073c    0000001c     mpu6050.o (.data.g_mpu6050)
                  20200758    00000018     line_tracker.o (.data.g_line)
                  20200770    00000010     ec11_encoder.o (.data.g_ec11)
                  20200780    00000008     oled_ssd1306.o (.data.g_oled)
                  20200788    00000004     ec11_encoder.o (.data.s_button_debounce_start_tick)
                  2020078c    00000004     ec11_encoder.o (.data.s_button_press_tick)
                  20200790    00000004     mpu6050.o (.data.s_last_sample_tick)
                  20200794    00000004     debug_uart.o (.data.s_last_vofa_tick)
                  20200798    00000004     car_control.o (.data.s_right_encoder_count)
                  2020079c    00000004     debug_uart.o (.data.vofa_test_send.x)
                  202007a0    00000003     problem_menu.o (.data.g_problem_menu)
                  202007a3    00000001     ec11_encoder.o (.data.s_ab_state)
                  202007a4    00000002     debug_uart.o (.data.s_line_length)
                  202007a6    00000002     debug_uart.o (.data.s_rx_head)
                  202007a8    00000002     debug_uart.o (.data.s_rx_tail)
                  202007aa    00000001     ec11_encoder.o (.data.s_button_event)
                  202007ab    00000001     ec11_encoder.o (.data.s_button_last_raw)
                  202007ac    00000001     ec11_encoder.o (.data.s_button_long_reported)
                  202007ad    00000001     ec11_encoder.o (.data.s_button_stable)
                  202007ae    00000001     ec11_encoder.o (.data.s_edge_accumulator)
                  202007af    00000001     problem_menu.o (.data.s_last_drawn_problem)
                  202007b0    00000001     problem_menu.o (.data.s_last_drawn_state)
                  202007b1    00000001     debug_uart.o (.data.s_line_overflow)
                  202007b2    00000001     ec11_encoder.o (.data.s_pending_delta)
                  202007b3    00000001     car_control.o (.data.s_right_encoder_state)
                  202007b4    00000001     debug_uart.o (.data.s_vofa_mode)
                  202007b5    00000001     debug_uart.o (.data.s_vofa_stream_enabled)

.stack     0    20207e00    00000200     UNINITIALIZED
                  20207e00    00000004     libc.a : boot_cortex_m.c.obj (.stack)
                  20207e04    000001fc     --HOLE--

__llvm_prf_cnts 
*          0    20200000    00000000     UNINITIALIZED

__llvm_prf_bits 
*          0    20200000    00000000     UNINITIALIZED

MODULE SUMMARY

       Module                         code    ro data   rw data
       ------                         ----    -------   -------
    .\
       debug_uart.o                   14600   200       241    
       oled_ssd1306.o                 1980    275       1032   
       car_control.o                  2656    16        261    
       ti_msp_dl_config.o             920     51        348    
       board_i2c.o                    1044    0         0      
       mpu6050.o                      600     0         32     
       ec11_encoder.o                 524     16        31     
       line_tracker.o                 428     0         24     
       problem_menu.o                 316     0         5      
       competition_tasks.o            196     96        0      
       startup_mspm0g350x_ticlang.o   6       192       0      
       empty.o                        192     0         0      
    +--+------------------------------+-------+---------+---------+
       Total:                         23462   846       1974   
                                                               
    F:/TI/mspm0_sdk_2_10_00_04/source/ti/driverlib/lib/ticlang/m0p/mspm0g1x0x_g3x0x/driverlib.a
       dl_timer.o                     608     0         0      
       dl_i2c.o                       240     0         0      
       dl_uart.o                      138     0         0      
       dl_common.o                    10      0         0      
    +--+------------------------------+-------+---------+---------+
       Total:                         996     0         0      
                                                               
    F:\TI\ccstheia\ccs\tools\compiler\ti-cgt-armllvm_4.0.4.LTS\lib\armv6m-ti-none-eabi/c/libc.a
       memcpy16.S.obj                 154     0         0      
       copy_decompress_lzss.c.obj     124     0         0      
       memset16.S.obj                 98      0         0      
       autoinit.c.obj                 60      0         0      
       boot_cortex_m.c.obj            40      0         0      
       copy_decompress_none.c.obj     18      0         0      
       copy_zero_init.c.obj           16      0         0      
       exit.c.obj                     6       0         0      
       pre_init.c.obj                 4       0         0      
    +--+------------------------------+-------+---------+---------+
       Total:                         520     0         0      
                                                               
    F:\TI\ccstheia\ccs\tools\compiler\ti-cgt-armllvm_4.0.4.LTS\lib\armv6m-ti-none-eabi/c/libsysbm.a
       hostexit.c.obj                 4       0         0      
    +--+------------------------------+-------+---------+---------+
       Total:                         4       0         0      
                                                               
    F:\TI\ccstheia\ccs\tools\compiler\ti-cgt-armllvm_4.0.4.LTS\lib\armv6m-ti-none-eabi/libclang_rt.builtins.a
       addsf3.S.obj                   216     0         0      
       mulsf3.S.obj                   140     0         0      
       divsf3.S.obj                   130     0         0      
       comparesf2.S.obj               118     0         0      
       aeabi_fcmp.S.obj               98      0         0      
       aeabi_idivmod.S.obj            86      0         0      
       aeabi_uidivmod.S.obj           64      0         0      
       floatsisf.S.obj                60      0         0      
       muldsi3.S.obj                  58      0         0      
       fixsfsi.S.obj                  56      0         0      
       fixunssfsi.S.obj               50      0         0      
       floatunsisf.S.obj              40      0         0      
       aeabi_memset.S.obj             26      0         0      
       aeabi_memcpy.S.obj             8       0         0      
       aeabi_div0.c.obj               2       0         0      
    +--+------------------------------+-------+---------+---------+
       Total:                         1152    0         0      
                                                               
       Stack:                         0       0         512    
       Linker Generated:              0       183       0      
    +--+------------------------------+-------+---------+---------+
       Grand Total:                   26134   1029      2486   


LINKER GENERATED COPY TABLES

__TI_cinit_table @ 00006a18 records: 2, size/record: 8, table size: 16
	.data: load addr=00006970, load size=00000093 bytes, run addr=2020063c, run size=0000017a bytes, compression=lzss
	.bss: load addr=00006a10, load size=00000008 bytes, run addr=20200000, run size=0000063c bytes, compression=zero_init


LINKER GENERATED HANDLER TABLE

__TI_handler_table @ 00006a04 records: 3, size/record: 4, table size: 12
	index: 0, handler: __TI_decompress_lzss
	index: 1, handler: __TI_decompress_none
	index: 2, handler: __TI_zero_init


GLOBAL SYMBOLS: SORTED ALPHABETICALLY BY Name 

address   name                            
-------   ----                            
000058bb  ADC0_IRQHandler                 
000058bb  ADC1_IRQHandler                 
000058bb  AES_IRQHandler                  
00002f09  Board_I2C_ReadRegs              
000065cd  Board_I2C_Write                 
000065e3  Board_I2C_WriteReg              
000066ba  C$$EXIT                         
000058bb  CANFD0_IRQHandler               
0000266d  Car_ControlStep                 
000058bd  Car_Init                        
000064cd  Car_StartLineFollow             
00004b5d  Car_Stop                        
000064ed  CompetitionTasks_Enter          
000064a9  CompetitionTasks_Exit           
0000650d  CompetitionTasks_Task           
000058bb  DAC0_IRQHandler                 
00006659  DL_Common_delayCycles           
00005e8d  DL_I2C_fillControllerTXFIFO     
000063a1  DL_I2C_flushControllerRXFIFO    
00006121  DL_I2C_flushControllerTXFIFO    
00006481  DL_I2C_setClockConfig           
00004c61  DL_Timer_initFourCCPWMMode      
00004d65  DL_Timer_initTimerMode          
0000652d  DL_Timer_setCaptCompUpdateMethod
0000659d  DL_Timer_setCaptureCompareOutCtl
0000661d  DL_Timer_setCaptureCompareValue 
00006549  DL_Timer_setClockConfig         
00006099  DL_UART_init                    
000065f9  DL_UART_setClockConfig          
000063d1  DL_UART_transmitDataBlocking    
000058bb  DMA_IRQHandler                  
000056e5  Debug_UART_Init                 
000000c1  Debug_UART_ProcessRx            
00005f49  Debug_UART_Task                 
000058bb  Default_Handler                 
00006565  EC11_GetButtonEvent             
00006581  EC11_GetDelta                   
00005641  EC11_HandleABInterrupt          
00005b05  EC11_Init                       
00005449  EC11_Task                       
000058bb  GROUP0_IRQHandler               
00005c89  GROUP1_IRQHandler               
000066bb  HOSTexit                        
000058bb  HardFault_Handler               
000058bb  I2C0_IRQHandler                 
000058bb  I2C1_IRQHandler                 
00006663  LineTracker_Init                
0000426d  LineTracker_Update              
00005399  MPU6050_Calibrate               
00004a51  MPU6050_Init                    
00005785  MPU6050_Task                    
000058bb  NMI_Handler                     
00005125  OLED_DrawProblemSelect          
0000457d  OLED_DrawProblemSelected        
000039dd  OLED_Init                       
000035e5  OLED_Update                     
000058bb  PendSV_Handler                  
00005eed  ProblemMenu_Init                
00005045  ProblemMenu_Task                
000058bb  RTC_IRQHandler                  
000066bf  Reset_Handler                   
000058bb  SPI0_IRQHandler                 
000058bb  SPI1_IRQHandler                 
000058bb  SVC_Handler                     
00004e61  SYSCFG_DL_GPIO_init             
00005ff9  SYSCFG_DL_I2C_MPU_init          
000059ed  SYSCFG_DL_PWM_0_init            
0000604d  SYSCFG_DL_QEI_0_init            
00006401  SYSCFG_DL_SYSCTL_init           
000062fd  SYSCFG_DL_TIMER_CONTROL_init    
00005cf9  SYSCFG_DL_UART_DEBUG_init       
0000615d  SYSCFG_DL_init                  
00005e2d  SYSCFG_DL_initPower             
000058bb  SysTick_Handler                 
000058bb  TIMA0_IRQHandler                
000058bb  TIMA1_IRQHandler                
000058bb  TIMG0_IRQHandler                
000065b5  TIMG12_IRQHandler               
000058bb  TIMG6_IRQHandler                
000058bb  TIMG7_IRQHandler                
000058bb  TIMG8_IRQHandler                
000058bb  UART0_IRQHandler                
000052d9  UART1_IRQHandler                
000058bb  UART2_IRQHandler                
000058bb  UART3_IRQHandler                
20208000  __STACK_END                     
00000200  __STACK_SIZE                    
00000000  __TI_ATRegion0_region_sz        
00000000  __TI_ATRegion0_src_addr         
00000000  __TI_ATRegion0_trg_addr         
00000000  __TI_ATRegion1_region_sz        
00000000  __TI_ATRegion1_src_addr         
00000000  __TI_ATRegion1_trg_addr         
00000000  __TI_ATRegion2_region_sz        
00000000  __TI_ATRegion2_src_addr         
00000000  __TI_ATRegion2_trg_addr         
00006a18  __TI_CINIT_Base                 
00006a28  __TI_CINIT_Limit                
00006a28  __TI_CINIT_Warm                 
00006a04  __TI_Handler_Table_Base         
00006a10  __TI_Handler_Table_Limit        
00006211  __TI_auto_init_nobinit_nopinit  
00005c0d  __TI_decompress_lzss            
0000660b  __TI_decompress_none            
ffffffff  __TI_pprof_out_hndl             
ffffffff  __TI_prof_data_size             
ffffffff  __TI_prof_data_start            
00000000  __TI_static_base__              
0000662d  __TI_zero_init                  
0000520b  __addsf3                        
00006335  __aeabi_f2iz                    
0000636d  __aeabi_f2uiz                   
0000520b  __aeabi_fadd                    
00005d69  __aeabi_fcmpeq                  
00005da5  __aeabi_fcmpge                  
00005db9  __aeabi_fcmpgt                  
00005d91  __aeabi_fcmple                  
00005d7d  __aeabi_fcmplt                  
00005b89  __aeabi_fdiv                    
00005a79  __aeabi_fmul                    
00005201  __aeabi_fsub                    
00006199  __aeabi_i2f                     
00005fa1  __aeabi_idiv                    
000066d5  __aeabi_idiv0                   
00005fa1  __aeabi_idivmod                 
0000664d  __aeabi_memclr                  
0000664d  __aeabi_memclr4                 
0000664d  __aeabi_memclr8                 
000066ad  __aeabi_memcpy                  
000066ad  __aeabi_memcpy4                 
000066ad  __aeabi_memcpy8                 
0000663d  __aeabi_memset                  
0000663d  __aeabi_memset4                 
0000663d  __aeabi_memset8                 
00006431  __aeabi_ui2f                    
000060e1  __aeabi_uidiv                   
000060e1  __aeabi_uidivmod                
ffffffff  __binit__                       
0000624d  __cmpsf2                        
00005b89  __divsf3                        
0000624d  __eqsf2                         
00006335  __fixsfsi                       
0000636d  __fixunssfsi                    
00006199  __floatsisf                     
00006431  __floatunsisf                   
000061d5  __gesf2                         
000061d5  __gtsf2                         
0000624d  __lesf2                         
0000624d  __ltsf2                         
UNDEFED   __mpu_init                      
00006289  __muldsi3                       
00005a79  __mulsf3                        
0000624d  __nesf2                         
20207e00  __stack                         
20200000  __start___llvm_prf_bits         
20200000  __start___llvm_prf_cnts         
20200000  __stop___llvm_prf_bits          
20200000  __stop___llvm_prf_cnts          
00005201  __subsf3                        
00006459  _c_int00_noargs                 
UNDEFED   _system_post_cinit              
000066c3  _system_pre_init                
000066b5  abort                           
ffffffff  binit                           
20200400  gPWM_0Backup                    
202004bc  gQEI_0Backup                    
2020063c  g_car                           
20200770  g_ec11                          
20200758  g_line                          
2020073c  g_mpu6050                       
20200780  g_oled                          
202007a0  g_problem_menu                  
00000000  interruptVectors                
000054f5  main                            
00005821  memcpy                          
00005dcb  memset                          
00003f19  vofa_gyro_send                  
00003d5d  vofa_line_send                  
00003b9d  vofa_speed_send                 
00004411  vofa_test_send                  


GLOBAL SYMBOLS: SORTED BY Symbol Address 

address   name                            
-------   ----                            
00000000  __TI_ATRegion0_region_sz        
00000000  __TI_ATRegion0_src_addr         
00000000  __TI_ATRegion0_trg_addr         
00000000  __TI_ATRegion1_region_sz        
00000000  __TI_ATRegion1_src_addr         
00000000  __TI_ATRegion1_trg_addr         
00000000  __TI_ATRegion2_region_sz        
00000000  __TI_ATRegion2_src_addr         
00000000  __TI_ATRegion2_trg_addr         
00000000  __TI_static_base__              
00000000  interruptVectors                
000000c1  Debug_UART_ProcessRx            
00000200  __STACK_SIZE                    
0000266d  Car_ControlStep                 
00002f09  Board_I2C_ReadRegs              
000035e5  OLED_Update                     
000039dd  OLED_Init                       
00003b9d  vofa_speed_send                 
00003d5d  vofa_line_send                  
00003f19  vofa_gyro_send                  
0000426d  LineTracker_Update              
00004411  vofa_test_send                  
0000457d  OLED_DrawProblemSelected        
00004a51  MPU6050_Init                    
00004b5d  Car_Stop                        
00004c61  DL_Timer_initFourCCPWMMode      
00004d65  DL_Timer_initTimerMode          
00004e61  SYSCFG_DL_GPIO_init             
00005045  ProblemMenu_Task                
00005125  OLED_DrawProblemSelect          
00005201  __aeabi_fsub                    
00005201  __subsf3                        
0000520b  __addsf3                        
0000520b  __aeabi_fadd                    
000052d9  UART1_IRQHandler                
00005399  MPU6050_Calibrate               
00005449  EC11_Task                       
000054f5  main                            
00005641  EC11_HandleABInterrupt          
000056e5  Debug_UART_Init                 
00005785  MPU6050_Task                    
00005821  memcpy                          
000058bb  ADC0_IRQHandler                 
000058bb  ADC1_IRQHandler                 
000058bb  AES_IRQHandler                  
000058bb  CANFD0_IRQHandler               
000058bb  DAC0_IRQHandler                 
000058bb  DMA_IRQHandler                  
000058bb  Default_Handler                 
000058bb  GROUP0_IRQHandler               
000058bb  HardFault_Handler               
000058bb  I2C0_IRQHandler                 
000058bb  I2C1_IRQHandler                 
000058bb  NMI_Handler                     
000058bb  PendSV_Handler                  
000058bb  RTC_IRQHandler                  
000058bb  SPI0_IRQHandler                 
000058bb  SPI1_IRQHandler                 
000058bb  SVC_Handler                     
000058bb  SysTick_Handler                 
000058bb  TIMA0_IRQHandler                
000058bb  TIMA1_IRQHandler                
000058bb  TIMG0_IRQHandler                
000058bb  TIMG6_IRQHandler                
000058bb  TIMG7_IRQHandler                
000058bb  TIMG8_IRQHandler                
000058bb  UART0_IRQHandler                
000058bb  UART2_IRQHandler                
000058bb  UART3_IRQHandler                
000058bd  Car_Init                        
000059ed  SYSCFG_DL_PWM_0_init            
00005a79  __aeabi_fmul                    
00005a79  __mulsf3                        
00005b05  EC11_Init                       
00005b89  __aeabi_fdiv                    
00005b89  __divsf3                        
00005c0d  __TI_decompress_lzss            
00005c89  GROUP1_IRQHandler               
00005cf9  SYSCFG_DL_UART_DEBUG_init       
00005d69  __aeabi_fcmpeq                  
00005d7d  __aeabi_fcmplt                  
00005d91  __aeabi_fcmple                  
00005da5  __aeabi_fcmpge                  
00005db9  __aeabi_fcmpgt                  
00005dcb  memset                          
00005e2d  SYSCFG_DL_initPower             
00005e8d  DL_I2C_fillControllerTXFIFO     
00005eed  ProblemMenu_Init                
00005f49  Debug_UART_Task                 
00005fa1  __aeabi_idiv                    
00005fa1  __aeabi_idivmod                 
00005ff9  SYSCFG_DL_I2C_MPU_init          
0000604d  SYSCFG_DL_QEI_0_init            
00006099  DL_UART_init                    
000060e1  __aeabi_uidiv                   
000060e1  __aeabi_uidivmod                
00006121  DL_I2C_flushControllerTXFIFO    
0000615d  SYSCFG_DL_init                  
00006199  __aeabi_i2f                     
00006199  __floatsisf                     
000061d5  __gesf2                         
000061d5  __gtsf2                         
00006211  __TI_auto_init_nobinit_nopinit  
0000624d  __cmpsf2                        
0000624d  __eqsf2                         
0000624d  __lesf2                         
0000624d  __ltsf2                         
0000624d  __nesf2                         
00006289  __muldsi3                       
000062fd  SYSCFG_DL_TIMER_CONTROL_init    
00006335  __aeabi_f2iz                    
00006335  __fixsfsi                       
0000636d  __aeabi_f2uiz                   
0000636d  __fixunssfsi                    
000063a1  DL_I2C_flushControllerRXFIFO    
000063d1  DL_UART_transmitDataBlocking    
00006401  SYSCFG_DL_SYSCTL_init           
00006431  __aeabi_ui2f                    
00006431  __floatunsisf                   
00006459  _c_int00_noargs                 
00006481  DL_I2C_setClockConfig           
000064a9  CompetitionTasks_Exit           
000064cd  Car_StartLineFollow             
000064ed  CompetitionTasks_Enter          
0000650d  CompetitionTasks_Task           
0000652d  DL_Timer_setCaptCompUpdateMethod
00006549  DL_Timer_setClockConfig         
00006565  EC11_GetButtonEvent             
00006581  EC11_GetDelta                   
0000659d  DL_Timer_setCaptureCompareOutCtl
000065b5  TIMG12_IRQHandler               
000065cd  Board_I2C_Write                 
000065e3  Board_I2C_WriteReg              
000065f9  DL_UART_setClockConfig          
0000660b  __TI_decompress_none            
0000661d  DL_Timer_setCaptureCompareValue 
0000662d  __TI_zero_init                  
0000663d  __aeabi_memset                  
0000663d  __aeabi_memset4                 
0000663d  __aeabi_memset8                 
0000664d  __aeabi_memclr                  
0000664d  __aeabi_memclr4                 
0000664d  __aeabi_memclr8                 
00006659  DL_Common_delayCycles           
00006663  LineTracker_Init                
000066ad  __aeabi_memcpy                  
000066ad  __aeabi_memcpy4                 
000066ad  __aeabi_memcpy8                 
000066b5  abort                           
000066ba  C$$EXIT                         
000066bb  HOSTexit                        
000066bf  Reset_Handler                   
000066c3  _system_pre_init                
000066d5  __aeabi_idiv0                   
00006a04  __TI_Handler_Table_Base         
00006a10  __TI_Handler_Table_Limit        
00006a18  __TI_CINIT_Base                 
00006a28  __TI_CINIT_Limit                
00006a28  __TI_CINIT_Warm                 
20200000  __start___llvm_prf_bits         
20200000  __start___llvm_prf_cnts         
20200000  __stop___llvm_prf_bits          
20200000  __stop___llvm_prf_cnts          
20200400  gPWM_0Backup                    
202004bc  gQEI_0Backup                    
2020063c  g_car                           
2020073c  g_mpu6050                       
20200758  g_line                          
20200770  g_ec11                          
20200780  g_oled                          
202007a0  g_problem_menu                  
20207e00  __stack                         
20208000  __STACK_END                     
ffffffff  __TI_pprof_out_hndl             
ffffffff  __TI_prof_data_size             
ffffffff  __TI_prof_data_start            
ffffffff  __binit__                       
ffffffff  binit                           
UNDEFED   __mpu_init                      
UNDEFED   _system_post_cinit              

[180 symbols]
