******************************************************************************
            TI ARM Clang Linker PC v4.0.4                      
******************************************************************************
>> Linked Sun Jul 12 22:21:07 2026

OUTPUT FILE NAME:   <TI_Car_no_buletooth.out>
ENTRY POINT SYMBOL: "_c_int00_noargs"  address: 00004e55


MEMORY CONFIGURATION

         name            origin    length      used     unused   attr    fill
----------------------  --------  ---------  --------  --------  ----  --------
  FLASH                 00000000   00020000  00005138  0001aec8  R  X
  SRAM                  20200000   00008000  00000542  00007abe  RW X
  BCR_CONFIG            41c00000   000000ff  00000000  000000ff  R   
  BSL_CONFIG            41c00100   00000080  00000000  00000080  R   


SEGMENT ALLOCATION MAP

run origin  load origin   length   init length attrs members
----------  ----------- ---------- ----------- ----- -------
00000000    00000000    00005138   00005138    r-x
  00000000    00000000    000000c0   000000c0    r-- .intvecs
  000000c0    000000c0    00004ef8   00004ef8    r-x .text
  00004fb8    00004fb8    000000f8   000000f8    r-- .rodata
  000050b0    000050b0    00000088   00000088    r-- .cinit
20200000    20200000    00000342   00000000    rw-
  20200000    20200000    0000023c   00000000    rw- .bss
  2020023c    2020023c    00000106   00000000    rw- .data
20207e00    20207e00    00000200   00000000    rw-
  20207e00    20207e00    00000200   00000000    rw- .stack


SECTION ALLOCATION MAP

 output                                  attributes/
section   page    origin      length       input sections
--------  ----  ----------  ----------   ----------------
.intvecs   0    00000000    000000c0     
                  00000000    000000c0     startup_mspm0g350x_ticlang.o (.intvecs)

.text      0    000000c0    00004ef8     
                  000000c0    00001614     debug_uart.o (.text.Debug_UART_ProcessRx)
                  000016d4    00000bf0     debug_uart.o (.text.Debug_UART_SendStatus)
                  000022c4    000002f8     car_control.o (.text.Car_ControlStep)
                  000025bc    00000264     debug_uart.o (.text.Debug_UART_AppendFloat)
                  00002820    00000248     debug_uart.o (.text.Debug_UART_ParseFloatList)
                  00002a68    000001dc     mpu6050.o (.text.MPU6050_ReadRegs)
                  00002c44    000001d4     debug_uart.o (.text.Debug_UART_ParseFloat)
                  00002e18    000001c0     debug_uart.o (.text.vofa_speed_send)
                  00002fd8    000001bc     debug_uart.o (.text.vofa_line_send)
                  00003194    000001ac     debug_uart.o (.text.vofa_gyro_send)
                  00003340    000001a4     line_tracker.o (.text.LineTracker_Update)
                  000034e4    0000016c     debug_uart.o (.text.vofa_test_send)
                  00003650    00000120     debug_uart.o (.text.Debug_UART_SendOkFloat)
                  00003770    00000118     mpu6050.o (.text.MPU6050_WriteReg)
                  00003888    00000110     car_control.o (.text.Car_PidStep)
                  00003998    00000104     car_control.o (.text.Car_Stop)
                  00003a9c    00000104     driverlib.a : dl_timer.o (.text.DL_Timer_initFourCCPWMMode)
                  00003ba0    00000100     mpu6050.o (.text.MPU6050_Init)
                  00003ca0    000000fc     driverlib.a : dl_timer.o (.text.DL_Timer_initTimerMode)
                  00003d9c    000000dc     ti_msp_dl_config.o (.text.SYSCFG_DL_GPIO_init)
                  00003e78    000000d8     libclang_rt.builtins.a : addsf3.S.obj (.text)
                  00003f50    000000c0     debug_uart.o (.text.UART1_IRQHandler)
                  00004010    000000ac     mpu6050.o (.text.MPU6050_Calibrate)
                  000040bc    000000a4     debug_uart.o (.text.Debug_UART_CommandEquals)
                  00004160    000000a0     debug_uart.o (.text.Debug_UART_Init)
                  00004200    0000009c     mpu6050.o (.text.MPU6050_Task)
                  0000429c    0000009a     libc.a : memcpy16.S.obj (.text:memcpy)
                  00004336    00000002     startup_mspm0g350x_ticlang.o (.text.Default_Handler)
                  00004338    00000098     car_control.o (.text.Car_Init)
                  000043d0    00000098     debug_uart.o (.text.Debug_UART_GetArg)
                  00004468    0000008c     ti_msp_dl_config.o (.text.SYSCFG_DL_PWM_0_init)
                  000044f4    0000008c     libclang_rt.builtins.a : mulsf3.S.obj (.text.__mulsf3)
                  00004580    00000084     empty.o (.text.main)
                  00004604    00000082     libclang_rt.builtins.a : divsf3.S.obj (.text.__divsf3)
                  00004686    00000002                            : aeabi_div0.c.obj (.text.__aeabi_idiv0)
                  00004688    0000007c     libc.a : copy_decompress_lzss.c.obj (.text:decompress:lzss)
                  00004704    00000070     ti_msp_dl_config.o (.text.SYSCFG_DL_UART_DEBUG_init)
                  00004774    00000062     libclang_rt.builtins.a : aeabi_fcmp.S.obj (.text.__aeabi_fcmp)
                  000047d6    00000062     libc.a : memset16.S.obj (.text:memset)
                  00004838    00000060     ti_msp_dl_config.o (.text.SYSCFG_DL_initPower)
                  00004898    0000005e     driverlib.a : dl_i2c.o (.text.DL_I2C_fillControllerTXFIFO)
                  000048f6    00000002     --HOLE-- [fill = 0]
                  000048f8    00000058     debug_uart.o (.text.Debug_UART_Task)
                  00004950    00000056     libclang_rt.builtins.a : aeabi_idivmod.S.obj (.text.__aeabi_idivmod)
                  000049a6    00000002     --HOLE-- [fill = 0]
                  000049a8    00000054     car_control.o (.text.GROUP1_IRQHandler)
                  000049fc    00000054     ti_msp_dl_config.o (.text.SYSCFG_DL_I2C_MPU_init)
                  00004a50    0000004c     ti_msp_dl_config.o (.text.SYSCFG_DL_QEI_0_init)
                  00004a9c    00000048     driverlib.a : dl_uart.o (.text.DL_UART_init)
                  00004ae4    00000040     libclang_rt.builtins.a : aeabi_uidivmod.S.obj (.text.__aeabi_uidivmod)
                  00004b24    0000003c     driverlib.a : dl_i2c.o (.text.DL_I2C_flushControllerTXFIFO)
                  00004b60    0000003c     ti_msp_dl_config.o (.text.SYSCFG_DL_init)
                  00004b9c    0000003c     libclang_rt.builtins.a : floatsisf.S.obj (.text.__floatsisf)
                  00004bd8    0000003c                            : comparesf2.S.obj (.text.__gtsf2)
                  00004c14    0000003c     libc.a : autoinit.c.obj (.text:__TI_auto_init_nobinit_nopinit)
                  00004c50    0000003a     libclang_rt.builtins.a : comparesf2.S.obj (.text.__eqsf2)
                  00004c8a    00000002     --HOLE-- [fill = 0]
                  00004c8c    0000003a                            : muldsi3.S.obj (.text.__muldsi3)
                  00004cc6    00000002     --HOLE-- [fill = 0]
                  00004cc8    00000038     ti_msp_dl_config.o (.text.SYSCFG_DL_TIMER_CONTROL_init)
                  00004d00    00000038     libclang_rt.builtins.a : fixsfsi.S.obj (.text.__fixsfsi)
                  00004d38    00000032                            : fixunssfsi.S.obj (.text.__fixunssfsi)
                  00004d6a    00000002     --HOLE-- [fill = 0]
                  00004d6c    00000030     driverlib.a : dl_i2c.o (.text.DL_I2C_flushControllerRXFIFO)
                  00004d9c    00000030                 : dl_uart.o (.text.DL_UART_transmitDataBlocking)
                  00004dcc    00000030     mpu6050.o (.text.MPU6050_RecoverBus)
                  00004dfc    00000030     ti_msp_dl_config.o (.text.SYSCFG_DL_SYSCTL_init)
                  00004e2c    00000028     libclang_rt.builtins.a : floatunsisf.S.obj (.text.__floatunsisf)
                  00004e54    00000028     libc.a : boot_cortex_m.c.obj (.text:_c_int00_noargs)
                  00004e7c    00000026     driverlib.a : dl_i2c.o (.text.DL_I2C_setClockConfig)
                  00004ea2    00000002     --HOLE-- [fill = 0]
                  00004ea4    00000020     car_control.o (.text.Car_StartLineFollow)
                  00004ec4    0000001c     driverlib.a : dl_timer.o (.text.DL_Timer_setCaptCompUpdateMethod)
                  00004ee0    0000001c                 : dl_timer.o (.text.DL_Timer_setClockConfig)
                  00004efc    00000018                 : dl_timer.o (.text.DL_Timer_setCaptureCompareOutCtl)
                  00004f14    00000018     empty.o (.text.TIMG12_IRQHandler)
                  00004f2c    00000016     libc.a : copy_zero_init.c.obj (.text:decompress:ZI:__TI_zero_init_nomemset)
                  00004f42    00000012     driverlib.a : dl_uart.o (.text.DL_UART_setClockConfig)
                  00004f54    00000012     libc.a : copy_decompress_none.c.obj (.text:decompress:none)
                  00004f66    00000002     --HOLE-- [fill = 0]
                  00004f68    00000010     driverlib.a : dl_timer.o (.text.DL_Timer_setCaptureCompareValue)
                  00004f78    0000000e     libclang_rt.builtins.a : aeabi_memset.S.obj (.text.__aeabi_memset)
                  00004f86    0000000a     driverlib.a : dl_common.o (.text.DL_Common_delayCycles)
                  00004f90    00000008     line_tracker.o (.text.LineTracker_Init)
                  00004f98    00000008     libclang_rt.builtins.a : aeabi_memcpy.S.obj (.text.__aeabi_memcpy)
                  00004fa0    00000006     libc.a : exit.c.obj (.text:abort)
                  00004fa6    00000004     libsysbm.a : hostexit.c.obj (.text.HOSTexit)
                  00004faa    00000004     startup_mspm0g350x_ticlang.o (.text.Reset_Handler)
                  00004fae    00000004     libc.a : pre_init.c.obj (.text._system_pre_init)
                  00004fb2    00000006     --HOLE-- [fill = 0]

.cinit     0    000050b0    00000088     
                  000050b0    00000062     (.cinit..data.load) [load image, compression = lzss]
                  00005112    00000002     --HOLE-- [fill = 0]
                  00005114    0000000c     (__TI_handler_table)
                  00005120    00000008     (.cinit..bss.load) [load image, compression = zero_init]
                  00005128    00000010     (__TI_cinit_table)

.rodata    0    00004fb8    000000f8     
                  00004fb8    00000014     ti_msp_dl_config.o (.rodata.gTIMER_CONTROLTimerConfig)
                  00004fcc    00000011     debug_uart.o (.rodata.str1.6458327664208245438.1)
                  00004fdd    00000010     car_control.o (.rodata.cst16)
                  00004fed    00000001     --HOLE-- [fill = 0]
                  00004fee    0000000a     ti_msp_dl_config.o (.rodata.gUART_DEBUGConfig)
                  00004ff8    00000009     debug_uart.o (.rodata.str1.13780910753272455840.1)
                  00005001    00000009     debug_uart.o (.rodata.str1.6115349477757457877.1)
                  0000500a    00000002     ti_msp_dl_config.o (.rodata.gI2C_MPUClockConfig)
                  0000500c    00000008     ti_msp_dl_config.o (.rodata.gPWM_0Config)
                  00005014    00000008     debug_uart.o (.rodata.str1.1053656881137762224.1)
                  0000501c    00000008     debug_uart.o (.rodata.str1.12497135275599074458.1)
                  00005024    00000008     debug_uart.o (.rodata.str1.13276830473278608211.1)
                  0000502c    00000008     debug_uart.o (.rodata.str1.15537960897562168936.1)
                  00005034    00000008     debug_uart.o (.rodata.str1.2550248884874358827.1)
                  0000503c    00000008     debug_uart.o (.rodata.str1.740724646930964178.1)
                  00005044    00000007     debug_uart.o (.rodata.str1.12113861098680340596.1)
                  0000504b    00000007     debug_uart.o (.rodata.str1.15989200115357581723.1)
                  00005052    00000007     debug_uart.o (.rodata.str1.402800920536087235.1)
                  00005059    00000006     debug_uart.o (.rodata.str1.10186957676173964635.1)
                  0000505f    00000006     debug_uart.o (.rodata.str1.13316212644771607044.1)
                  00005065    00000006     debug_uart.o (.rodata.str1.3746068638744227419.1)
                  0000506b    00000006     debug_uart.o (.rodata.str1.8496366744709085709.1)
                  00005071    00000005     debug_uart.o (.rodata.str1.1432448451819883127.1)
                  00005076    00000005     debug_uart.o (.rodata.str1.16381963267101565806.1)
                  0000507b    00000005     debug_uart.o (.rodata.str1.2473468214348230060.1)
                  00005080    00000005     debug_uart.o (.rodata.str1.435684989972102945.1)
                  00005085    00000005     debug_uart.o (.rodata.str1.6094391537229473979.1)
                  0000508a    00000003     ti_msp_dl_config.o (.rodata.gPWM_0ClockConfig)
                  0000508d    00000003     ti_msp_dl_config.o (.rodata.gQEI_0ClockConfig)
                  00005090    00000003     ti_msp_dl_config.o (.rodata.gTIMER_CONTROLClockConfig)
                  00005093    00000003     debug_uart.o (.rodata.str1.12858735334856686681.1)
                  00005096    00000003     debug_uart.o (.rodata.str1.12874694364276345362.1)
                  00005099    00000003     debug_uart.o (.rodata.str1.5678097850300819098.1)
                  0000509c    00000003     debug_uart.o (.rodata.str1.5752133939041076255.1)
                  0000509f    00000003     debug_uart.o (.rodata.str1.7094908962268454530.1)
                  000050a2    00000003     debug_uart.o (.rodata.str1.8346066712588484577.1)
                  000050a5    00000002     ti_msp_dl_config.o (.rodata.gUART_DEBUGClockConfig)
                  000050a7    00000002     debug_uart.o (.rodata.str1.13678368368045285259.1)
                  000050a9    00000002     debug_uart.o (.rodata.str1.15445407551556458809.1)
                  000050ab    00000002     debug_uart.o (.rodata.str1.5710605537803565424.1)
                  000050ad    00000002     debug_uart.o (.rodata.str1.5817733747436598827.1)
                  000050af    00000001     --HOLE-- [fill = 0]

.init_array 
*          0    00000000    00000000     UNINITIALIZED

.binit     0    00000000    00000000     

.bss       0    20200000    0000023c     UNINITIALIZED
                  20200000    000000bc     (.common:gPWM_0Backup)
                  202000bc    000000a0     (.common:gQEI_0Backup)
                  2020015c    00000080     debug_uart.o (.bss.s_rx_buffer)
                  202001dc    00000060     debug_uart.o (.bss.s_line_buffer)

.data      0    2020023c    00000106     UNINITIALIZED
                  2020023c    000000b8     car_control.o (.data.g_car)
                  202002f4    0000001c     mpu6050.o (.data.g_mpu6050)
                  20200310    00000018     line_tracker.o (.data.g_line)
                  20200328    00000004     mpu6050.o (.data.s_last_sample_tick)
                  2020032c    00000004     debug_uart.o (.data.s_last_vofa_tick)
                  20200330    00000004     car_control.o (.data.s_right_encoder_count)
                  20200334    00000004     debug_uart.o (.data.vofa_test_send.x)
                  20200338    00000002     debug_uart.o (.data.s_line_length)
                  2020033a    00000002     debug_uart.o (.data.s_rx_head)
                  2020033c    00000002     debug_uart.o (.data.s_rx_tail)
                  2020033e    00000001     debug_uart.o (.data.s_line_overflow)
                  2020033f    00000001     car_control.o (.data.s_right_encoder_state)
                  20200340    00000001     debug_uart.o (.data.s_vofa_mode)
                  20200341    00000001     debug_uart.o (.data.s_vofa_stream_enabled)

.stack     0    20207e00    00000200     UNINITIALIZED
                  20207e00    00000004     libc.a : boot_cortex_m.c.obj (.stack)
                  20207e04    000001fc     --HOLE--

__llvm_prf_cnts 
*          0    20200000    00000000     UNINITIALIZED

__llvm_prf_bits 
*          0    20200000    00000000     UNINITIALIZED

MODULE SUMMARY

       Module                         code    ro data   rw data
       ------                         ----    -------   -------
    .\
       debug_uart.o                   13100   179       241    
       car_control.o                  1560    16        189    
       mpu6050.o                      1388    0         32     
       ti_msp_dl_config.o             892     51        348    
       line_tracker.o                 428     0         24     
       startup_mspm0g350x_ticlang.o   6       192       0      
       empty.o                        156     0         0      
    +--+------------------------------+-------+---------+---------+
       Total:                         17530   438       834    
                                                               
    F:/TI/mspm0_sdk_2_10_00_04/source/ti/driverlib/lib/ticlang/m0p/mspm0g1x0x_g3x0x/driverlib.a
       dl_timer.o                     608     0         0      
       dl_i2c.o                       240     0         0      
       dl_uart.o                      138     0         0      
       dl_common.o                    10      0         0      
    +--+------------------------------+-------+---------+---------+
       Total:                         996     0         0      
                                                               
    F:\TI\ccstheia\ccs\tools\compiler\ti-cgt-armllvm_4.0.4.LTS\lib\armv6m-ti-none-eabi/c/libc.a
       memcpy16.S.obj                 154     0         0      
       copy_decompress_lzss.c.obj     124     0         0      
       memset16.S.obj                 98      0         0      
       autoinit.c.obj                 60      0         0      
       boot_cortex_m.c.obj            40      0         0      
       copy_zero_init.c.obj           22      0         0      
       copy_decompress_none.c.obj     18      0         0      
       exit.c.obj                     6       0         0      
       pre_init.c.obj                 4       0         0      
    +--+------------------------------+-------+---------+---------+
       Total:                         526     0         0      
                                                               
    F:\TI\ccstheia\ccs\tools\compiler\ti-cgt-armllvm_4.0.4.LTS\lib\armv6m-ti-none-eabi/c/libsysbm.a
       hostexit.c.obj                 4       0         0      
    +--+------------------------------+-------+---------+---------+
       Total:                         4       0         0      
                                                               
    F:\TI\ccstheia\ccs\tools\compiler\ti-cgt-armllvm_4.0.4.LTS\lib\armv6m-ti-none-eabi/libclang_rt.builtins.a
       addsf3.S.obj                   216     0         0      
       mulsf3.S.obj                   140     0         0      
       divsf3.S.obj                   130     0         0      
       comparesf2.S.obj               118     0         0      
       aeabi_fcmp.S.obj               98      0         0      
       aeabi_idivmod.S.obj            86      0         0      
       aeabi_uidivmod.S.obj           64      0         0      
       floatsisf.S.obj                60      0         0      
       muldsi3.S.obj                  58      0         0      
       fixsfsi.S.obj                  56      0         0      
       fixunssfsi.S.obj               50      0         0      
       floatunsisf.S.obj              40      0         0      
       aeabi_memset.S.obj             14      0         0      
       aeabi_memcpy.S.obj             8       0         0      
       aeabi_div0.c.obj               2       0         0      
    +--+------------------------------+-------+---------+---------+
       Total:                         1140    0         0      
                                                               
       Stack:                         0       0         512    
       Linker Generated:              0       134       0      
    +--+------------------------------+-------+---------+---------+
       Grand Total:                   20196   572       1346   


LINKER GENERATED COPY TABLES

__TI_cinit_table @ 00005128 records: 2, size/record: 8, table size: 16
	.data: load addr=000050b0, load size=00000062 bytes, run addr=2020023c, run size=00000106 bytes, compression=lzss
	.bss: load addr=00005120, load size=00000008 bytes, run addr=20200000, run size=0000023c bytes, compression=zero_init


LINKER GENERATED HANDLER TABLE

__TI_handler_table @ 00005114 records: 3, size/record: 4, table size: 12
	index: 0, handler: __TI_decompress_lzss
	index: 1, handler: __TI_decompress_none
	index: 2, handler: __TI_zero_init


GLOBAL SYMBOLS: SORTED ALPHABETICALLY BY Name 

address   name                            
-------   ----                            
00004337  ADC0_IRQHandler                 
00004337  ADC1_IRQHandler                 
00004337  AES_IRQHandler                  
00004fa6  C$$EXIT                         
00004337  CANFD0_IRQHandler               
000022c5  Car_ControlStep                 
00004339  Car_Init                        
00004ea5  Car_StartLineFollow             
00003999  Car_Stop                        
00004337  DAC0_IRQHandler                 
00004f87  DL_Common_delayCycles           
00004899  DL_I2C_fillControllerTXFIFO     
00004d6d  DL_I2C_flushControllerRXFIFO    
00004b25  DL_I2C_flushControllerTXFIFO    
00004e7d  DL_I2C_setClockConfig           
00003a9d  DL_Timer_initFourCCPWMMode      
00003ca1  DL_Timer_initTimerMode          
00004ec5  DL_Timer_setCaptCompUpdateMethod
00004efd  DL_Timer_setCaptureCompareOutCtl
00004f69  DL_Timer_setCaptureCompareValue 
00004ee1  DL_Timer_setClockConfig         
00004a9d  DL_UART_init                    
00004f43  DL_UART_setClockConfig          
00004d9d  DL_UART_transmitDataBlocking    
00004337  DMA_IRQHandler                  
00004161  Debug_UART_Init                 
000000c1  Debug_UART_ProcessRx            
000048f9  Debug_UART_Task                 
00004337  Default_Handler                 
00004337  GROUP0_IRQHandler               
000049a9  GROUP1_IRQHandler               
00004fa7  HOSTexit                        
00004337  HardFault_Handler               
00004337  I2C0_IRQHandler                 
00004337  I2C1_IRQHandler                 
00004f91  LineTracker_Init                
00003341  LineTracker_Update              
00004011  MPU6050_Calibrate               
00003ba1  MPU6050_Init                    
00004201  MPU6050_Task                    
00004337  NMI_Handler                     
00004337  PendSV_Handler                  
00004337  RTC_IRQHandler                  
00004fab  Reset_Handler                   
00004337  SPI0_IRQHandler                 
00004337  SPI1_IRQHandler                 
00004337  SVC_Handler                     
00003d9d  SYSCFG_DL_GPIO_init             
000049fd  SYSCFG_DL_I2C_MPU_init          
00004469  SYSCFG_DL_PWM_0_init            
00004a51  SYSCFG_DL_QEI_0_init            
00004dfd  SYSCFG_DL_SYSCTL_init           
00004cc9  SYSCFG_DL_TIMER_CONTROL_init    
00004705  SYSCFG_DL_UART_DEBUG_init       
00004b61  SYSCFG_DL_init                  
00004839  SYSCFG_DL_initPower             
00004337  SysTick_Handler                 
00004337  TIMA0_IRQHandler                
00004337  TIMA1_IRQHandler                
00004337  TIMG0_IRQHandler                
00004f15  TIMG12_IRQHandler               
00004337  TIMG6_IRQHandler                
00004337  TIMG7_IRQHandler                
00004337  TIMG8_IRQHandler                
00004337  UART0_IRQHandler                
00003f51  UART1_IRQHandler                
00004337  UART2_IRQHandler                
00004337  UART3_IRQHandler                
20208000  __STACK_END                     
00000200  __STACK_SIZE                    
00000000  __TI_ATRegion0_region_sz        
00000000  __TI_ATRegion0_src_addr         
00000000  __TI_ATRegion0_trg_addr         
00000000  __TI_ATRegion1_region_sz        
00000000  __TI_ATRegion1_src_addr         
00000000  __TI_ATRegion1_trg_addr         
00000000  __TI_ATRegion2_region_sz        
00000000  __TI_ATRegion2_src_addr         
00000000  __TI_ATRegion2_trg_addr         
00005128  __TI_CINIT_Base                 
00005138  __TI_CINIT_Limit                
00005138  __TI_CINIT_Warm                 
00005114  __TI_Handler_Table_Base         
00005120  __TI_Handler_Table_Limit        
00004c15  __TI_auto_init_nobinit_nopinit  
00004689  __TI_decompress_lzss            
00004f55  __TI_decompress_none            
ffffffff  __TI_pprof_out_hndl             
ffffffff  __TI_prof_data_size             
ffffffff  __TI_prof_data_start            
00000000  __TI_static_base__              
00004f2d  __TI_zero_init_nomemset         
00003e83  __addsf3                        
00004d01  __aeabi_f2iz                    
00004d39  __aeabi_f2uiz                   
00003e83  __aeabi_fadd                    
00004775  __aeabi_fcmpeq                  
000047b1  __aeabi_fcmpge                  
000047c5  __aeabi_fcmpgt                  
0000479d  __aeabi_fcmple                  
00004789  __aeabi_fcmplt                  
00004605  __aeabi_fdiv                    
000044f5  __aeabi_fmul                    
00003e79  __aeabi_fsub                    
00004b9d  __aeabi_i2f                     
00004951  __aeabi_idiv                    
00004687  __aeabi_idiv0                   
00004951  __aeabi_idivmod                 
00004f99  __aeabi_memcpy                  
00004f99  __aeabi_memcpy4                 
00004f99  __aeabi_memcpy8                 
00004f79  __aeabi_memset                  
00004f79  __aeabi_memset4                 
00004f79  __aeabi_memset8                 
00004e2d  __aeabi_ui2f                    
00004ae5  __aeabi_uidiv                   
00004ae5  __aeabi_uidivmod                
ffffffff  __binit__                       
00004c51  __cmpsf2                        
00004605  __divsf3                        
00004c51  __eqsf2                         
00004d01  __fixsfsi                       
00004d39  __fixunssfsi                    
00004b9d  __floatsisf                     
00004e2d  __floatunsisf                   
00004bd9  __gesf2                         
00004bd9  __gtsf2                         
00004c51  __lesf2                         
00004c51  __ltsf2                         
UNDEFED   __mpu_init                      
00004c8d  __muldsi3                       
000044f5  __mulsf3                        
00004c51  __nesf2                         
20207e00  __stack                         
20200000  __start___llvm_prf_bits         
20200000  __start___llvm_prf_cnts         
20200000  __stop___llvm_prf_bits          
20200000  __stop___llvm_prf_cnts          
00003e79  __subsf3                        
00004e55  _c_int00_noargs                 
UNDEFED   _system_post_cinit              
00004faf  _system_pre_init                
00004fa1  abort                           
ffffffff  binit                           
20200000  gPWM_0Backup                    
202000bc  gQEI_0Backup                    
2020023c  g_car                           
20200310  g_line                          
202002f4  g_mpu6050                       
00000000  interruptVectors                
00004581  main                            
0000429d  memcpy                          
000047d7  memset                          
00003195  vofa_gyro_send                  
00002fd9  vofa_line_send                  
00002e19  vofa_speed_send                 
000034e5  vofa_test_send                  


GLOBAL SYMBOLS: SORTED BY Symbol Address 

address   name                            
-------   ----                            
00000000  __TI_ATRegion0_region_sz        
00000000  __TI_ATRegion0_src_addr         
00000000  __TI_ATRegion0_trg_addr         
00000000  __TI_ATRegion1_region_sz        
00000000  __TI_ATRegion1_src_addr         
00000000  __TI_ATRegion1_trg_addr         
00000000  __TI_ATRegion2_region_sz        
00000000  __TI_ATRegion2_src_addr         
00000000  __TI_ATRegion2_trg_addr         
00000000  __TI_static_base__              
00000000  interruptVectors                
000000c1  Debug_UART_ProcessRx            
00000200  __STACK_SIZE                    
000022c5  Car_ControlStep                 
00002e19  vofa_speed_send                 
00002fd9  vofa_line_send                  
00003195  vofa_gyro_send                  
00003341  LineTracker_Update              
000034e5  vofa_test_send                  
00003999  Car_Stop                        
00003a9d  DL_Timer_initFourCCPWMMode      
00003ba1  MPU6050_Init                    
00003ca1  DL_Timer_initTimerMode          
00003d9d  SYSCFG_DL_GPIO_init             
00003e79  __aeabi_fsub                    
00003e79  __subsf3                        
00003e83  __addsf3                        
00003e83  __aeabi_fadd                    
00003f51  UART1_IRQHandler                
00004011  MPU6050_Calibrate               
00004161  Debug_UART_Init                 
00004201  MPU6050_Task                    
0000429d  memcpy                          
00004337  ADC0_IRQHandler                 
00004337  ADC1_IRQHandler                 
00004337  AES_IRQHandler                  
00004337  CANFD0_IRQHandler               
00004337  DAC0_IRQHandler                 
00004337  DMA_IRQHandler                  
00004337  Default_Handler                 
00004337  GROUP0_IRQHandler               
00004337  HardFault_Handler               
00004337  I2C0_IRQHandler                 
00004337  I2C1_IRQHandler                 
00004337  NMI_Handler                     
00004337  PendSV_Handler                  
00004337  RTC_IRQHandler                  
00004337  SPI0_IRQHandler                 
00004337  SPI1_IRQHandler                 
00004337  SVC_Handler                     
00004337  SysTick_Handler                 
00004337  TIMA0_IRQHandler                
00004337  TIMA1_IRQHandler                
00004337  TIMG0_IRQHandler                
00004337  TIMG6_IRQHandler                
00004337  TIMG7_IRQHandler                
00004337  TIMG8_IRQHandler                
00004337  UART0_IRQHandler                
00004337  UART2_IRQHandler                
00004337  UART3_IRQHandler                
00004339  Car_Init                        
00004469  SYSCFG_DL_PWM_0_init            
000044f5  __aeabi_fmul                    
000044f5  __mulsf3                        
00004581  main                            
00004605  __aeabi_fdiv                    
00004605  __divsf3                        
00004687  __aeabi_idiv0                   
00004689  __TI_decompress_lzss            
00004705  SYSCFG_DL_UART_DEBUG_init       
00004775  __aeabi_fcmpeq                  
00004789  __aeabi_fcmplt                  
0000479d  __aeabi_fcmple                  
000047b1  __aeabi_fcmpge                  
000047c5  __aeabi_fcmpgt                  
000047d7  memset                          
00004839  SYSCFG_DL_initPower             
00004899  DL_I2C_fillControllerTXFIFO     
000048f9  Debug_UART_Task                 
00004951  __aeabi_idiv                    
00004951  __aeabi_idivmod                 
000049a9  GROUP1_IRQHandler               
000049fd  SYSCFG_DL_I2C_MPU_init          
00004a51  SYSCFG_DL_QEI_0_init            
00004a9d  DL_UART_init                    
00004ae5  __aeabi_uidiv                   
00004ae5  __aeabi_uidivmod                
00004b25  DL_I2C_flushControllerTXFIFO    
00004b61  SYSCFG_DL_init                  
00004b9d  __aeabi_i2f                     
00004b9d  __floatsisf                     
00004bd9  __gesf2                         
00004bd9  __gtsf2                         
00004c15  __TI_auto_init_nobinit_nopinit  
00004c51  __cmpsf2                        
00004c51  __eqsf2                         
00004c51  __lesf2                         
00004c51  __ltsf2                         
00004c51  __nesf2                         
00004c8d  __muldsi3                       
00004cc9  SYSCFG_DL_TIMER_CONTROL_init    
00004d01  __aeabi_f2iz                    
00004d01  __fixsfsi                       
00004d39  __aeabi_f2uiz                   
00004d39  __fixunssfsi                    
00004d6d  DL_I2C_flushControllerRXFIFO    
00004d9d  DL_UART_transmitDataBlocking    
00004dfd  SYSCFG_DL_SYSCTL_init           
00004e2d  __aeabi_ui2f                    
00004e2d  __floatunsisf                   
00004e55  _c_int00_noargs                 
00004e7d  DL_I2C_setClockConfig           
00004ea5  Car_StartLineFollow             
00004ec5  DL_Timer_setCaptCompUpdateMethod
00004ee1  DL_Timer_setClockConfig         
00004efd  DL_Timer_setCaptureCompareOutCtl
00004f15  TIMG12_IRQHandler               
00004f2d  __TI_zero_init_nomemset         
00004f43  DL_UART_setClockConfig          
00004f55  __TI_decompress_none            
00004f69  DL_Timer_setCaptureCompareValue 
00004f79  __aeabi_memset                  
00004f79  __aeabi_memset4                 
00004f79  __aeabi_memset8                 
00004f87  DL_Common_delayCycles           
00004f91  LineTracker_Init                
00004f99  __aeabi_memcpy                  
00004f99  __aeabi_memcpy4                 
00004f99  __aeabi_memcpy8                 
00004fa1  abort                           
00004fa6  C$$EXIT                         
00004fa7  HOSTexit                        
00004fab  Reset_Handler                   
00004faf  _system_pre_init                
00005114  __TI_Handler_Table_Base         
00005120  __TI_Handler_Table_Limit        
00005128  __TI_CINIT_Base                 
00005138  __TI_CINIT_Limit                
00005138  __TI_CINIT_Warm                 
20200000  __start___llvm_prf_bits         
20200000  __start___llvm_prf_cnts         
20200000  __stop___llvm_prf_bits          
20200000  __stop___llvm_prf_cnts          
20200000  gPWM_0Backup                    
202000bc  gQEI_0Backup                    
2020023c  g_car                           
202002f4  g_mpu6050                       
20200310  g_line                          
20207e00  __stack                         
20208000  __STACK_END                     
ffffffff  __TI_pprof_out_hndl             
ffffffff  __TI_prof_data_size             
ffffffff  __TI_prof_data_start            
ffffffff  __binit__                       
ffffffff  binit                           
UNDEFED   __mpu_init                      
UNDEFED   _system_post_cinit              

[157 symbols]
