******************************************************************************
            TI ARM Clang Linker PC v4.0.4                      
******************************************************************************
>> Linked Fri Jul 10 14:35:12 2026

OUTPUT FILE NAME:   <TI_Car_no_buletooth.out>
ENTRY POINT SYMBOL: "_c_int00_noargs"  address: 0000129d


MEMORY CONFIGURATION

         name            origin    length      used     unused   attr    fill
----------------------  --------  ---------  --------  --------  ----  --------
  FLASH                 00000000   00020000  00001480  0001eb80  R  X
  SRAM                  20200000   00008000  00000431  00007bcf  RW X
  BCR_CONFIG            41c00000   000000ff  00000000  000000ff  R   
  BSL_CONFIG            41c00100   00000080  00000000  00000080  R   


SEGMENT ALLOCATION MAP

run origin  load origin   length   init length attrs members
----------  ----------- ---------- ----------- ----- -------
00000000    00000000    00001480   00001480    r-x
  00000000    00000000    000000c0   000000c0    r-- .intvecs
  000000c0    000000c0    000012f8   000012f8    r-x .text
  000013b8    000013b8    00000048   00000048    r-- .rodata
  00001400    00001400    00000080   00000080    r-- .cinit
20200000    20200000    00000231   00000000    rw-
  20200000    20200000    0000015c   00000000    rw- .bss
  2020015c    2020015c    000000d5   00000000    rw- .data
20207e00    20207e00    00000200   00000000    rw-
  20207e00    20207e00    00000200   00000000    rw- .stack


SECTION ALLOCATION MAP

 output                                  attributes/
section   page    origin      length       input sections
--------  ----  ----------  ----------   ----------------
.intvecs   0    00000000    000000c0     
                  00000000    000000c0     startup_mspm0g350x_ticlang.o (.intvecs)

.text      0    000000c0    000012f8     
                  000000c0    000002f8     car_control.o (.text.Car_ControlStep)
                  000003b8    000001a4     line_tracker.o (.text.LineTracker_Update)
                  0000055c    00000110     car_control.o (.text.Car_PidStep)
                  0000066c    00000104     car_control.o (.text.Car_Stop)
                  00000770    00000104     driverlib.a : dl_timer.o (.text.DL_Timer_initFourCCPWMMode)
                  00000874    000000fc                 : dl_timer.o (.text.DL_Timer_initTimerMode)
                  00000970    000000d8     libclang_rt.builtins.a : addsf3.S.obj (.text)
                  00000a48    000000ac     ti_msp_dl_config.o (.text.SYSCFG_DL_GPIO_init)
                  00000af4    0000009a     libc.a : memcpy16.S.obj (.text:memcpy)
                  00000b8e    00000002     debug_uart.o (.text.Debug_UART_Init)
                  00000b90    00000098     car_control.o (.text.Car_Init)
                  00000c28    0000008c     ti_msp_dl_config.o (.text.SYSCFG_DL_PWM_0_init)
                  00000cb4    0000008c     libclang_rt.builtins.a : mulsf3.S.obj (.text.__mulsf3)
                  00000d40    0000007c     libc.a : copy_decompress_lzss.c.obj (.text:decompress:lzss)
                  00000dbc    00000074     empty.o (.text.main)
                  00000e30    00000070     ti_msp_dl_config.o (.text.SYSCFG_DL_UART_DEBUG_init)
                  00000ea0    00000062     libclang_rt.builtins.a : aeabi_fcmp.S.obj (.text.__aeabi_fcmp)
                  00000f02    00000002     debug_uart.o (.text.Debug_UART_Task)
                  00000f04    00000056     libclang_rt.builtins.a : aeabi_idivmod.S.obj (.text.__aeabi_idivmod)
                  00000f5a    00000002     startup_mspm0g350x_ticlang.o (.text.Default_Handler)
                  00000f5c    00000054     car_control.o (.text.GROUP1_IRQHandler)
                  00000fb0    00000054     ti_msp_dl_config.o (.text.SYSCFG_DL_initPower)
                  00001004    0000004c     ti_msp_dl_config.o (.text.SYSCFG_DL_QEI_0_init)
                  00001050    00000048     driverlib.a : dl_uart.o (.text.DL_UART_init)
                  00001098    0000003c     libclang_rt.builtins.a : floatsisf.S.obj (.text.__floatsisf)
                  000010d4    0000003c                            : comparesf2.S.obj (.text.__gtsf2)
                  00001110    0000003c     libc.a : autoinit.c.obj (.text:__TI_auto_init_nobinit_nopinit)
                  0000114c    0000003a     libclang_rt.builtins.a : comparesf2.S.obj (.text.__eqsf2)
                  00001186    00000002                            : aeabi_div0.c.obj (.text.__aeabi_idiv0)
                  00001188    0000003a                            : muldsi3.S.obj (.text.__muldsi3)
                  000011c2    00000002     --HOLE-- [fill = 0]
                  000011c4    00000038     ti_msp_dl_config.o (.text.SYSCFG_DL_TIMER_CONTROL_init)
                  000011fc    00000038     ti_msp_dl_config.o (.text.SYSCFG_DL_init)
                  00001234    00000038     libclang_rt.builtins.a : fixsfsi.S.obj (.text.__fixsfsi)
                  0000126c    00000030     ti_msp_dl_config.o (.text.SYSCFG_DL_SYSCTL_init)
                  0000129c    00000028     libc.a : boot_cortex_m.c.obj (.text:_c_int00_noargs)
                  000012c4    0000001c     driverlib.a : dl_timer.o (.text.DL_Timer_setCaptCompUpdateMethod)
                  000012e0    0000001c                 : dl_timer.o (.text.DL_Timer_setClockConfig)
                  000012fc    00000018                 : dl_timer.o (.text.DL_Timer_setCaptureCompareOutCtl)
                  00001314    00000018     empty.o (.text.TIMG12_IRQHandler)
                  0000132c    00000016     libc.a : copy_zero_init.c.obj (.text:decompress:ZI:__TI_zero_init_nomemset)
                  00001342    00000012     driverlib.a : dl_uart.o (.text.DL_UART_setClockConfig)
                  00001354    00000012     libc.a : copy_decompress_none.c.obj (.text:decompress:none)
                  00001366    00000002     --HOLE-- [fill = 0]
                  00001368    00000010     driverlib.a : dl_timer.o (.text.DL_Timer_setCaptureCompareValue)
                  00001378    0000000c     debug_uart.o (.text.UART1_IRQHandler)
                  00001384    0000000a     driverlib.a : dl_common.o (.text.DL_Common_delayCycles)
                  0000138e    00000008     line_tracker.o (.text.LineTracker_Init)
                  00001396    00000002     --HOLE-- [fill = 0]
                  00001398    00000008     libclang_rt.builtins.a : aeabi_memcpy.S.obj (.text.__aeabi_memcpy)
                  000013a0    00000006     libc.a : exit.c.obj (.text:abort)
                  000013a6    00000004     libsysbm.a : hostexit.c.obj (.text.HOSTexit)
                  000013aa    00000004     startup_mspm0g350x_ticlang.o (.text.Reset_Handler)
                  000013ae    00000004     libc.a : pre_init.c.obj (.text._system_pre_init)
                  000013b2    00000006     --HOLE-- [fill = 0]

.cinit     0    00001400    00000080     
                  00001400    00000059     (.cinit..data.load) [load image, compression = lzss]
                  00001459    00000003     --HOLE-- [fill = 0]
                  0000145c    0000000c     (__TI_handler_table)
                  00001468    00000008     (.cinit..bss.load) [load image, compression = zero_init]
                  00001470    00000010     (__TI_cinit_table)

.rodata    0    000013b8    00000048     
                  000013b8    00000014     ti_msp_dl_config.o (.rodata.gTIMER_CONTROLTimerConfig)
                  000013cc    00000010     car_control.o (.rodata.cst16)
                  000013dc    0000000a     ti_msp_dl_config.o (.rodata.gUART_DEBUGConfig)
                  000013e6    00000002     ti_msp_dl_config.o (.rodata.gUART_DEBUGClockConfig)
                  000013e8    00000008     ti_msp_dl_config.o (.rodata.gPWM_0Config)
                  000013f0    00000003     ti_msp_dl_config.o (.rodata.gPWM_0ClockConfig)
                  000013f3    00000003     ti_msp_dl_config.o (.rodata.gQEI_0ClockConfig)
                  000013f6    00000003     ti_msp_dl_config.o (.rodata.gTIMER_CONTROLClockConfig)
                  000013f9    00000007     --HOLE-- [fill = 0]

.init_array 
*          0    00000000    00000000     UNINITIALIZED

.binit     0    00000000    00000000     

.bss       0    20200000    0000015c     UNINITIALIZED
                  20200000    000000bc     (.common:gPWM_0Backup)
                  202000bc    000000a0     (.common:gQEI_0Backup)

.data      0    2020015c    000000d5     UNINITIALIZED
                  2020015c    000000b8     car_control.o (.data.g_car)
                  20200214    00000018     line_tracker.o (.data.g_line)
                  2020022c    00000004     car_control.o (.data.s_right_encoder_count)
                  20200230    00000001     car_control.o (.data.s_right_encoder_state)

.stack     0    20207e00    00000200     UNINITIALIZED
                  20207e00    00000004     libc.a : boot_cortex_m.c.obj (.stack)
                  20207e04    000001fc     --HOLE--

__llvm_prf_cnts 
*          0    20200000    00000000     UNINITIALIZED

__llvm_prf_bits 
*          0    20200000    00000000     UNINITIALIZED

MODULE SUMMARY

       Module                         code   ro data   rw data
       ------                         ----   -------   -------
    .\
       car_control.o                  1528   16        189    
       ti_msp_dl_config.o             744    49        348    
       line_tracker.o                 428    0         24     
       startup_mspm0g350x_ticlang.o   6      192       0      
       empty.o                        140    0         0      
       debug_uart.o                   16     0         0      
    +--+------------------------------+------+---------+---------+
       Total:                         2862   257       561    
                                                              
    F:/TI/mspm0_sdk_2_10_00_04/source/ti/driverlib/lib/ticlang/m0p/mspm0g1x0x_g3x0x/driverlib.a
       dl_timer.o                     608    0         0      
       dl_uart.o                      90     0         0      
       dl_common.o                    10     0         0      
    +--+------------------------------+------+---------+---------+
       Total:                         708    0         0      
                                                              
    F:\TI\ccstheia\ccs\tools\compiler\ti-cgt-armllvm_4.0.4.LTS\lib\armv6m-ti-none-eabi/c/libc.a
       memcpy16.S.obj                 154    0         0      
       copy_decompress_lzss.c.obj     124    0         0      
       autoinit.c.obj                 60     0         0      
       boot_cortex_m.c.obj            40     0         0      
       copy_zero_init.c.obj           22     0         0      
       copy_decompress_none.c.obj     18     0         0      
       exit.c.obj                     6      0         0      
       pre_init.c.obj                 4      0         0      
    +--+------------------------------+------+---------+---------+
       Total:                         428    0         0      
                                                              
    F:\TI\ccstheia\ccs\tools\compiler\ti-cgt-armllvm_4.0.4.LTS\lib\armv6m-ti-none-eabi/c/libsysbm.a
       hostexit.c.obj                 4      0         0      
    +--+------------------------------+------+---------+---------+
       Total:                         4      0         0      
                                                              
    F:\TI\ccstheia\ccs\tools\compiler\ti-cgt-armllvm_4.0.4.LTS\lib\armv6m-ti-none-eabi/libclang_rt.builtins.a
       addsf3.S.obj                   216    0         0      
       mulsf3.S.obj                   140    0         0      
       comparesf2.S.obj               118    0         0      
       aeabi_fcmp.S.obj               98     0         0      
       aeabi_idivmod.S.obj            86     0         0      
       floatsisf.S.obj                60     0         0      
       muldsi3.S.obj                  58     0         0      
       fixsfsi.S.obj                  56     0         0      
       aeabi_memcpy.S.obj             8      0         0      
       aeabi_div0.c.obj               2      0         0      
    +--+------------------------------+------+---------+---------+
       Total:                         842    0         0      
                                                              
       Stack:                         0      0         512    
       Linker Generated:              0      125       0      
    +--+------------------------------+------+---------+---------+
       Grand Total:                   4844   382       1073   


LINKER GENERATED COPY TABLES

__TI_cinit_table @ 00001470 records: 2, size/record: 8, table size: 16
	.data: load addr=00001400, load size=00000059 bytes, run addr=2020015c, run size=000000d5 bytes, compression=lzss
	.bss: load addr=00001468, load size=00000008 bytes, run addr=20200000, run size=0000015c bytes, compression=zero_init


LINKER GENERATED HANDLER TABLE

__TI_handler_table @ 0000145c records: 3, size/record: 4, table size: 12
	index: 0, handler: __TI_decompress_lzss
	index: 1, handler: __TI_decompress_none
	index: 2, handler: __TI_zero_init


GLOBAL SYMBOLS: SORTED ALPHABETICALLY BY Name 

address   name                            
-------   ----                            
00000f5b  ADC0_IRQHandler                 
00000f5b  ADC1_IRQHandler                 
00000f5b  AES_IRQHandler                  
000013a6  C$$EXIT                         
00000f5b  CANFD0_IRQHandler               
000000c1  Car_ControlStep                 
00000b91  Car_Init                        
0000066d  Car_Stop                        
00000f5b  DAC0_IRQHandler                 
00001385  DL_Common_delayCycles           
00000771  DL_Timer_initFourCCPWMMode      
00000875  DL_Timer_initTimerMode          
000012c5  DL_Timer_setCaptCompUpdateMethod
000012fd  DL_Timer_setCaptureCompareOutCtl
00001369  DL_Timer_setCaptureCompareValue 
000012e1  DL_Timer_setClockConfig         
00001051  DL_UART_init                    
00001343  DL_UART_setClockConfig          
00000f5b  DMA_IRQHandler                  
00000b8f  Debug_UART_Init                 
00000f03  Debug_UART_Task                 
00000f5b  Default_Handler                 
00000f5b  GROUP0_IRQHandler               
00000f5d  GROUP1_IRQHandler               
000013a7  HOSTexit                        
00000f5b  HardFault_Handler               
00000f5b  I2C0_IRQHandler                 
00000f5b  I2C1_IRQHandler                 
0000138f  LineTracker_Init                
000003b9  LineTracker_Update              
00000f5b  NMI_Handler                     
00000f5b  PendSV_Handler                  
00000f5b  RTC_IRQHandler                  
000013ab  Reset_Handler                   
00000f5b  SPI0_IRQHandler                 
00000f5b  SPI1_IRQHandler                 
00000f5b  SVC_Handler                     
00000a49  SYSCFG_DL_GPIO_init             
00000c29  SYSCFG_DL_PWM_0_init            
00001005  SYSCFG_DL_QEI_0_init            
0000126d  SYSCFG_DL_SYSCTL_init           
000011c5  SYSCFG_DL_TIMER_CONTROL_init    
00000e31  SYSCFG_DL_UART_DEBUG_init       
000011fd  SYSCFG_DL_init                  
00000fb1  SYSCFG_DL_initPower             
00000f5b  SysTick_Handler                 
00000f5b  TIMA0_IRQHandler                
00000f5b  TIMA1_IRQHandler                
00000f5b  TIMG0_IRQHandler                
00001315  TIMG12_IRQHandler               
00000f5b  TIMG6_IRQHandler                
00000f5b  TIMG7_IRQHandler                
00000f5b  TIMG8_IRQHandler                
00000f5b  UART0_IRQHandler                
00001379  UART1_IRQHandler                
00000f5b  UART2_IRQHandler                
00000f5b  UART3_IRQHandler                
20208000  __STACK_END                     
00000200  __STACK_SIZE                    
00000000  __TI_ATRegion0_region_sz        
00000000  __TI_ATRegion0_src_addr         
00000000  __TI_ATRegion0_trg_addr         
00000000  __TI_ATRegion1_region_sz        
00000000  __TI_ATRegion1_src_addr         
00000000  __TI_ATRegion1_trg_addr         
00000000  __TI_ATRegion2_region_sz        
00000000  __TI_ATRegion2_src_addr         
00000000  __TI_ATRegion2_trg_addr         
00001470  __TI_CINIT_Base                 
00001480  __TI_CINIT_Limit                
00001480  __TI_CINIT_Warm                 
0000145c  __TI_Handler_Table_Base         
00001468  __TI_Handler_Table_Limit        
00001111  __TI_auto_init_nobinit_nopinit  
00000d41  __TI_decompress_lzss            
00001355  __TI_decompress_none            
ffffffff  __TI_pprof_out_hndl             
ffffffff  __TI_prof_data_size             
ffffffff  __TI_prof_data_start            
00000000  __TI_static_base__              
0000132d  __TI_zero_init_nomemset         
0000097b  __addsf3                        
00001235  __aeabi_f2iz                    
0000097b  __aeabi_fadd                    
00000ea1  __aeabi_fcmpeq                  
00000edd  __aeabi_fcmpge                  
00000ef1  __aeabi_fcmpgt                  
00000ec9  __aeabi_fcmple                  
00000eb5  __aeabi_fcmplt                  
00000cb5  __aeabi_fmul                    
00000971  __aeabi_fsub                    
00001099  __aeabi_i2f                     
00000f05  __aeabi_idiv                    
00001187  __aeabi_idiv0                   
00000f05  __aeabi_idivmod                 
00001399  __aeabi_memcpy                  
00001399  __aeabi_memcpy4                 
00001399  __aeabi_memcpy8                 
ffffffff  __binit__                       
0000114d  __cmpsf2                        
0000114d  __eqsf2                         
00001235  __fixsfsi                       
00001099  __floatsisf                     
000010d5  __gesf2                         
000010d5  __gtsf2                         
0000114d  __lesf2                         
0000114d  __ltsf2                         
UNDEFED   __mpu_init                      
00001189  __muldsi3                       
00000cb5  __mulsf3                        
0000114d  __nesf2                         
20207e00  __stack                         
20200000  __start___llvm_prf_bits         
20200000  __start___llvm_prf_cnts         
20200000  __stop___llvm_prf_bits          
20200000  __stop___llvm_prf_cnts          
00000971  __subsf3                        
0000129d  _c_int00_noargs                 
UNDEFED   _system_post_cinit              
000013af  _system_pre_init                
000013a1  abort                           
ffffffff  binit                           
20200000  gPWM_0Backup                    
202000bc  gQEI_0Backup                    
2020015c  g_car                           
20200214  g_line                          
00000000  interruptVectors                
00000dbd  main                            
00000af5  memcpy                          


GLOBAL SYMBOLS: SORTED BY Symbol Address 

address   name                            
-------   ----                            
00000000  __TI_ATRegion0_region_sz        
00000000  __TI_ATRegion0_src_addr         
00000000  __TI_ATRegion0_trg_addr         
00000000  __TI_ATRegion1_region_sz        
00000000  __TI_ATRegion1_src_addr         
00000000  __TI_ATRegion1_trg_addr         
00000000  __TI_ATRegion2_region_sz        
00000000  __TI_ATRegion2_src_addr         
00000000  __TI_ATRegion2_trg_addr         
00000000  __TI_static_base__              
00000000  interruptVectors                
000000c1  Car_ControlStep                 
00000200  __STACK_SIZE                    
000003b9  LineTracker_Update              
0000066d  Car_Stop                        
00000771  DL_Timer_initFourCCPWMMode      
00000875  DL_Timer_initTimerMode          
00000971  __aeabi_fsub                    
00000971  __subsf3                        
0000097b  __addsf3                        
0000097b  __aeabi_fadd                    
00000a49  SYSCFG_DL_GPIO_init             
00000af5  memcpy                          
00000b8f  Debug_UART_Init                 
00000b91  Car_Init                        
00000c29  SYSCFG_DL_PWM_0_init            
00000cb5  __aeabi_fmul                    
00000cb5  __mulsf3                        
00000d41  __TI_decompress_lzss            
00000dbd  main                            
00000e31  SYSCFG_DL_UART_DEBUG_init       
00000ea1  __aeabi_fcmpeq                  
00000eb5  __aeabi_fcmplt                  
00000ec9  __aeabi_fcmple                  
00000edd  __aeabi_fcmpge                  
00000ef1  __aeabi_fcmpgt                  
00000f03  Debug_UART_Task                 
00000f05  __aeabi_idiv                    
00000f05  __aeabi_idivmod                 
00000f5b  ADC0_IRQHandler                 
00000f5b  ADC1_IRQHandler                 
00000f5b  AES_IRQHandler                  
00000f5b  CANFD0_IRQHandler               
00000f5b  DAC0_IRQHandler                 
00000f5b  DMA_IRQHandler                  
00000f5b  Default_Handler                 
00000f5b  GROUP0_IRQHandler               
00000f5b  HardFault_Handler               
00000f5b  I2C0_IRQHandler                 
00000f5b  I2C1_IRQHandler                 
00000f5b  NMI_Handler                     
00000f5b  PendSV_Handler                  
00000f5b  RTC_IRQHandler                  
00000f5b  SPI0_IRQHandler                 
00000f5b  SPI1_IRQHandler                 
00000f5b  SVC_Handler                     
00000f5b  SysTick_Handler                 
00000f5b  TIMA0_IRQHandler                
00000f5b  TIMA1_IRQHandler                
00000f5b  TIMG0_IRQHandler                
00000f5b  TIMG6_IRQHandler                
00000f5b  TIMG7_IRQHandler                
00000f5b  TIMG8_IRQHandler                
00000f5b  UART0_IRQHandler                
00000f5b  UART2_IRQHandler                
00000f5b  UART3_IRQHandler                
00000f5d  GROUP1_IRQHandler               
00000fb1  SYSCFG_DL_initPower             
00001005  SYSCFG_DL_QEI_0_init            
00001051  DL_UART_init                    
00001099  __aeabi_i2f                     
00001099  __floatsisf                     
000010d5  __gesf2                         
000010d5  __gtsf2                         
00001111  __TI_auto_init_nobinit_nopinit  
0000114d  __cmpsf2                        
0000114d  __eqsf2                         
0000114d  __lesf2                         
0000114d  __ltsf2                         
0000114d  __nesf2                         
00001187  __aeabi_idiv0                   
00001189  __muldsi3                       
000011c5  SYSCFG_DL_TIMER_CONTROL_init    
000011fd  SYSCFG_DL_init                  
00001235  __aeabi_f2iz                    
00001235  __fixsfsi                       
0000126d  SYSCFG_DL_SYSCTL_init           
0000129d  _c_int00_noargs                 
000012c5  DL_Timer_setCaptCompUpdateMethod
000012e1  DL_Timer_setClockConfig         
000012fd  DL_Timer_setCaptureCompareOutCtl
00001315  TIMG12_IRQHandler               
0000132d  __TI_zero_init_nomemset         
00001343  DL_UART_setClockConfig          
00001355  __TI_decompress_none            
00001369  DL_Timer_setCaptureCompareValue 
00001379  UART1_IRQHandler                
00001385  DL_Common_delayCycles           
0000138f  LineTracker_Init                
00001399  __aeabi_memcpy                  
00001399  __aeabi_memcpy4                 
00001399  __aeabi_memcpy8                 
000013a1  abort                           
000013a6  C$$EXIT                         
000013a7  HOSTexit                        
000013ab  Reset_Handler                   
000013af  _system_pre_init                
0000145c  __TI_Handler_Table_Base         
00001468  __TI_Handler_Table_Limit        
00001470  __TI_CINIT_Base                 
00001480  __TI_CINIT_Limit                
00001480  __TI_CINIT_Warm                 
20200000  __start___llvm_prf_bits         
20200000  __start___llvm_prf_cnts         
20200000  __stop___llvm_prf_bits          
20200000  __stop___llvm_prf_cnts          
20200000  gPWM_0Backup                    
202000bc  gQEI_0Backup                    
2020015c  g_car                           
20200214  g_line                          
20207e00  __stack                         
20208000  __STACK_END                     
ffffffff  __TI_pprof_out_hndl             
ffffffff  __TI_prof_data_size             
ffffffff  __TI_prof_data_start            
ffffffff  __binit__                       
ffffffff  binit                           
UNDEFED   __mpu_init                      
UNDEFED   _system_post_cinit              

[129 symbols]
