******************************************************************************
            TI ARM Clang Linker PC v4.0.4                      
******************************************************************************
>> Linked Fri Jul 24 12:45:13 2026

OUTPUT FILE NAME:   <TI_Car_no_buletooth.out>
ENTRY POINT SYMBOL: "_c_int00_noargs"  address: 000074ad


MEMORY CONFIGURATION

         name            origin    length      used     unused   attr    fill
----------------------  --------  ---------  --------  --------  ----  --------
  FLASH                 00000000   00020000  00007be8  00018418  R  X
  SRAM                  20200000   00008000  000009ca  00007636  RW X
  BCR_CONFIG            41c00000   000000ff  00000000  000000ff  R   
  BSL_CONFIG            41c00100   00000080  00000000  00000080  R   


SEGMENT ALLOCATION MAP

run origin  load origin   length   init length attrs members
----------  ----------- ---------- ----------- ----- -------
00000000    00000000    00007be8   00007be8    r-x
  00000000    00000000    000000c0   000000c0    r-- .intvecs
  000000c0    000000c0    00007648   00007648    r-x .text
  00007708    00007708    00000420   00000420    r-- .rodata
  00007b28    00007b28    000000c0   000000c0    r-- .cinit
20200000    20200000    000007ca   00000000    rw-
  20200000    20200000    0000063c   00000000    rw- .bss
  2020063c    2020063c    0000018e   00000000    rw- .data
20207e00    20207e00    00000200   00000000    rw-
  20207e00    20207e00    00000200   00000000    rw- .stack


SECTION ALLOCATION MAP

 output                                  attributes/
section   page    origin      length       input sections
--------  ----  ----------  ----------   ----------------
.intvecs   0    00000000    000000c0     
                  00000000    000000c0     startup_mspm0g350x_ticlang.o (.intvecs)

.text      0    000000c0    00007648     
                  000000c0    00001814     debug_uart.o (.text.Debug_UART_SendStatus)
                  000018d4    000016ac     debug_uart.o (.text.Debug_UART_ProcessRx)
                  00002f80    000006b4     car_control.o (.text.Car_ControlStep)
                  00003634    00000650     oled_ssd1306.o (.text.OLED_DrawProblemSelect)
                  00003c84    00000264     debug_uart.o (.text.Debug_UART_AppendFloat)
                  00003ee8    00000260     board_i2c.o (.text.Board_I2C_ReadRegs)
                  00004148    00000248     debug_uart.o (.text.Debug_UART_ParseFloatList)
                  00004390    00000234     debug_uart.o (.text.Debug_UART_SendOkInt)
                  000045c4    00000228     oled_ssd1306.o (.text.OLED_Update)
                  000047ec    000001d4     debug_uart.o (.text.Debug_UART_ParseFloat)
                  000049c0    000001c0     debug_uart.o (.text.vofa_speed_send)
                  00004b80    000001bc     oled_ssd1306.o (.text.OLED_TryInitialize)
                  00004d3c    000001bc     debug_uart.o (.text.vofa_line_send)
                  00004ef8    000001ac     debug_uart.o (.text.vofa_gyro_send)
                  000050a4    000001a4     line_tracker.o (.text.LineTracker_Update)
                  00005248    00000188     oled_ssd1306.o (.text.OLED_DrawProblemSelected)
                  000053d0    0000016c     debug_uart.o (.text.vofa_test_send)
                  0000553c    00000150     board_i2c.o (.text.Board_I2C_WriteByteStream)
                  0000568c    00000120     car_control.o (.text.Car_RightAngleRecoveryStep)
                  000057ac    00000120     debug_uart.o (.text.Debug_UART_SendOkFloat)
                  000058cc    00000110     car_control.o (.text.Car_PidStep)
                  000059dc    0000010c     mpu6050.o (.text.MPU6050_Init)
                  00005ae8    00000104     car_control.o (.text.Car_Stop)
                  00005bec    00000104     driverlib.a : dl_timer.o (.text.DL_Timer_initFourCCPWMMode)
                  00005cf0    00000100     car_control.o (.text.Car_LinePidStep)
                  00005df0    000000fc     driverlib.a : dl_timer.o (.text.DL_Timer_initTimerMode)
                  00005eec    000000f8     ti_msp_dl_config.o (.text.SYSCFG_DL_GPIO_init)
                  00005fe4    000000f4     car_control.o (.text.Car_RightAngleApproachStep)
                  000060d8    000000e0     problem_menu.o (.text.ProblemMenu_Task)
                  000061b8    000000d8     libclang_rt.builtins.a : addsf3.S.obj (.text)
                  00006290    000000c0     debug_uart.o (.text.UART1_IRQHandler)
                  00006350    000000b8     empty.o (.text.main)
                  00006408    000000b0     mpu6050.o (.text.MPU6050_Calibrate)
                  000064b8    000000ac     ec11_encoder.o (.text.EC11_Task)
                  00006564    000000a4     debug_uart.o (.text.Debug_UART_CommandEquals)
                  00006608    000000a4     ec11_encoder.o (.text.EC11_HandleABInterrupt)
                  000066ac    000000a0     debug_uart.o (.text.Debug_UART_Init)
                  0000674c    0000009c     mpu6050.o (.text.MPU6050_Task)
                  000067e8    0000009a     libc.a : memcpy16.S.obj (.text:memcpy)
                  00006882    00000002     startup_mspm0g350x_ticlang.o (.text.Default_Handler)
                  00006884    00000098     car_control.o (.text.Car_Init)
                  0000691c    00000098     debug_uart.o (.text.Debug_UART_GetArg)
                  000069b4    0000008c     ti_msp_dl_config.o (.text.SYSCFG_DL_PWM_0_init)
                  00006a40    0000008c     libclang_rt.builtins.a : mulsf3.S.obj (.text.__mulsf3)
                  00006acc    00000084     ec11_encoder.o (.text.EC11_Init)
                  00006b50    00000082     libclang_rt.builtins.a : divsf3.S.obj (.text.__divsf3)
                  00006bd2    00000002     competition_tasks.o (.text.Problem1_Exit)
                  00006bd4    0000007c     libc.a : copy_decompress_lzss.c.obj (.text:decompress:lzss)
                  00006c50    00000070     car_control.o (.text.GROUP1_IRQHandler)
                  00006cc0    00000070     ti_msp_dl_config.o (.text.SYSCFG_DL_UART_DEBUG_init)
                  00006d30    00000062     libclang_rt.builtins.a : aeabi_fcmp.S.obj (.text.__aeabi_fcmp)
                  00006d92    00000062     libc.a : memset16.S.obj (.text:memset)
                  00006df4    00000060     ti_msp_dl_config.o (.text.SYSCFG_DL_initPower)
                  00006e54    0000005e     driverlib.a : dl_i2c.o (.text.DL_I2C_fillControllerTXFIFO)
                  00006eb2    00000002     competition_tasks.o (.text.Problem1_Task)
                  00006eb4    0000005c     problem_menu.o (.text.ProblemMenu_Init)
                  00006f10    00000058     debug_uart.o (.text.Debug_UART_Task)
                  00006f68    00000058     oled_ssd1306.o (.text.OLED_Task)
                  00006fc0    00000056     libclang_rt.builtins.a : aeabi_idivmod.S.obj (.text.__aeabi_idivmod)
                  00007016    00000002     competition_tasks.o (.text.Problem2_Exit)
                  00007018    00000054     ti_msp_dl_config.o (.text.SYSCFG_DL_I2C_MPU_init)
                  0000706c    0000004c     ti_msp_dl_config.o (.text.SYSCFG_DL_QEI_0_init)
                  000070b8    00000048     driverlib.a : dl_uart.o (.text.DL_UART_init)
                  00007100    00000040     libclang_rt.builtins.a : aeabi_uidivmod.S.obj (.text.__aeabi_uidivmod)
                  00007140    0000003c     driverlib.a : dl_i2c.o (.text.DL_I2C_flushControllerTXFIFO)
                  0000717c    0000003c     ti_msp_dl_config.o (.text.SYSCFG_DL_init)
                  000071b8    0000003c     libclang_rt.builtins.a : floatsisf.S.obj (.text.__floatsisf)
                  000071f4    0000003c                            : comparesf2.S.obj (.text.__gtsf2)
                  00007230    0000003c     libc.a : autoinit.c.obj (.text:__TI_auto_init_nobinit_nopinit)
                  0000726c    0000003a     libclang_rt.builtins.a : comparesf2.S.obj (.text.__eqsf2)
                  000072a6    00000002     competition_tasks.o (.text.Problem2_Task)
                  000072a8    0000003a     libclang_rt.builtins.a : muldsi3.S.obj (.text.__muldsi3)
                  000072e2    00000002     competition_tasks.o (.text.Problem3_Exit)
                  000072e4    00000038     board_i2c.o (.text.Board_I2C_RecoverBus)
                  0000731c    00000038     ti_msp_dl_config.o (.text.SYSCFG_DL_TIMER_CONTROL_init)
                  00007354    00000038     libclang_rt.builtins.a : fixsfsi.S.obj (.text.__fixsfsi)
                  0000738c    00000034     oled_ssd1306.o (.text.OLED_Init)
                  000073c0    00000032     libclang_rt.builtins.a : fixunssfsi.S.obj (.text.__fixunssfsi)
                  000073f2    00000002     competition_tasks.o (.text.Problem3_Task)
                  000073f4    00000030     driverlib.a : dl_i2c.o (.text.DL_I2C_flushControllerRXFIFO)
                  00007424    00000030                 : dl_uart.o (.text.DL_UART_transmitDataBlocking)
                  00007454    00000030     ti_msp_dl_config.o (.text.SYSCFG_DL_SYSCTL_init)
                  00007484    00000028     libclang_rt.builtins.a : floatunsisf.S.obj (.text.__floatunsisf)
                  000074ac    00000028     libc.a : boot_cortex_m.c.obj (.text:_c_int00_noargs)
                  000074d4    00000026     driverlib.a : dl_i2c.o (.text.DL_I2C_setClockConfig)
                  000074fa    00000002     competition_tasks.o (.text.Problem4_Exit)
                  000074fc    00000024     competition_tasks.o (.text.CompetitionTasks_Exit)
                  00007520    00000020     car_control.o (.text.Car_StartLineFollow)
                  00007540    00000020     competition_tasks.o (.text.CompetitionTasks_Enter)
                  00007560    00000020     competition_tasks.o (.text.CompetitionTasks_Task)
                  00007580    0000001c     driverlib.a : dl_timer.o (.text.DL_Timer_setCaptCompUpdateMethod)
                  0000759c    0000001c                 : dl_timer.o (.text.DL_Timer_setClockConfig)
                  000075b8    0000001c     ec11_encoder.o (.text.EC11_GetButtonEvent)
                  000075d4    0000001c     ec11_encoder.o (.text.EC11_GetDelta)
                  000075f0    00000018     driverlib.a : dl_timer.o (.text.DL_Timer_setCaptureCompareOutCtl)
                  00007608    00000018     empty.o (.text.TIMG12_IRQHandler)
                  00007620    00000016     board_i2c.o (.text.Board_I2C_Write)
                  00007636    00000016     board_i2c.o (.text.Board_I2C_WriteReg)
                  0000764c    00000012     driverlib.a : dl_uart.o (.text.DL_UART_setClockConfig)
                  0000765e    00000012     libc.a : copy_decompress_none.c.obj (.text:decompress:none)
                  00007670    00000010     driverlib.a : dl_timer.o (.text.DL_Timer_setCaptureCompareValue)
                  00007680    00000010     libc.a : copy_zero_init.c.obj (.text:decompress:ZI)
                  00007690    0000000e     libclang_rt.builtins.a : aeabi_memset.S.obj (.text.__aeabi_memset)
                  0000769e    00000002     competition_tasks.o (.text.Problem4_Task)
                  000076a0    0000000c     libclang_rt.builtins.a : aeabi_memset.S.obj (.text.__aeabi_memclr)
                  000076ac    0000000a     driverlib.a : dl_common.o (.text.DL_Common_delayCycles)
                  000076b6    00000008     line_tracker.o (.text.LineTracker_Init)
                  000076be    00000008     competition_tasks.o (.text.Problem1_Enter)
                  000076c6    00000008     competition_tasks.o (.text.Problem2_Enter)
                  000076ce    00000008     competition_tasks.o (.text.Problem3_Enter)
                  000076d6    00000008     competition_tasks.o (.text.Problem4_Enter)
                  000076de    00000008     competition_tasks.o (.text.Problem5_Enter)
                  000076e6    00000002     competition_tasks.o (.text.Problem5_Exit)
                  000076e8    00000008     libclang_rt.builtins.a : aeabi_memcpy.S.obj (.text.__aeabi_memcpy)
                  000076f0    00000006     libc.a : exit.c.obj (.text:abort)
                  000076f6    00000004     libsysbm.a : hostexit.c.obj (.text.HOSTexit)
                  000076fa    00000004     startup_mspm0g350x_ticlang.o (.text.Reset_Handler)
                  000076fe    00000004     libc.a : pre_init.c.obj (.text._system_pre_init)
                  00007702    00000002     competition_tasks.o (.text.Problem5_Task)
                  00007704    00000002     libclang_rt.builtins.a : aeabi_div0.c.obj (.text.__aeabi_idiv0)
                  00007706    00000002     --HOLE-- [fill = 0]

.cinit     0    00007b28    000000c0     
                  00007b28    0000009c     (.cinit..data.load) [load image, compression = lzss]
                  00007bc4    0000000c     (__TI_handler_table)
                  00007bd0    00000008     (.cinit..bss.load) [load image, compression = zero_init]
                  00007bd8    00000010     (__TI_cinit_table)

.rodata    0    00007708    00000420     
                  00007708    00000140     oled_ssd1306.o (.rodata.s_digit16)
                  00007848    000000c0     oled_ssd1306.o (.rodata.s_chinese16)
                  00007908    00000078     oled_ssd1306.o (.rodata.s_menu_digit12)
                  00007980    00000030     oled_ssd1306.o (.rodata.s_menu_chinese12)
                  000079b0    0000001c     oled_ssd1306.o (.rodata.s_oled_init_cmds)
                  000079cc    00000014     ti_msp_dl_config.o (.rodata.gTIMER_CONTROLTimerConfig)
                  000079e0    00000014     competition_tasks.o (.rodata.s_enter_table)
                  000079f4    00000014     competition_tasks.o (.rodata.s_exit_table)
                  00007a08    00000014     competition_tasks.o (.rodata.s_task_table)
                  00007a1c    00000011     debug_uart.o (.rodata.str1.6458327664208245438.1)
                  00007a2d    00000010     car_control.o (.rodata.cst16)
                  00007a3d    00000010     ec11_encoder.o (.rodata.cst16)
                  00007a4d    00000001     --HOLE-- [fill = 0]
                  00007a4e    0000000a     ti_msp_dl_config.o (.rodata.gUART_DEBUGConfig)
                  00007a58    00000009     debug_uart.o (.rodata.str1.12858735334856686681.1)
                  00007a61    00000009     debug_uart.o (.rodata.str1.402800920536087235.1)
                  00007a6a    00000009     debug_uart.o (.rodata.str1.9871886773154595279.1)
                  00007a73    00000001     --HOLE-- [fill = 0]
                  00007a74    00000008     ti_msp_dl_config.o (.rodata.gPWM_0Config)
                  00007a7c    00000008     debug_uart.o (.rodata.str1.11216194194454753251.1)
                  00007a84    00000008     debug_uart.o (.rodata.str1.12497135275599074458.1)
                  00007a8c    00000008     debug_uart.o (.rodata.str1.13116950401002096570.1)
                  00007a94    00000008     debug_uart.o (.rodata.str1.15537960897562168936.1)
                  00007a9c    00000008     debug_uart.o (.rodata.str1.2550248884874358827.1)
                  00007aa4    00000008     debug_uart.o (.rodata.str1.6115349477757457877.1)
                  00007aac    00000007     debug_uart.o (.rodata.str1.11127159389407494402.1)
                  00007ab3    00000007     debug_uart.o (.rodata.str1.15989200115357581723.1)
                  00007aba    00000007     debug_uart.o (.rodata.str1.17276799732225785065.1)
                  00007ac1    00000007     debug_uart.o (.rodata.str1.7094908962268454530.1)
                  00007ac8    00000006     debug_uart.o (.rodata.str1.13276830473278608211.1)
                  00007ace    00000006     debug_uart.o (.rodata.str1.13316212644771607044.1)
                  00007ad4    00000006     debug_uart.o (.rodata.str1.1432448451819883127.1)
                  00007ada    00000006     debug_uart.o (.rodata.str1.3746068638744227419.1)
                  00007ae0    00000005     debug_uart.o (.rodata.str1.13450742778052438634.1)
                  00007ae5    00000005     debug_uart.o (.rodata.str1.16381963267101565806.1)
                  00007aea    00000005     debug_uart.o (.rodata.str1.4842307917106963007.1)
                  00007aef    00000005     debug_uart.o (.rodata.str1.740724646930964178.1)
                  00007af4    00000005     debug_uart.o (.rodata.str1.8522134641051796514.1)
                  00007af9    00000005     debug_uart.o (.rodata.str1.9056856435488061599.1)
                  00007afe    00000003     ti_msp_dl_config.o (.rodata.gPWM_0ClockConfig)
                  00007b01    00000003     ti_msp_dl_config.o (.rodata.gQEI_0ClockConfig)
                  00007b04    00000003     ti_msp_dl_config.o (.rodata.gTIMER_CONTROLClockConfig)
                  00007b07    00000003     debug_uart.o (.rodata.str1.12874694364276345362.1)
                  00007b0a    00000003     debug_uart.o (.rodata.str1.3299855054303412028.1)
                  00007b0d    00000003     debug_uart.o (.rodata.str1.5678097850300819098.1)
                  00007b10    00000003     debug_uart.o (.rodata.str1.5752133939041076255.1)
                  00007b13    00000003     debug_uart.o (.rodata.str1.6094391537229473979.1)
                  00007b16    00000003     debug_uart.o (.rodata.str1.8346066712588484577.1)
                  00007b19    00000002     ti_msp_dl_config.o (.rodata.gI2C_MPUClockConfig)
                  00007b1b    00000002     ti_msp_dl_config.o (.rodata.gUART_DEBUGClockConfig)
                  00007b1d    00000002     debug_uart.o (.rodata.str1.13678368368045285259.1)
                  00007b1f    00000002     debug_uart.o (.rodata.str1.15445407551556458809.1)
                  00007b21    00000002     debug_uart.o (.rodata.str1.5710605537803565424.1)
                  00007b23    00000002     debug_uart.o (.rodata.str1.5817733747436598827.1)
                  00007b25    00000003     --HOLE-- [fill = 0]

.init_array 
*          0    00000000    00000000     UNINITIALIZED

.binit     0    00000000    00000000     

.bss       0    20200000    0000063c     UNINITIALIZED
                  20200000    00000400     oled_ssd1306.o (.bss.s_buffer)
                  20200400    000000bc     (.common:gPWM_0Backup)
                  202004bc    000000a0     (.common:gQEI_0Backup)
                  2020055c    00000080     debug_uart.o (.bss.s_rx_buffer)
                  202005dc    00000060     debug_uart.o (.bss.s_line_buffer)

.data      0    2020063c    0000018e     UNINITIALIZED
                  2020063c    00000110     car_control.o (.data.g_car)
                  2020074c    0000001c     mpu6050.o (.data.g_mpu6050)
                  20200768    00000018     line_tracker.o (.data.g_line)
                  20200780    00000010     ec11_encoder.o (.data.g_ec11)
                  20200790    00000008     oled_ssd1306.o (.data.g_oled)
                  20200798    00000004     ec11_encoder.o (.data.s_button_debounce_start_tick)
                  2020079c    00000004     ec11_encoder.o (.data.s_button_press_tick)
                  202007a0    00000004     mpu6050.o (.data.s_last_sample_tick)
                  202007a4    00000004     oled_ssd1306.o (.data.s_last_service_tick)
                  202007a8    00000004     debug_uart.o (.data.s_last_vofa_tick)
                  202007ac    00000004     car_control.o (.data.s_right_encoder_count)
                  202007b0    00000004     debug_uart.o (.data.vofa_test_send.x)
                  202007b4    00000003     problem_menu.o (.data.g_problem_menu)
                  202007b7    00000001     ec11_encoder.o (.data.s_ab_state)
                  202007b8    00000002     debug_uart.o (.data.s_line_length)
                  202007ba    00000002     debug_uart.o (.data.s_rx_head)
                  202007bc    00000002     debug_uart.o (.data.s_rx_tail)
                  202007be    00000001     ec11_encoder.o (.data.s_button_event)
                  202007bf    00000001     ec11_encoder.o (.data.s_button_last_raw)
                  202007c0    00000001     ec11_encoder.o (.data.s_button_long_reported)
                  202007c1    00000001     ec11_encoder.o (.data.s_button_stable)
                  202007c2    00000001     ec11_encoder.o (.data.s_edge_accumulator)
                  202007c3    00000001     problem_menu.o (.data.s_last_drawn_problem)
                  202007c4    00000001     problem_menu.o (.data.s_last_drawn_state)
                  202007c5    00000001     debug_uart.o (.data.s_line_overflow)
                  202007c6    00000001     ec11_encoder.o (.data.s_pending_delta)
                  202007c7    00000001     car_control.o (.data.s_right_encoder_state)
                  202007c8    00000001     debug_uart.o (.data.s_vofa_mode)
                  202007c9    00000001     debug_uart.o (.data.s_vofa_stream_enabled)

.stack     0    20207e00    00000200     UNINITIALIZED
                  20207e00    00000004     libc.a : boot_cortex_m.c.obj (.stack)
                  20207e04    000001fc     --HOLE--

__llvm_prf_cnts 
*          0    20200000    00000000     UNINITIALIZED

__llvm_prf_bits 
*          0    20200000    00000000     UNINITIALIZED

MODULE SUMMARY

       Module                         code    ro data   rw data
       ------                         ----    -------   -------
    .\
       debug_uart.o                   16924   200       241    
       oled_ssd1306.o                 3144    708       1036   
       car_control.o                  3332    16        277    
       ti_msp_dl_config.o             920     51        348    
       board_i2c.o                    1044    0         0      
       mpu6050.o                      600     0         32     
       ec11_encoder.o                 524     16        31     
       line_tracker.o                 428     0         24     
       problem_menu.o                 316     0         5      
       competition_tasks.o            160     60        0      
       empty.o                        208     0         0      
       startup_mspm0g350x_ticlang.o   6       192       0      
    +--+------------------------------+-------+---------+---------+
       Total:                         27606   1243      1994   
                                                               
    F:/TI/mspm0_sdk_2_10_00_04/source/ti/driverlib/lib/ticlang/m0p/mspm0g1x0x_g3x0x/driverlib.a
       dl_timer.o                     608     0         0      
       dl_i2c.o                       240     0         0      
       dl_uart.o                      138     0         0      
       dl_common.o                    10      0         0      
    +--+------------------------------+-------+---------+---------+
       Total:                         996     0         0      
                                                               
    F:\TI\ccstheia\ccs\tools\compiler\ti-cgt-armllvm_4.0.4.LTS\lib\armv6m-ti-none-eabi/c/libc.a
       memcpy16.S.obj                 154     0         0      
       copy_decompress_lzss.c.obj     124     0         0      
       memset16.S.obj                 98      0         0      
       autoinit.c.obj                 60      0         0      
       boot_cortex_m.c.obj            40      0         0      
       copy_decompress_none.c.obj     18      0         0      
       copy_zero_init.c.obj           16      0         0      
       exit.c.obj                     6       0         0      
       pre_init.c.obj                 4       0         0      
    +--+------------------------------+-------+---------+---------+
       Total:                         520     0         0      
                                                               
    F:\TI\ccstheia\ccs\tools\compiler\ti-cgt-armllvm_4.0.4.LTS\lib\armv6m-ti-none-eabi/c/libsysbm.a
       hostexit.c.obj                 4       0         0      
    +--+------------------------------+-------+---------+---------+
       Total:                         4       0         0      
                                                               
    F:\TI\ccstheia\ccs\tools\compiler\ti-cgt-armllvm_4.0.4.LTS\lib\armv6m-ti-none-eabi/libclang_rt.builtins.a
       addsf3.S.obj                   216     0         0      
       mulsf3.S.obj                   140     0         0      
       divsf3.S.obj                   130     0         0      
       comparesf2.S.obj               118     0         0      
       aeabi_fcmp.S.obj               98      0         0      
       aeabi_idivmod.S.obj            86      0         0      
       aeabi_uidivmod.S.obj           64      0         0      
       floatsisf.S.obj                60      0         0      
       muldsi3.S.obj                  58      0         0      
       fixsfsi.S.obj                  56      0         0      
       fixunssfsi.S.obj               50      0         0      
       floatunsisf.S.obj              40      0         0      
       aeabi_memset.S.obj             26      0         0      
       aeabi_memcpy.S.obj             8       0         0      
       aeabi_div0.c.obj               2       0         0      
    +--+------------------------------+-------+---------+---------+
       Total:                         1152    0         0      
                                                               
       Stack:                         0       0         512    
       Linker Generated:              0       192       0      
    +--+------------------------------+-------+---------+---------+
       Grand Total:                   30278   1435      2506   


LINKER GENERATED COPY TABLES

__TI_cinit_table @ 00007bd8 records: 2, size/record: 8, table size: 16
	.data: load addr=00007b28, load size=0000009c bytes, run addr=2020063c, run size=0000018e bytes, compression=lzss
	.bss: load addr=00007bd0, load size=00000008 bytes, run addr=20200000, run size=0000063c bytes, compression=zero_init


LINKER GENERATED HANDLER TABLE

__TI_handler_table @ 00007bc4 records: 3, size/record: 4, table size: 12
	index: 0, handler: __TI_decompress_lzss
	index: 1, handler: __TI_decompress_none
	index: 2, handler: __TI_zero_init


GLOBAL SYMBOLS: SORTED ALPHABETICALLY BY Name 

address   name                            
-------   ----                            
00006883  ADC0_IRQHandler                 
00006883  ADC1_IRQHandler                 
00006883  AES_IRQHandler                  
00003ee9  Board_I2C_ReadRegs              
00007621  Board_I2C_Write                 
00007637  Board_I2C_WriteReg              
000076f6  C$$EXIT                         
00006883  CANFD0_IRQHandler               
00002f81  Car_ControlStep                 
00006885  Car_Init                        
00007521  Car_StartLineFollow             
00005ae9  Car_Stop                        
00007541  CompetitionTasks_Enter          
000074fd  CompetitionTasks_Exit           
00007561  CompetitionTasks_Task           
00006883  DAC0_IRQHandler                 
000076ad  DL_Common_delayCycles           
00006e55  DL_I2C_fillControllerTXFIFO     
000073f5  DL_I2C_flushControllerRXFIFO    
00007141  DL_I2C_flushControllerTXFIFO    
000074d5  DL_I2C_setClockConfig           
00005bed  DL_Timer_initFourCCPWMMode      
00005df1  DL_Timer_initTimerMode          
00007581  DL_Timer_setCaptCompUpdateMethod
000075f1  DL_Timer_setCaptureCompareOutCtl
00007671  DL_Timer_setCaptureCompareValue 
0000759d  DL_Timer_setClockConfig         
000070b9  DL_UART_init                    
0000764d  DL_UART_setClockConfig          
00007425  DL_UART_transmitDataBlocking    
00006883  DMA_IRQHandler                  
000066ad  Debug_UART_Init                 
000018d5  Debug_UART_ProcessRx            
00006f11  Debug_UART_Task                 
00006883  Default_Handler                 
000075b9  EC11_GetButtonEvent             
000075d5  EC11_GetDelta                   
00006609  EC11_HandleABInterrupt          
00006acd  EC11_Init                       
000064b9  EC11_Task                       
00006883  GROUP0_IRQHandler               
00006c51  GROUP1_IRQHandler               
000076f7  HOSTexit                        
00006883  HardFault_Handler               
00006883  I2C0_IRQHandler                 
00006883  I2C1_IRQHandler                 
000076b7  LineTracker_Init                
000050a5  LineTracker_Update              
00006409  MPU6050_Calibrate               
000059dd  MPU6050_Init                    
0000674d  MPU6050_Task                    
00006883  NMI_Handler                     
00003635  OLED_DrawProblemSelect          
00005249  OLED_DrawProblemSelected        
0000738d  OLED_Init                       
00006f69  OLED_Task                       
000045c5  OLED_Update                     
00006883  PendSV_Handler                  
00006eb5  ProblemMenu_Init                
000060d9  ProblemMenu_Task                
00006883  RTC_IRQHandler                  
000076fb  Reset_Handler                   
00006883  SPI0_IRQHandler                 
00006883  SPI1_IRQHandler                 
00006883  SVC_Handler                     
00005eed  SYSCFG_DL_GPIO_init             
00007019  SYSCFG_DL_I2C_MPU_init          
000069b5  SYSCFG_DL_PWM_0_init            
0000706d  SYSCFG_DL_QEI_0_init            
00007455  SYSCFG_DL_SYSCTL_init           
0000731d  SYSCFG_DL_TIMER_CONTROL_init    
00006cc1  SYSCFG_DL_UART_DEBUG_init       
0000717d  SYSCFG_DL_init                  
00006df5  SYSCFG_DL_initPower             
00006883  SysTick_Handler                 
00006883  TIMA0_IRQHandler                
00006883  TIMA1_IRQHandler                
00006883  TIMG0_IRQHandler                
00007609  TIMG12_IRQHandler               
00006883  TIMG6_IRQHandler                
00006883  TIMG7_IRQHandler                
00006883  TIMG8_IRQHandler                
00006883  UART0_IRQHandler                
00006291  UART1_IRQHandler                
00006883  UART2_IRQHandler                
00006883  UART3_IRQHandler                
20208000  __STACK_END                     
00000200  __STACK_SIZE                    
00000000  __TI_ATRegion0_region_sz        
00000000  __TI_ATRegion0_src_addr         
00000000  __TI_ATRegion0_trg_addr         
00000000  __TI_ATRegion1_region_sz        
00000000  __TI_ATRegion1_src_addr         
00000000  __TI_ATRegion1_trg_addr         
00000000  __TI_ATRegion2_region_sz        
00000000  __TI_ATRegion2_src_addr         
00000000  __TI_ATRegion2_trg_addr         
00007bd8  __TI_CINIT_Base                 
00007be8  __TI_CINIT_Limit                
00007be8  __TI_CINIT_Warm                 
00007bc4  __TI_Handler_Table_Base         
00007bd0  __TI_Handler_Table_Limit        
00007231  __TI_auto_init_nobinit_nopinit  
00006bd5  __TI_decompress_lzss            
0000765f  __TI_decompress_none            
ffffffff  __TI_pprof_out_hndl             
ffffffff  __TI_prof_data_size             
ffffffff  __TI_prof_data_start            
00000000  __TI_static_base__              
00007681  __TI_zero_init                  
000061c3  __addsf3                        
00007355  __aeabi_f2iz                    
000073c1  __aeabi_f2uiz                   
000061c3  __aeabi_fadd                    
00006d31  __aeabi_fcmpeq                  
00006d6d  __aeabi_fcmpge                  
00006d81  __aeabi_fcmpgt                  
00006d59  __aeabi_fcmple                  
00006d45  __aeabi_fcmplt                  
00006b51  __aeabi_fdiv                    
00006a41  __aeabi_fmul                    
000061b9  __aeabi_fsub                    
000071b9  __aeabi_i2f                     
00006fc1  __aeabi_idiv                    
00007705  __aeabi_idiv0                   
00006fc1  __aeabi_idivmod                 
000076a1  __aeabi_memclr                  
000076a1  __aeabi_memclr4                 
000076a1  __aeabi_memclr8                 
000076e9  __aeabi_memcpy                  
000076e9  __aeabi_memcpy4                 
000076e9  __aeabi_memcpy8                 
00007691  __aeabi_memset                  
00007691  __aeabi_memset4                 
00007691  __aeabi_memset8                 
00007485  __aeabi_ui2f                    
00007101  __aeabi_uidiv                   
00007101  __aeabi_uidivmod                
ffffffff  __binit__                       
0000726d  __cmpsf2                        
00006b51  __divsf3                        
0000726d  __eqsf2                         
00007355  __fixsfsi                       
000073c1  __fixunssfsi                    
000071b9  __floatsisf                     
00007485  __floatunsisf                   
000071f5  __gesf2                         
000071f5  __gtsf2                         
0000726d  __lesf2                         
0000726d  __ltsf2                         
UNDEFED   __mpu_init                      
000072a9  __muldsi3                       
00006a41  __mulsf3                        
0000726d  __nesf2                         
20207e00  __stack                         
20200000  __start___llvm_prf_bits         
20200000  __start___llvm_prf_cnts         
20200000  __stop___llvm_prf_bits          
20200000  __stop___llvm_prf_cnts          
000061b9  __subsf3                        
000074ad  _c_int00_noargs                 
UNDEFED   _system_post_cinit              
000076ff  _system_pre_init                
000076f1  abort                           
ffffffff  binit                           
20200400  gPWM_0Backup                    
202004bc  gQEI_0Backup                    
2020063c  g_car                           
20200780  g_ec11                          
20200768  g_line                          
2020074c  g_mpu6050                       
20200790  g_oled                          
202007b4  g_problem_menu                  
00000000  interruptVectors                
00006351  main                            
000067e9  memcpy                          
00006d93  memset                          
00004ef9  vofa_gyro_send                  
00004d3d  vofa_line_send                  
000049c1  vofa_speed_send                 
000053d1  vofa_test_send                  


GLOBAL SYMBOLS: SORTED BY Symbol Address 

address   name                            
-------   ----                            
00000000  __TI_ATRegion0_region_sz        
00000000  __TI_ATRegion0_src_addr         
00000000  __TI_ATRegion0_trg_addr         
00000000  __TI_ATRegion1_region_sz        
00000000  __TI_ATRegion1_src_addr         
00000000  __TI_ATRegion1_trg_addr         
00000000  __TI_ATRegion2_region_sz        
00000000  __TI_ATRegion2_src_addr         
00000000  __TI_ATRegion2_trg_addr         
00000000  __TI_static_base__              
00000000  interruptVectors                
00000200  __STACK_SIZE                    
000018d5  Debug_UART_ProcessRx            
00002f81  Car_ControlStep                 
00003635  OLED_DrawProblemSelect          
00003ee9  Board_I2C_ReadRegs              
000045c5  OLED_Update                     
000049c1  vofa_speed_send                 
00004d3d  vofa_line_send                  
00004ef9  vofa_gyro_send                  
000050a5  LineTracker_Update              
00005249  OLED_DrawProblemSelected        
000053d1  vofa_test_send                  
000059dd  MPU6050_Init                    
00005ae9  Car_Stop                        
00005bed  DL_Timer_initFourCCPWMMode      
00005df1  DL_Timer_initTimerMode          
00005eed  SYSCFG_DL_GPIO_init             
000060d9  ProblemMenu_Task                
000061b9  __aeabi_fsub                    
000061b9  __subsf3                        
000061c3  __addsf3                        
000061c3  __aeabi_fadd                    
00006291  UART1_IRQHandler                
00006351  main                            
00006409  MPU6050_Calibrate               
000064b9  EC11_Task                       
00006609  EC11_HandleABInterrupt          
000066ad  Debug_UART_Init                 
0000674d  MPU6050_Task                    
000067e9  memcpy                          
00006883  ADC0_IRQHandler                 
00006883  ADC1_IRQHandler                 
00006883  AES_IRQHandler                  
00006883  CANFD0_IRQHandler               
00006883  DAC0_IRQHandler                 
00006883  DMA_IRQHandler                  
00006883  Default_Handler                 
00006883  GROUP0_IRQHandler               
00006883  HardFault_Handler               
00006883  I2C0_IRQHandler                 
00006883  I2C1_IRQHandler                 
00006883  NMI_Handler                     
00006883  PendSV_Handler                  
00006883  RTC_IRQHandler                  
00006883  SPI0_IRQHandler                 
00006883  SPI1_IRQHandler                 
00006883  SVC_Handler                     
00006883  SysTick_Handler                 
00006883  TIMA0_IRQHandler                
00006883  TIMA1_IRQHandler                
00006883  TIMG0_IRQHandler                
00006883  TIMG6_IRQHandler                
00006883  TIMG7_IRQHandler                
00006883  TIMG8_IRQHandler                
00006883  UART0_IRQHandler                
00006883  UART2_IRQHandler                
00006883  UART3_IRQHandler                
00006885  Car_Init                        
000069b5  SYSCFG_DL_PWM_0_init            
00006a41  __aeabi_fmul                    
00006a41  __mulsf3                        
00006acd  EC11_Init                       
00006b51  __aeabi_fdiv                    
00006b51  __divsf3                        
00006bd5  __TI_decompress_lzss            
00006c51  GROUP1_IRQHandler               
00006cc1  SYSCFG_DL_UART_DEBUG_init       
00006d31  __aeabi_fcmpeq                  
00006d45  __aeabi_fcmplt                  
00006d59  __aeabi_fcmple                  
00006d6d  __aeabi_fcmpge                  
00006d81  __aeabi_fcmpgt                  
00006d93  memset                          
00006df5  SYSCFG_DL_initPower             
00006e55  DL_I2C_fillControllerTXFIFO     
00006eb5  ProblemMenu_Init                
00006f11  Debug_UART_Task                 
00006f69  OLED_Task                       
00006fc1  __aeabi_idiv                    
00006fc1  __aeabi_idivmod                 
00007019  SYSCFG_DL_I2C_MPU_init          
0000706d  SYSCFG_DL_QEI_0_init            
000070b9  DL_UART_init                    
00007101  __aeabi_uidiv                   
00007101  __aeabi_uidivmod                
00007141  DL_I2C_flushControllerTXFIFO    
0000717d  SYSCFG_DL_init                  
000071b9  __aeabi_i2f                     
000071b9  __floatsisf                     
000071f5  __gesf2                         
000071f5  __gtsf2                         
00007231  __TI_auto_init_nobinit_nopinit  
0000726d  __cmpsf2                        
0000726d  __eqsf2                         
0000726d  __lesf2                         
0000726d  __ltsf2                         
0000726d  __nesf2                         
000072a9  __muldsi3                       
0000731d  SYSCFG_DL_TIMER_CONTROL_init    
00007355  __aeabi_f2iz                    
00007355  __fixsfsi                       
0000738d  OLED_Init                       
000073c1  __aeabi_f2uiz                   
000073c1  __fixunssfsi                    
000073f5  DL_I2C_flushControllerRXFIFO    
00007425  DL_UART_transmitDataBlocking    
00007455  SYSCFG_DL_SYSCTL_init           
00007485  __aeabi_ui2f                    
00007485  __floatunsisf                   
000074ad  _c_int00_noargs                 
000074d5  DL_I2C_setClockConfig           
000074fd  CompetitionTasks_Exit           
00007521  Car_StartLineFollow             
00007541  CompetitionTasks_Enter          
00007561  CompetitionTasks_Task           
00007581  DL_Timer_setCaptCompUpdateMethod
0000759d  DL_Timer_setClockConfig         
000075b9  EC11_GetButtonEvent             
000075d5  EC11_GetDelta                   
000075f1  DL_Timer_setCaptureCompareOutCtl
00007609  TIMG12_IRQHandler               
00007621  Board_I2C_Write                 
00007637  Board_I2C_WriteReg              
0000764d  DL_UART_setClockConfig          
0000765f  __TI_decompress_none            
00007671  DL_Timer_setCaptureCompareValue 
00007681  __TI_zero_init                  
00007691  __aeabi_memset                  
00007691  __aeabi_memset4                 
00007691  __aeabi_memset8                 
000076a1  __aeabi_memclr                  
000076a1  __aeabi_memclr4                 
000076a1  __aeabi_memclr8                 
000076ad  DL_Common_delayCycles           
000076b7  LineTracker_Init                
000076e9  __aeabi_memcpy                  
000076e9  __aeabi_memcpy4                 
000076e9  __aeabi_memcpy8                 
000076f1  abort                           
000076f6  C$$EXIT                         
000076f7  HOSTexit                        
000076fb  Reset_Handler                   
000076ff  _system_pre_init                
00007705  __aeabi_idiv0                   
00007bc4  __TI_Handler_Table_Base         
00007bd0  __TI_Handler_Table_Limit        
00007bd8  __TI_CINIT_Base                 
00007be8  __TI_CINIT_Limit                
00007be8  __TI_CINIT_Warm                 
20200000  __start___llvm_prf_bits         
20200000  __start___llvm_prf_cnts         
20200000  __stop___llvm_prf_bits          
20200000  __stop___llvm_prf_cnts          
20200400  gPWM_0Backup                    
202004bc  gQEI_0Backup                    
2020063c  g_car                           
2020074c  g_mpu6050                       
20200768  g_line                          
20200780  g_ec11                          
20200790  g_oled                          
202007b4  g_problem_menu                  
20207e00  __stack                         
20208000  __STACK_END                     
ffffffff  __TI_pprof_out_hndl             
ffffffff  __TI_prof_data_size             
ffffffff  __TI_prof_data_start            
ffffffff  __binit__                       
ffffffff  binit                           
UNDEFED   __mpu_init                      
UNDEFED   _system_post_cinit              

[181 symbols]
