******************************************************************************
            TI ARM Clang Linker PC v4.0.4                      
******************************************************************************
>> Linked Mon Jul 13 16:09:18 2026

OUTPUT FILE NAME:   <TI_Car_no_buletooth.out>
ENTRY POINT SYMBOL: "_c_int00_noargs"  address: 000050dd


MEMORY CONFIGURATION

         name            origin    length      used     unused   attr    fill
----------------------  --------  ---------  --------  --------  ----  --------
  FLASH                 00000000   00020000  000053d8  0001ac28  R  X
  SRAM                  20200000   00008000  0000056a  00007a96  RW X
  BCR_CONFIG            41c00000   000000ff  00000000  000000ff  R   
  BSL_CONFIG            41c00100   00000080  00000000  00000080  R   


SEGMENT ALLOCATION MAP

run origin  load origin   length   init length attrs members
----------  ----------- ---------- ----------- ----- -------
00000000    00000000    000053d8   000053d8    r-x
  00000000    00000000    000000c0   000000c0    r-- .intvecs
  000000c0    000000c0    00005180   00005180    r-x .text
  00005240    00005240    000000f8   000000f8    r-- .rodata
  00005338    00005338    000000a0   000000a0    r-- .cinit
20200000    20200000    0000036a   00000000    rw-
  20200000    20200000    0000023c   00000000    rw- .bss
  2020023c    2020023c    0000012e   00000000    rw- .data
20207e00    20207e00    00000200   00000000    rw-
  20207e00    20207e00    00000200   00000000    rw- .stack


SECTION ALLOCATION MAP

 output                                  attributes/
section   page    origin      length       input sections
--------  ----  ----------  ----------   ----------------
.intvecs   0    00000000    000000c0     
                  00000000    000000c0     startup_mspm0g350x_ticlang.o (.intvecs)

.text      0    000000c0    00005180     
                  000000c0    00001614     debug_uart.o (.text.Debug_UART_ProcessRx)
                  000016d4    00000bf0     debug_uart.o (.text.Debug_UART_SendStatus)
                  000022c4    00000580     car_control.o (.text.Car_ControlStep)
                  00002844    00000264     debug_uart.o (.text.Debug_UART_AppendFloat)
                  00002aa8    00000248     debug_uart.o (.text.Debug_UART_ParseFloatList)
                  00002cf0    000001dc     mpu6050.o (.text.MPU6050_ReadRegs)
                  00002ecc    000001d4     debug_uart.o (.text.Debug_UART_ParseFloat)
                  000030a0    000001c0     debug_uart.o (.text.vofa_speed_send)
                  00003260    000001bc     debug_uart.o (.text.vofa_line_send)
                  0000341c    000001ac     debug_uart.o (.text.vofa_gyro_send)
                  000035c8    000001a4     line_tracker.o (.text.LineTracker_Update)
                  0000376c    0000016c     debug_uart.o (.text.vofa_test_send)
                  000038d8    00000120     debug_uart.o (.text.Debug_UART_SendOkFloat)
                  000039f8    00000118     mpu6050.o (.text.MPU6050_WriteReg)
                  00003b10    00000110     car_control.o (.text.Car_PidStep)
                  00003c20    00000104     car_control.o (.text.Car_Stop)
                  00003d24    00000104     driverlib.a : dl_timer.o (.text.DL_Timer_initFourCCPWMMode)
                  00003e28    00000100     mpu6050.o (.text.MPU6050_Init)
                  00003f28    000000fc     driverlib.a : dl_timer.o (.text.DL_Timer_initTimerMode)
                  00004024    000000dc     ti_msp_dl_config.o (.text.SYSCFG_DL_GPIO_init)
                  00004100    000000d8     libclang_rt.builtins.a : addsf3.S.obj (.text)
                  000041d8    000000c0     debug_uart.o (.text.UART1_IRQHandler)
                  00004298    000000ac     mpu6050.o (.text.MPU6050_Calibrate)
                  00004344    000000a4     debug_uart.o (.text.Debug_UART_CommandEquals)
                  000043e8    000000a0     debug_uart.o (.text.Debug_UART_Init)
                  00004488    0000009c     mpu6050.o (.text.MPU6050_Task)
                  00004524    0000009a     libc.a : memcpy16.S.obj (.text:memcpy)
                  000045be    00000002     startup_mspm0g350x_ticlang.o (.text.Default_Handler)
                  000045c0    00000098     car_control.o (.text.Car_Init)
                  00004658    00000098     debug_uart.o (.text.Debug_UART_GetArg)
                  000046f0    0000008c     ti_msp_dl_config.o (.text.SYSCFG_DL_PWM_0_init)
                  0000477c    0000008c     libclang_rt.builtins.a : mulsf3.S.obj (.text.__mulsf3)
                  00004808    00000084     empty.o (.text.main)
                  0000488c    00000082     libclang_rt.builtins.a : divsf3.S.obj (.text.__divsf3)
                  0000490e    00000002                            : aeabi_div0.c.obj (.text.__aeabi_idiv0)
                  00004910    0000007c     libc.a : copy_decompress_lzss.c.obj (.text:decompress:lzss)
                  0000498c    00000070     ti_msp_dl_config.o (.text.SYSCFG_DL_UART_DEBUG_init)
                  000049fc    00000062     libclang_rt.builtins.a : aeabi_fcmp.S.obj (.text.__aeabi_fcmp)
                  00004a5e    00000062     libc.a : memset16.S.obj (.text:memset)
                  00004ac0    00000060     ti_msp_dl_config.o (.text.SYSCFG_DL_initPower)
                  00004b20    0000005e     driverlib.a : dl_i2c.o (.text.DL_I2C_fillControllerTXFIFO)
                  00004b7e    00000002     --HOLE-- [fill = 0]
                  00004b80    00000058     debug_uart.o (.text.Debug_UART_Task)
                  00004bd8    00000056     libclang_rt.builtins.a : aeabi_idivmod.S.obj (.text.__aeabi_idivmod)
                  00004c2e    00000002     --HOLE-- [fill = 0]
                  00004c30    00000054     car_control.o (.text.GROUP1_IRQHandler)
                  00004c84    00000054     ti_msp_dl_config.o (.text.SYSCFG_DL_I2C_MPU_init)
                  00004cd8    0000004c     ti_msp_dl_config.o (.text.SYSCFG_DL_QEI_0_init)
                  00004d24    00000048     driverlib.a : dl_uart.o (.text.DL_UART_init)
                  00004d6c    00000040     libclang_rt.builtins.a : aeabi_uidivmod.S.obj (.text.__aeabi_uidivmod)
                  00004dac    0000003c     driverlib.a : dl_i2c.o (.text.DL_I2C_flushControllerTXFIFO)
                  00004de8    0000003c     ti_msp_dl_config.o (.text.SYSCFG_DL_init)
                  00004e24    0000003c     libclang_rt.builtins.a : floatsisf.S.obj (.text.__floatsisf)
                  00004e60    0000003c                            : comparesf2.S.obj (.text.__gtsf2)
                  00004e9c    0000003c     libc.a : autoinit.c.obj (.text:__TI_auto_init_nobinit_nopinit)
                  00004ed8    0000003a     libclang_rt.builtins.a : comparesf2.S.obj (.text.__eqsf2)
                  00004f12    00000002     --HOLE-- [fill = 0]
                  00004f14    0000003a                            : muldsi3.S.obj (.text.__muldsi3)
                  00004f4e    00000002     --HOLE-- [fill = 0]
                  00004f50    00000038     ti_msp_dl_config.o (.text.SYSCFG_DL_TIMER_CONTROL_init)
                  00004f88    00000038     libclang_rt.builtins.a : fixsfsi.S.obj (.text.__fixsfsi)
                  00004fc0    00000032                            : fixunssfsi.S.obj (.text.__fixunssfsi)
                  00004ff2    00000002     --HOLE-- [fill = 0]
                  00004ff4    00000030     driverlib.a : dl_i2c.o (.text.DL_I2C_flushControllerRXFIFO)
                  00005024    00000030                 : dl_uart.o (.text.DL_UART_transmitDataBlocking)
                  00005054    00000030     mpu6050.o (.text.MPU6050_RecoverBus)
                  00005084    00000030     ti_msp_dl_config.o (.text.SYSCFG_DL_SYSCTL_init)
                  000050b4    00000028     libclang_rt.builtins.a : floatunsisf.S.obj (.text.__floatunsisf)
                  000050dc    00000028     libc.a : boot_cortex_m.c.obj (.text:_c_int00_noargs)
                  00005104    00000026     driverlib.a : dl_i2c.o (.text.DL_I2C_setClockConfig)
                  0000512a    00000002     --HOLE-- [fill = 0]
                  0000512c    00000020     car_control.o (.text.Car_StartLineFollow)
                  0000514c    0000001c     driverlib.a : dl_timer.o (.text.DL_Timer_setCaptCompUpdateMethod)
                  00005168    0000001c                 : dl_timer.o (.text.DL_Timer_setClockConfig)
                  00005184    00000018                 : dl_timer.o (.text.DL_Timer_setCaptureCompareOutCtl)
                  0000519c    00000018     empty.o (.text.TIMG12_IRQHandler)
                  000051b4    00000016     libc.a : copy_zero_init.c.obj (.text:decompress:ZI:__TI_zero_init_nomemset)
                  000051ca    00000012     driverlib.a : dl_uart.o (.text.DL_UART_setClockConfig)
                  000051dc    00000012     libc.a : copy_decompress_none.c.obj (.text:decompress:none)
                  000051ee    00000002     --HOLE-- [fill = 0]
                  000051f0    00000010     driverlib.a : dl_timer.o (.text.DL_Timer_setCaptureCompareValue)
                  00005200    0000000e     libclang_rt.builtins.a : aeabi_memset.S.obj (.text.__aeabi_memset)
                  0000520e    0000000a     driverlib.a : dl_common.o (.text.DL_Common_delayCycles)
                  00005218    00000008     line_tracker.o (.text.LineTracker_Init)
                  00005220    00000008     libclang_rt.builtins.a : aeabi_memcpy.S.obj (.text.__aeabi_memcpy)
                  00005228    00000006     libc.a : exit.c.obj (.text:abort)
                  0000522e    00000004     libsysbm.a : hostexit.c.obj (.text.HOSTexit)
                  00005232    00000004     startup_mspm0g350x_ticlang.o (.text.Reset_Handler)
                  00005236    00000004     libc.a : pre_init.c.obj (.text._system_pre_init)
                  0000523a    00000006     --HOLE-- [fill = 0]

.cinit     0    00005338    000000a0     
                  00005338    00000079     (.cinit..data.load) [load image, compression = lzss]
                  000053b1    00000003     --HOLE-- [fill = 0]
                  000053b4    0000000c     (__TI_handler_table)
                  000053c0    00000008     (.cinit..bss.load) [load image, compression = zero_init]
                  000053c8    00000010     (__TI_cinit_table)

.rodata    0    00005240    000000f8     
                  00005240    00000014     ti_msp_dl_config.o (.rodata.gTIMER_CONTROLTimerConfig)
                  00005254    00000011     debug_uart.o (.rodata.str1.6458327664208245438.1)
                  00005265    00000010     car_control.o (.rodata.cst16)
                  00005275    00000001     --HOLE-- [fill = 0]
                  00005276    0000000a     ti_msp_dl_config.o (.rodata.gUART_DEBUGConfig)
                  00005280    00000009     debug_uart.o (.rodata.str1.13780910753272455840.1)
                  00005289    00000009     debug_uart.o (.rodata.str1.6115349477757457877.1)
                  00005292    00000002     ti_msp_dl_config.o (.rodata.gI2C_MPUClockConfig)
                  00005294    00000008     ti_msp_dl_config.o (.rodata.gPWM_0Config)
                  0000529c    00000008     debug_uart.o (.rodata.str1.1053656881137762224.1)
                  000052a4    00000008     debug_uart.o (.rodata.str1.12497135275599074458.1)
                  000052ac    00000008     debug_uart.o (.rodata.str1.13276830473278608211.1)
                  000052b4    00000008     debug_uart.o (.rodata.str1.15537960897562168936.1)
                  000052bc    00000008     debug_uart.o (.rodata.str1.2550248884874358827.1)
                  000052c4    00000008     debug_uart.o (.rodata.str1.740724646930964178.1)
                  000052cc    00000007     debug_uart.o (.rodata.str1.12113861098680340596.1)
                  000052d3    00000007     debug_uart.o (.rodata.str1.15989200115357581723.1)
                  000052da    00000007     debug_uart.o (.rodata.str1.402800920536087235.1)
                  000052e1    00000006     debug_uart.o (.rodata.str1.10186957676173964635.1)
                  000052e7    00000006     debug_uart.o (.rodata.str1.13316212644771607044.1)
                  000052ed    00000006     debug_uart.o (.rodata.str1.3746068638744227419.1)
                  000052f3    00000006     debug_uart.o (.rodata.str1.8496366744709085709.1)
                  000052f9    00000005     debug_uart.o (.rodata.str1.1432448451819883127.1)
                  000052fe    00000005     debug_uart.o (.rodata.str1.16381963267101565806.1)
                  00005303    00000005     debug_uart.o (.rodata.str1.2473468214348230060.1)
                  00005308    00000005     debug_uart.o (.rodata.str1.435684989972102945.1)
                  0000530d    00000005     debug_uart.o (.rodata.str1.6094391537229473979.1)
                  00005312    00000003     ti_msp_dl_config.o (.rodata.gPWM_0ClockConfig)
                  00005315    00000003     ti_msp_dl_config.o (.rodata.gQEI_0ClockConfig)
                  00005318    00000003     ti_msp_dl_config.o (.rodata.gTIMER_CONTROLClockConfig)
                  0000531b    00000003     debug_uart.o (.rodata.str1.12858735334856686681.1)
                  0000531e    00000003     debug_uart.o (.rodata.str1.12874694364276345362.1)
                  00005321    00000003     debug_uart.o (.rodata.str1.5678097850300819098.1)
                  00005324    00000003     debug_uart.o (.rodata.str1.5752133939041076255.1)
                  00005327    00000003     debug_uart.o (.rodata.str1.7094908962268454530.1)
                  0000532a    00000003     debug_uart.o (.rodata.str1.8346066712588484577.1)
                  0000532d    00000002     ti_msp_dl_config.o (.rodata.gUART_DEBUGClockConfig)
                  0000532f    00000002     debug_uart.o (.rodata.str1.13678368368045285259.1)
                  00005331    00000002     debug_uart.o (.rodata.str1.15445407551556458809.1)
                  00005333    00000002     debug_uart.o (.rodata.str1.5710605537803565424.1)
                  00005335    00000002     debug_uart.o (.rodata.str1.5817733747436598827.1)
                  00005337    00000001     --HOLE-- [fill = 0]

.init_array 
*          0    00000000    00000000     UNINITIALIZED

.binit     0    00000000    00000000     

.bss       0    20200000    0000023c     UNINITIALIZED
                  20200000    000000bc     (.common:gPWM_0Backup)
                  202000bc    000000a0     (.common:gQEI_0Backup)
                  2020015c    00000080     debug_uart.o (.bss.s_rx_buffer)
                  202001dc    00000060     debug_uart.o (.bss.s_line_buffer)

.data      0    2020023c    0000012e     UNINITIALIZED
                  2020023c    000000e0     car_control.o (.data.g_car)
                  2020031c    0000001c     mpu6050.o (.data.g_mpu6050)
                  20200338    00000018     line_tracker.o (.data.g_line)
                  20200350    00000004     mpu6050.o (.data.s_last_sample_tick)
                  20200354    00000004     debug_uart.o (.data.s_last_vofa_tick)
                  20200358    00000004     car_control.o (.data.s_right_encoder_count)
                  2020035c    00000004     debug_uart.o (.data.vofa_test_send.x)
                  20200360    00000002     debug_uart.o (.data.s_line_length)
                  20200362    00000002     debug_uart.o (.data.s_rx_head)
                  20200364    00000002     debug_uart.o (.data.s_rx_tail)
                  20200366    00000001     debug_uart.o (.data.s_line_overflow)
                  20200367    00000001     car_control.o (.data.s_right_encoder_state)
                  20200368    00000001     debug_uart.o (.data.s_vofa_mode)
                  20200369    00000001     debug_uart.o (.data.s_vofa_stream_enabled)

.stack     0    20207e00    00000200     UNINITIALIZED
                  20207e00    00000004     libc.a : boot_cortex_m.c.obj (.stack)
                  20207e04    000001fc     --HOLE--

__llvm_prf_cnts 
*          0    20200000    00000000     UNINITIALIZED

__llvm_prf_bits 
*          0    20200000    00000000     UNINITIALIZED

MODULE SUMMARY

       Module                         code    ro data   rw data
       ------                         ----    -------   -------
    .\
       debug_uart.o                   13100   179       241    
       car_control.o                  2208    16        229    
       mpu6050.o                      1388    0         32     
       ti_msp_dl_config.o             892     51        348    
       line_tracker.o                 428     0         24     
       startup_mspm0g350x_ticlang.o   6       192       0      
       empty.o                        156     0         0      
    +--+------------------------------+-------+---------+---------+
       Total:                         18178   438       874    
                                                               
    F:/TI/mspm0_sdk_2_10_00_04/source/ti/driverlib/lib/ticlang/m0p/mspm0g1x0x_g3x0x/driverlib.a
       dl_timer.o                     608     0         0      
       dl_i2c.o                       240     0         0      
       dl_uart.o                      138     0         0      
       dl_common.o                    10      0         0      
    +--+------------------------------+-------+---------+---------+
       Total:                         996     0         0      
                                                               
    F:\TI\ccstheia\ccs\tools\compiler\ti-cgt-armllvm_4.0.4.LTS\lib\armv6m-ti-none-eabi/c/libc.a
       memcpy16.S.obj                 154     0         0      
       copy_decompress_lzss.c.obj     124     0         0      
       memset16.S.obj                 98      0         0      
       autoinit.c.obj                 60      0         0      
       boot_cortex_m.c.obj            40      0         0      
       copy_zero_init.c.obj           22      0         0      
       copy_decompress_none.c.obj     18      0         0      
       exit.c.obj                     6       0         0      
       pre_init.c.obj                 4       0         0      
    +--+------------------------------+-------+---------+---------+
       Total:                         526     0         0      
                                                               
    F:\TI\ccstheia\ccs\tools\compiler\ti-cgt-armllvm_4.0.4.LTS\lib\armv6m-ti-none-eabi/c/libsysbm.a
       hostexit.c.obj                 4       0         0      
    +--+------------------------------+-------+---------+---------+
       Total:                         4       0         0      
                                                               
    F:\TI\ccstheia\ccs\tools\compiler\ti-cgt-armllvm_4.0.4.LTS\lib\armv6m-ti-none-eabi/libclang_rt.builtins.a
       addsf3.S.obj                   216     0         0      
       mulsf3.S.obj                   140     0         0      
       divsf3.S.obj                   130     0         0      
       comparesf2.S.obj               118     0         0      
       aeabi_fcmp.S.obj               98      0         0      
       aeabi_idivmod.S.obj            86      0         0      
       aeabi_uidivmod.S.obj           64      0         0      
       floatsisf.S.obj                60      0         0      
       muldsi3.S.obj                  58      0         0      
       fixsfsi.S.obj                  56      0         0      
       fixunssfsi.S.obj               50      0         0      
       floatunsisf.S.obj              40      0         0      
       aeabi_memset.S.obj             14      0         0      
       aeabi_memcpy.S.obj             8       0         0      
       aeabi_div0.c.obj               2       0         0      
    +--+------------------------------+-------+---------+---------+
       Total:                         1140    0         0      
                                                               
       Stack:                         0       0         512    
       Linker Generated:              0       157       0      
    +--+------------------------------+-------+---------+---------+
       Grand Total:                   20844   595       1386   


LINKER GENERATED COPY TABLES

__TI_cinit_table @ 000053c8 records: 2, size/record: 8, table size: 16
	.data: load addr=00005338, load size=00000079 bytes, run addr=2020023c, run size=0000012e bytes, compression=lzss
	.bss: load addr=000053c0, load size=00000008 bytes, run addr=20200000, run size=0000023c bytes, compression=zero_init


LINKER GENERATED HANDLER TABLE

__TI_handler_table @ 000053b4 records: 3, size/record: 4, table size: 12
	index: 0, handler: __TI_decompress_lzss
	index: 1, handler: __TI_decompress_none
	index: 2, handler: __TI_zero_init


GLOBAL SYMBOLS: SORTED ALPHABETICALLY BY Name 

address   name                            
-------   ----                            
000045bf  ADC0_IRQHandler                 
000045bf  ADC1_IRQHandler                 
000045bf  AES_IRQHandler                  
0000522e  C$$EXIT                         
000045bf  CANFD0_IRQHandler               
000022c5  Car_ControlStep                 
000045c1  Car_Init                        
0000512d  Car_StartLineFollow             
00003c21  Car_Stop                        
000045bf  DAC0_IRQHandler                 
0000520f  DL_Common_delayCycles           
00004b21  DL_I2C_fillControllerTXFIFO     
00004ff5  DL_I2C_flushControllerRXFIFO    
00004dad  DL_I2C_flushControllerTXFIFO    
00005105  DL_I2C_setClockConfig           
00003d25  DL_Timer_initFourCCPWMMode      
00003f29  DL_Timer_initTimerMode          
0000514d  DL_Timer_setCaptCompUpdateMethod
00005185  DL_Timer_setCaptureCompareOutCtl
000051f1  DL_Timer_setCaptureCompareValue 
00005169  DL_Timer_setClockConfig         
00004d25  DL_UART_init                    
000051cb  DL_UART_setClockConfig          
00005025  DL_UART_transmitDataBlocking    
000045bf  DMA_IRQHandler                  
000043e9  Debug_UART_Init                 
000000c1  Debug_UART_ProcessRx            
00004b81  Debug_UART_Task                 
000045bf  Default_Handler                 
000045bf  GROUP0_IRQHandler               
00004c31  GROUP1_IRQHandler               
0000522f  HOSTexit                        
000045bf  HardFault_Handler               
000045bf  I2C0_IRQHandler                 
000045bf  I2C1_IRQHandler                 
00005219  LineTracker_Init                
000035c9  LineTracker_Update              
00004299  MPU6050_Calibrate               
00003e29  MPU6050_Init                    
00004489  MPU6050_Task                    
000045bf  NMI_Handler                     
000045bf  PendSV_Handler                  
000045bf  RTC_IRQHandler                  
00005233  Reset_Handler                   
000045bf  SPI0_IRQHandler                 
000045bf  SPI1_IRQHandler                 
000045bf  SVC_Handler                     
00004025  SYSCFG_DL_GPIO_init             
00004c85  SYSCFG_DL_I2C_MPU_init          
000046f1  SYSCFG_DL_PWM_0_init            
00004cd9  SYSCFG_DL_QEI_0_init            
00005085  SYSCFG_DL_SYSCTL_init           
00004f51  SYSCFG_DL_TIMER_CONTROL_init    
0000498d  SYSCFG_DL_UART_DEBUG_init       
00004de9  SYSCFG_DL_init                  
00004ac1  SYSCFG_DL_initPower             
000045bf  SysTick_Handler                 
000045bf  TIMA0_IRQHandler                
000045bf  TIMA1_IRQHandler                
000045bf  TIMG0_IRQHandler                
0000519d  TIMG12_IRQHandler               
000045bf  TIMG6_IRQHandler                
000045bf  TIMG7_IRQHandler                
000045bf  TIMG8_IRQHandler                
000045bf  UART0_IRQHandler                
000041d9  UART1_IRQHandler                
000045bf  UART2_IRQHandler                
000045bf  UART3_IRQHandler                
20208000  __STACK_END                     
00000200  __STACK_SIZE                    
00000000  __TI_ATRegion0_region_sz        
00000000  __TI_ATRegion0_src_addr         
00000000  __TI_ATRegion0_trg_addr         
00000000  __TI_ATRegion1_region_sz        
00000000  __TI_ATRegion1_src_addr         
00000000  __TI_ATRegion1_trg_addr         
00000000  __TI_ATRegion2_region_sz        
00000000  __TI_ATRegion2_src_addr         
00000000  __TI_ATRegion2_trg_addr         
000053c8  __TI_CINIT_Base                 
000053d8  __TI_CINIT_Limit                
000053d8  __TI_CINIT_Warm                 
000053b4  __TI_Handler_Table_Base         
000053c0  __TI_Handler_Table_Limit        
00004e9d  __TI_auto_init_nobinit_nopinit  
00004911  __TI_decompress_lzss            
000051dd  __TI_decompress_none            
ffffffff  __TI_pprof_out_hndl             
ffffffff  __TI_prof_data_size             
ffffffff  __TI_prof_data_start            
00000000  __TI_static_base__              
000051b5  __TI_zero_init_nomemset         
0000410b  __addsf3                        
00004f89  __aeabi_f2iz                    
00004fc1  __aeabi_f2uiz                   
0000410b  __aeabi_fadd                    
000049fd  __aeabi_fcmpeq                  
00004a39  __aeabi_fcmpge                  
00004a4d  __aeabi_fcmpgt                  
00004a25  __aeabi_fcmple                  
00004a11  __aeabi_fcmplt                  
0000488d  __aeabi_fdiv                    
0000477d  __aeabi_fmul                    
00004101  __aeabi_fsub                    
00004e25  __aeabi_i2f                     
00004bd9  __aeabi_idiv                    
0000490f  __aeabi_idiv0                   
00004bd9  __aeabi_idivmod                 
00005221  __aeabi_memcpy                  
00005221  __aeabi_memcpy4                 
00005221  __aeabi_memcpy8                 
00005201  __aeabi_memset                  
00005201  __aeabi_memset4                 
00005201  __aeabi_memset8                 
000050b5  __aeabi_ui2f                    
00004d6d  __aeabi_uidiv                   
00004d6d  __aeabi_uidivmod                
ffffffff  __binit__                       
00004ed9  __cmpsf2                        
0000488d  __divsf3                        
00004ed9  __eqsf2                         
00004f89  __fixsfsi                       
00004fc1  __fixunssfsi                    
00004e25  __floatsisf                     
000050b5  __floatunsisf                   
00004e61  __gesf2                         
00004e61  __gtsf2                         
00004ed9  __lesf2                         
00004ed9  __ltsf2                         
UNDEFED   __mpu_init                      
00004f15  __muldsi3                       
0000477d  __mulsf3                        
00004ed9  __nesf2                         
20207e00  __stack                         
20200000  __start___llvm_prf_bits         
20200000  __start___llvm_prf_cnts         
20200000  __stop___llvm_prf_bits          
20200000  __stop___llvm_prf_cnts          
00004101  __subsf3                        
000050dd  _c_int00_noargs                 
UNDEFED   _system_post_cinit              
00005237  _system_pre_init                
00005229  abort                           
ffffffff  binit                           
20200000  gPWM_0Backup                    
202000bc  gQEI_0Backup                    
2020023c  g_car                           
20200338  g_line                          
2020031c  g_mpu6050                       
00000000  interruptVectors                
00004809  main                            
00004525  memcpy                          
00004a5f  memset                          
0000341d  vofa_gyro_send                  
00003261  vofa_line_send                  
000030a1  vofa_speed_send                 
0000376d  vofa_test_send                  


GLOBAL SYMBOLS: SORTED BY Symbol Address 

address   name                            
-------   ----                            
00000000  __TI_ATRegion0_region_sz        
00000000  __TI_ATRegion0_src_addr         
00000000  __TI_ATRegion0_trg_addr         
00000000  __TI_ATRegion1_region_sz        
00000000  __TI_ATRegion1_src_addr         
00000000  __TI_ATRegion1_trg_addr         
00000000  __TI_ATRegion2_region_sz        
00000000  __TI_ATRegion2_src_addr         
00000000  __TI_ATRegion2_trg_addr         
00000000  __TI_static_base__              
00000000  interruptVectors                
000000c1  Debug_UART_ProcessRx            
00000200  __STACK_SIZE                    
000022c5  Car_ControlStep                 
000030a1  vofa_speed_send                 
00003261  vofa_line_send                  
0000341d  vofa_gyro_send                  
000035c9  LineTracker_Update              
0000376d  vofa_test_send                  
00003c21  Car_Stop                        
00003d25  DL_Timer_initFourCCPWMMode      
00003e29  MPU6050_Init                    
00003f29  DL_Timer_initTimerMode          
00004025  SYSCFG_DL_GPIO_init             
00004101  __aeabi_fsub                    
00004101  __subsf3                        
0000410b  __addsf3                        
0000410b  __aeabi_fadd                    
000041d9  UART1_IRQHandler                
00004299  MPU6050_Calibrate               
000043e9  Debug_UART_Init                 
00004489  MPU6050_Task                    
00004525  memcpy                          
000045bf  ADC0_IRQHandler                 
000045bf  ADC1_IRQHandler                 
000045bf  AES_IRQHandler                  
000045bf  CANFD0_IRQHandler               
000045bf  DAC0_IRQHandler                 
000045bf  DMA_IRQHandler                  
000045bf  Default_Handler                 
000045bf  GROUP0_IRQHandler               
000045bf  HardFault_Handler               
000045bf  I2C0_IRQHandler                 
000045bf  I2C1_IRQHandler                 
000045bf  NMI_Handler                     
000045bf  PendSV_Handler                  
000045bf  RTC_IRQHandler                  
000045bf  SPI0_IRQHandler                 
000045bf  SPI1_IRQHandler                 
000045bf  SVC_Handler                     
000045bf  SysTick_Handler                 
000045bf  TIMA0_IRQHandler                
000045bf  TIMA1_IRQHandler                
000045bf  TIMG0_IRQHandler                
000045bf  TIMG6_IRQHandler                
000045bf  TIMG7_IRQHandler                
000045bf  TIMG8_IRQHandler                
000045bf  UART0_IRQHandler                
000045bf  UART2_IRQHandler                
000045bf  UART3_IRQHandler                
000045c1  Car_Init                        
000046f1  SYSCFG_DL_PWM_0_init            
0000477d  __aeabi_fmul                    
0000477d  __mulsf3                        
00004809  main                            
0000488d  __aeabi_fdiv                    
0000488d  __divsf3                        
0000490f  __aeabi_idiv0                   
00004911  __TI_decompress_lzss            
0000498d  SYSCFG_DL_UART_DEBUG_init       
000049fd  __aeabi_fcmpeq                  
00004a11  __aeabi_fcmplt                  
00004a25  __aeabi_fcmple                  
00004a39  __aeabi_fcmpge                  
00004a4d  __aeabi_fcmpgt                  
00004a5f  memset                          
00004ac1  SYSCFG_DL_initPower             
00004b21  DL_I2C_fillControllerTXFIFO     
00004b81  Debug_UART_Task                 
00004bd9  __aeabi_idiv                    
00004bd9  __aeabi_idivmod                 
00004c31  GROUP1_IRQHandler               
00004c85  SYSCFG_DL_I2C_MPU_init          
00004cd9  SYSCFG_DL_QEI_0_init            
00004d25  DL_UART_init                    
00004d6d  __aeabi_uidiv                   
00004d6d  __aeabi_uidivmod                
00004dad  DL_I2C_flushControllerTXFIFO    
00004de9  SYSCFG_DL_init                  
00004e25  __aeabi_i2f                     
00004e25  __floatsisf                     
00004e61  __gesf2                         
00004e61  __gtsf2                         
00004e9d  __TI_auto_init_nobinit_nopinit  
00004ed9  __cmpsf2                        
00004ed9  __eqsf2                         
00004ed9  __lesf2                         
00004ed9  __ltsf2                         
00004ed9  __nesf2                         
00004f15  __muldsi3                       
00004f51  SYSCFG_DL_TIMER_CONTROL_init    
00004f89  __aeabi_f2iz                    
00004f89  __fixsfsi                       
00004fc1  __aeabi_f2uiz                   
00004fc1  __fixunssfsi                    
00004ff5  DL_I2C_flushControllerRXFIFO    
00005025  DL_UART_transmitDataBlocking    
00005085  SYSCFG_DL_SYSCTL_init           
000050b5  __aeabi_ui2f                    
000050b5  __floatunsisf                   
000050dd  _c_int00_noargs                 
00005105  DL_I2C_setClockConfig           
0000512d  Car_StartLineFollow             
0000514d  DL_Timer_setCaptCompUpdateMethod
00005169  DL_Timer_setClockConfig         
00005185  DL_Timer_setCaptureCompareOutCtl
0000519d  TIMG12_IRQHandler               
000051b5  __TI_zero_init_nomemset         
000051cb  DL_UART_setClockConfig          
000051dd  __TI_decompress_none            
000051f1  DL_Timer_setCaptureCompareValue 
00005201  __aeabi_memset                  
00005201  __aeabi_memset4                 
00005201  __aeabi_memset8                 
0000520f  DL_Common_delayCycles           
00005219  LineTracker_Init                
00005221  __aeabi_memcpy                  
00005221  __aeabi_memcpy4                 
00005221  __aeabi_memcpy8                 
00005229  abort                           
0000522e  C$$EXIT                         
0000522f  HOSTexit                        
00005233  Reset_Handler                   
00005237  _system_pre_init                
000053b4  __TI_Handler_Table_Base         
000053c0  __TI_Handler_Table_Limit        
000053c8  __TI_CINIT_Base                 
000053d8  __TI_CINIT_Limit                
000053d8  __TI_CINIT_Warm                 
20200000  __start___llvm_prf_bits         
20200000  __start___llvm_prf_cnts         
20200000  __stop___llvm_prf_bits          
20200000  __stop___llvm_prf_cnts          
20200000  gPWM_0Backup                    
202000bc  gQEI_0Backup                    
2020023c  g_car                           
2020031c  g_mpu6050                       
20200338  g_line                          
20207e00  __stack                         
20208000  __STACK_END                     
ffffffff  __TI_pprof_out_hndl             
ffffffff  __TI_prof_data_size             
ffffffff  __TI_prof_data_start            
ffffffff  __binit__                       
ffffffff  binit                           
UNDEFED   __mpu_init                      
UNDEFED   _system_post_cinit              

[157 symbols]
