<?xml version="1.0" encoding="ISO-8859-1" ?>
<link_info>
   <banner>TI ARM Clang Linker PC v4.0.4.LTS</banner>
   <copyright>Copyright (c) 1996-2018 Texas Instruments Incorporated</copyright>
   <command_line>F:\TI\ccstheia\ccs\tools\compiler\ti-cgt-armllvm_4.0.4.LTS\bin\tiarmlnk -IF:\TI\ccstheia\ccs\tools\compiler\ti-cgt-armllvm_4.0.4.LTS\lib -o TI_Car_no_buletooth.out -mTI_Car_no_buletooth.map -iF:/TI/mspm0_sdk_2_10_00_04/source -iC:/Users/Thorn/workspace_ccstheia/TI_Car -iC:/Users/Thorn/workspace_ccstheia/TI_Car/Debug/syscfg -iF:/TI/ccstheia/ccs/tools/compiler/ti-cgt-armllvm_4.0.4.LTS/lib --diag_wrap=off --display_error_number --warn_sections --xml_link_info=TI_Car_no_buletooth_linkInfo.xml --rom_model ./board_i2c.o ./car_control.o ./competition_tasks.o ./debug_uart.o ./ec11_encoder.o ./empty.o ./ti_msp_dl_config.o ./startup_mspm0g350x_ticlang.o ./line_tracker.o ./mpu6050.o ./oled_ssd1306.o ./problem_menu.o -l./device_linker.cmd -ldevice.cmd.genlibs -llibc.a --start-group -llibc++.a -llibc++abi.a -llibc.a -llibsys.a -llibsysbm.a -llibclang_rt.builtins.a -llibclang_rt.profile.a --end-group --cg_opt_level=2</command_line>
   <link_time>0x6a575f18</link_time>
   <link_errors>0x0</link_errors>
   <output_file>C:\Users\Thorn\workspace_ccstheia\TI_Car\Debug\TI_Car_no_buletooth.out</output_file>
   <entry_point>
      <name>_c_int00_noargs</name>
      <address>0x6459</address>
   </entry_point>
   <input_file_list>
      <input_file id="fl-1">
         <path>C:\Users\Thorn\workspace_ccstheia\TI_Car\Debug\.\</path>
         <kind>object</kind>
         <file>board_i2c.o</file>
         <name>board_i2c.o</name>
      </input_file>
      <input_file id="fl-2">
         <path>C:\Users\Thorn\workspace_ccstheia\TI_Car\Debug\.\</path>
         <kind>object</kind>
         <file>car_control.o</file>
         <name>car_control.o</name>
      </input_file>
      <input_file id="fl-3">
         <path>C:\Users\Thorn\workspace_ccstheia\TI_Car\Debug\.\</path>
         <kind>object</kind>
         <file>competition_tasks.o</file>
         <name>competition_tasks.o</name>
      </input_file>
      <input_file id="fl-4">
         <path>C:\Users\Thorn\workspace_ccstheia\TI_Car\Debug\.\</path>
         <kind>object</kind>
         <file>debug_uart.o</file>
         <name>debug_uart.o</name>
      </input_file>
      <input_file id="fl-5">
         <path>C:\Users\Thorn\workspace_ccstheia\TI_Car\Debug\.\</path>
         <kind>object</kind>
         <file>ec11_encoder.o</file>
         <name>ec11_encoder.o</name>
      </input_file>
      <input_file id="fl-6">
         <path>C:\Users\Thorn\workspace_ccstheia\TI_Car\Debug\.\</path>
         <kind>object</kind>
         <file>empty.o</file>
         <name>empty.o</name>
      </input_file>
      <input_file id="fl-7">
         <path>C:\Users\Thorn\workspace_ccstheia\TI_Car\Debug\.\</path>
         <kind>object</kind>
         <file>ti_msp_dl_config.o</file>
         <name>ti_msp_dl_config.o</name>
      </input_file>
      <input_file id="fl-8">
         <path>C:\Users\Thorn\workspace_ccstheia\TI_Car\Debug\.\</path>
         <kind>object</kind>
         <file>startup_mspm0g350x_ticlang.o</file>
         <name>startup_mspm0g350x_ticlang.o</name>
      </input_file>
      <input_file id="fl-9">
         <path>C:\Users\Thorn\workspace_ccstheia\TI_Car\Debug\.\</path>
         <kind>object</kind>
         <file>line_tracker.o</file>
         <name>line_tracker.o</name>
      </input_file>
      <input_file id="fl-a">
         <path>C:\Users\Thorn\workspace_ccstheia\TI_Car\Debug\.\</path>
         <kind>object</kind>
         <file>mpu6050.o</file>
         <name>mpu6050.o</name>
      </input_file>
      <input_file id="fl-b">
         <path>C:\Users\Thorn\workspace_ccstheia\TI_Car\Debug\.\</path>
         <kind>object</kind>
         <file>oled_ssd1306.o</file>
         <name>oled_ssd1306.o</name>
      </input_file>
      <input_file id="fl-c">
         <path>C:\Users\Thorn\workspace_ccstheia\TI_Car\Debug\.\</path>
         <kind>object</kind>
         <file>problem_menu.o</file>
         <name>problem_menu.o</name>
      </input_file>
      <input_file id="fl-19">
         <path>C:\Users\Thorn\workspace_ccstheia\TI_Car\Debug\</path>
         <kind>object</kind>
         <file>&lt;internal&gt;</file>
         <name>&lt;internal&gt;</name>
      </input_file>
      <input_file id="fl-1a">
         <path>F:\TI\mspm0_sdk_2_10_00_04\source\ti\driverlib\lib\ticlang\m0p\mspm0g1x0x_g3x0x\</path>
         <kind>archive</kind>
         <file>driverlib.a</file>
         <name>dl_common.o</name>
      </input_file>
      <input_file id="fl-1b">
         <path>F:\TI\mspm0_sdk_2_10_00_04\source\ti\driverlib\lib\ticlang\m0p\mspm0g1x0x_g3x0x\</path>
         <kind>archive</kind>
         <file>driverlib.a</file>
         <name>dl_i2c.o</name>
      </input_file>
      <input_file id="fl-1c">
         <path>F:\TI\mspm0_sdk_2_10_00_04\source\ti\driverlib\lib\ticlang\m0p\mspm0g1x0x_g3x0x\</path>
         <kind>archive</kind>
         <file>driverlib.a</file>
         <name>dl_timer.o</name>
      </input_file>
      <input_file id="fl-1d">
         <path>F:\TI\mspm0_sdk_2_10_00_04\source\ti\driverlib\lib\ticlang\m0p\mspm0g1x0x_g3x0x\</path>
         <kind>archive</kind>
         <file>driverlib.a</file>
         <name>dl_uart.o</name>
      </input_file>
      <input_file id="fl-34">
         <path>F:\TI\ccstheia\ccs\tools\compiler\ti-cgt-armllvm_4.0.4.LTS\lib\armv6m-ti-none-eabi\c\</path>
         <kind>archive</kind>
         <file>libc.a</file>
         <name>boot_cortex_m.c.obj</name>
      </input_file>
      <input_file id="fl-35">
         <path>F:\TI\ccstheia\ccs\tools\compiler\ti-cgt-armllvm_4.0.4.LTS\lib\armv6m-ti-none-eabi\c\</path>
         <kind>archive</kind>
         <file>libc.a</file>
         <name>mathacl_init.c.obj</name>
      </input_file>
      <input_file id="fl-36">
         <path>F:\TI\ccstheia\ccs\tools\compiler\ti-cgt-armllvm_4.0.4.LTS\lib\armv6m-ti-none-eabi\c\</path>
         <kind>archive</kind>
         <file>libc.a</file>
         <name>autoinit.c.obj</name>
      </input_file>
      <input_file id="fl-37">
         <path>F:\TI\ccstheia\ccs\tools\compiler\ti-cgt-armllvm_4.0.4.LTS\lib\armv6m-ti-none-eabi\c\</path>
         <kind>archive</kind>
         <file>libc.a</file>
         <name>pre_init.c.obj</name>
      </input_file>
      <input_file id="fl-38">
         <path>F:\TI\ccstheia\ccs\tools\compiler\ti-cgt-armllvm_4.0.4.LTS\lib\armv6m-ti-none-eabi\c\</path>
         <kind>archive</kind>
         <file>libc.a</file>
         <name>cpy_tbl.c.obj</name>
      </input_file>
      <input_file id="fl-39">
         <path>F:\TI\ccstheia\ccs\tools\compiler\ti-cgt-armllvm_4.0.4.LTS\lib\armv6m-ti-none-eabi\c\</path>
         <kind>archive</kind>
         <file>libc.a</file>
         <name>copy_zero_init.c.obj</name>
      </input_file>
      <input_file id="fl-3a">
         <path>F:\TI\ccstheia\ccs\tools\compiler\ti-cgt-armllvm_4.0.4.LTS\lib\armv6m-ti-none-eabi\c\</path>
         <kind>archive</kind>
         <file>libc.a</file>
         <name>copy_decompress_none.c.obj</name>
      </input_file>
      <input_file id="fl-3b">
         <path>F:\TI\ccstheia\ccs\tools\compiler\ti-cgt-armllvm_4.0.4.LTS\lib\armv6m-ti-none-eabi\c\</path>
         <kind>archive</kind>
         <file>libc.a</file>
         <name>copy_decompress_lzss.c.obj</name>
      </input_file>
      <input_file id="fl-3c">
         <path>F:\TI\ccstheia\ccs\tools\compiler\ti-cgt-armllvm_4.0.4.LTS\lib\armv6m-ti-none-eabi\c\</path>
         <kind>archive</kind>
         <file>libc.a</file>
         <name>exit.c.obj</name>
      </input_file>
      <input_file id="fl-3d">
         <path>F:\TI\ccstheia\ccs\tools\compiler\ti-cgt-armllvm_4.0.4.LTS\lib\armv6m-ti-none-eabi\c\</path>
         <kind>archive</kind>
         <file>libc.a</file>
         <name>_lock.c.obj</name>
      </input_file>
      <input_file id="fl-3e">
         <path>F:\TI\ccstheia\ccs\tools\compiler\ti-cgt-armllvm_4.0.4.LTS\lib\armv6m-ti-none-eabi\c\</path>
         <kind>archive</kind>
         <file>libc.a</file>
         <name>args_main.c.obj</name>
      </input_file>
      <input_file id="fl-de">
         <path>F:\TI\ccstheia\ccs\tools\compiler\ti-cgt-armllvm_4.0.4.LTS\lib\armv6m-ti-none-eabi\c\</path>
         <kind>archive</kind>
         <file>libsysbm.a</file>
         <name>hostexit.c.obj</name>
      </input_file>
      <input_file id="fl-df">
         <path>F:\TI\ccstheia\ccs\tools\compiler\ti-cgt-armllvm_4.0.4.LTS\lib\armv6m-ti-none-eabi\</path>
         <kind>archive</kind>
         <file>libclang_rt.builtins.a</file>
         <name>addsf3.S.obj</name>
      </input_file>
      <input_file id="fl-e0">
         <path>F:\TI\ccstheia\ccs\tools\compiler\ti-cgt-armllvm_4.0.4.LTS\lib\armv6m-ti-none-eabi\</path>
         <kind>archive</kind>
         <file>libclang_rt.builtins.a</file>
         <name>mulsf3.S.obj</name>
      </input_file>
      <input_file id="fl-e1">
         <path>F:\TI\ccstheia\ccs\tools\compiler\ti-cgt-armllvm_4.0.4.LTS\lib\armv6m-ti-none-eabi\</path>
         <kind>archive</kind>
         <file>libclang_rt.builtins.a</file>
         <name>divsf3.S.obj</name>
      </input_file>
      <input_file id="fl-e2">
         <path>F:\TI\ccstheia\ccs\tools\compiler\ti-cgt-armllvm_4.0.4.LTS\lib\armv6m-ti-none-eabi\</path>
         <kind>archive</kind>
         <file>libclang_rt.builtins.a</file>
         <name>fixsfsi.S.obj</name>
      </input_file>
      <input_file id="fl-e3">
         <path>F:\TI\ccstheia\ccs\tools\compiler\ti-cgt-armllvm_4.0.4.LTS\lib\armv6m-ti-none-eabi\</path>
         <kind>archive</kind>
         <file>libclang_rt.builtins.a</file>
         <name>fixunssfsi.S.obj</name>
      </input_file>
      <input_file id="fl-e4">
         <path>F:\TI\ccstheia\ccs\tools\compiler\ti-cgt-armllvm_4.0.4.LTS\lib\armv6m-ti-none-eabi\</path>
         <kind>archive</kind>
         <file>libclang_rt.builtins.a</file>
         <name>floatsisf.S.obj</name>
      </input_file>
      <input_file id="fl-e5">
         <path>F:\TI\ccstheia\ccs\tools\compiler\ti-cgt-armllvm_4.0.4.LTS\lib\armv6m-ti-none-eabi\</path>
         <kind>archive</kind>
         <file>libclang_rt.builtins.a</file>
         <name>floatunsisf.S.obj</name>
      </input_file>
      <input_file id="fl-e6">
         <path>F:\TI\ccstheia\ccs\tools\compiler\ti-cgt-armllvm_4.0.4.LTS\lib\armv6m-ti-none-eabi\</path>
         <kind>archive</kind>
         <file>libclang_rt.builtins.a</file>
         <name>aeabi_fcmp.S.obj</name>
      </input_file>
      <input_file id="fl-e7">
         <path>F:\TI\ccstheia\ccs\tools\compiler\ti-cgt-armllvm_4.0.4.LTS\lib\armv6m-ti-none-eabi\</path>
         <kind>archive</kind>
         <file>libclang_rt.builtins.a</file>
         <name>aeabi_idivmod.S.obj</name>
      </input_file>
      <input_file id="fl-e8">
         <path>F:\TI\ccstheia\ccs\tools\compiler\ti-cgt-armllvm_4.0.4.LTS\lib\armv6m-ti-none-eabi\</path>
         <kind>archive</kind>
         <file>libclang_rt.builtins.a</file>
         <name>aeabi_memcpy.S.obj</name>
      </input_file>
      <input_file id="fl-e9">
         <path>F:\TI\ccstheia\ccs\tools\compiler\ti-cgt-armllvm_4.0.4.LTS\lib\armv6m-ti-none-eabi\</path>
         <kind>archive</kind>
         <file>libclang_rt.builtins.a</file>
         <name>aeabi_memset.S.obj</name>
      </input_file>
      <input_file id="fl-ea">
         <path>F:\TI\ccstheia\ccs\tools\compiler\ti-cgt-armllvm_4.0.4.LTS\lib\armv6m-ti-none-eabi\</path>
         <kind>archive</kind>
         <file>libclang_rt.builtins.a</file>
         <name>aeabi_uidivmod.S.obj</name>
      </input_file>
      <input_file id="fl-eb">
         <path>F:\TI\ccstheia\ccs\tools\compiler\ti-cgt-armllvm_4.0.4.LTS\lib\armv6m-ti-none-eabi\</path>
         <kind>archive</kind>
         <file>libclang_rt.builtins.a</file>
         <name>comparesf2.S.obj</name>
      </input_file>
      <input_file id="fl-ec">
         <path>F:\TI\ccstheia\ccs\tools\compiler\ti-cgt-armllvm_4.0.4.LTS\lib\armv6m-ti-none-eabi\</path>
         <kind>archive</kind>
         <file>libclang_rt.builtins.a</file>
         <name>muldsi3.S.obj</name>
      </input_file>
      <input_file id="fl-ed">
         <path>F:\TI\ccstheia\ccs\tools\compiler\ti-cgt-armllvm_4.0.4.LTS\lib\armv6m-ti-none-eabi\</path>
         <kind>archive</kind>
         <file>libclang_rt.builtins.a</file>
         <name>aeabi_div0.c.obj</name>
      </input_file>
      <input_file id="fl-ee">
         <path>F:\TI\ccstheia\ccs\tools\compiler\ti-cgt-armllvm_4.0.4.LTS\lib\armv6m-ti-none-eabi\c\</path>
         <kind>archive</kind>
         <file>libc.a</file>
         <name>memcpy16.S.obj</name>
      </input_file>
      <input_file id="fl-ef">
         <path>F:\TI\ccstheia\ccs\tools\compiler\ti-cgt-armllvm_4.0.4.LTS\lib\armv6m-ti-none-eabi\c\</path>
         <kind>archive</kind>
         <file>libc.a</file>
         <name>memset16.S.obj</name>
      </input_file>
   </input_file_list>
   <object_component_list>
      <object_component id="oc-18">
         <name>.intvecs</name>
         <load_address>0x0</load_address>
         <readonly>true</readonly>
         <run_address>0x0</run_address>
         <size>0xc0</size>
         <alignment>0x4</alignment>
         <input_file_ref idref="fl-8"/>
      </object_component>
      <object_component id="oc-166">
         <name>.text.Debug_UART_ProcessRx</name>
         <load_address>0xc0</load_address>
         <readonly>true</readonly>
         <executable>true</executable>
         <run_address>0xc0</run_address>
         <size>0x16ac</size>
         <alignment>0x4</alignment>
         <input_file_ref idref="fl-4"/>
      </object_component>
      <object_component id="oc-1ce">
         <name>.text.Debug_UART_SendStatus</name>
         <load_address>0x176c</load_address>
         <readonly>true</readonly>
         <executable>true</executable>
         <run_address>0x176c</run_address>
         <size>0xf00</size>
         <alignment>0x4</alignment>
         <input_file_ref idref="fl-4"/>
      </object_component>
      <object_component id="oc-77">
         <name>.text.Car_ControlStep</name>
         <load_address>0x266c</load_address>
         <readonly>true</readonly>
         <executable>true</executable>
         <run_address>0x266c</run_address>
         <size>0x638</size>
         <alignment>0x4</alignment>
         <input_file_ref idref="fl-2"/>
      </object_component>
      <object_component id="oc-207">
         <name>.text.Debug_UART_AppendFloat</name>
         <load_address>0x2ca4</load_address>
         <readonly>true</readonly>
         <executable>true</executable>
         <run_address>0x2ca4</run_address>
         <size>0x264</size>
         <alignment>0x4</alignment>
         <input_file_ref idref="fl-4"/>
      </object_component>
      <object_component id="oc-144">
         <name>.text.Board_I2C_ReadRegs</name>
         <load_address>0x2f08</load_address>
         <readonly>true</readonly>
         <executable>true</executable>
         <run_address>0x2f08</run_address>
         <size>0x260</size>
         <alignment>0x4</alignment>
         <input_file_ref idref="fl-1"/>
      </object_component>
      <object_component id="oc-1bf">
         <name>.text.Debug_UART_ParseFloatList</name>
         <load_address>0x3168</load_address>
         <readonly>true</readonly>
         <executable>true</executable>
         <run_address>0x3168</run_address>
         <size>0x248</size>
         <alignment>0x4</alignment>
         <input_file_ref idref="fl-4"/>
      </object_component>
      <object_component id="oc-1be">
         <name>.text.Debug_UART_SendOkInt</name>
         <load_address>0x33b0</load_address>
         <readonly>true</readonly>
         <executable>true</executable>
         <run_address>0x33b0</run_address>
         <size>0x234</size>
         <alignment>0x4</alignment>
         <input_file_ref idref="fl-4"/>
      </object_component>
      <object_component id="oc-13e">
         <name>.text.OLED_Update</name>
         <load_address>0x35e4</load_address>
         <readonly>true</readonly>
         <executable>true</executable>
         <run_address>0x35e4</run_address>
         <size>0x224</size>
         <alignment>0x4</alignment>
         <input_file_ref idref="fl-b"/>
      </object_component>
      <object_component id="oc-1b3">
         <name>.text.Debug_UART_ParseFloat</name>
         <load_address>0x3808</load_address>
         <readonly>true</readonly>
         <executable>true</executable>
         <run_address>0x3808</run_address>
         <size>0x1d4</size>
         <alignment>0x4</alignment>
         <input_file_ref idref="fl-4"/>
      </object_component>
      <object_component id="oc-d5">
         <name>.text.OLED_Init</name>
         <load_address>0x39dc</load_address>
         <readonly>true</readonly>
         <executable>true</executable>
         <run_address>0x39dc</run_address>
         <size>0x1c0</size>
         <alignment>0x4</alignment>
         <input_file_ref idref="fl-b"/>
      </object_component>
      <object_component id="oc-167">
         <name>.text.vofa_speed_send</name>
         <load_address>0x3b9c</load_address>
         <readonly>true</readonly>
         <executable>true</executable>
         <run_address>0x3b9c</run_address>
         <size>0x1c0</size>
         <alignment>0x4</alignment>
         <input_file_ref idref="fl-4"/>
      </object_component>
      <object_component id="oc-169">
         <name>.text.vofa_line_send</name>
         <load_address>0x3d5c</load_address>
         <readonly>true</readonly>
         <executable>true</executable>
         <run_address>0x3d5c</run_address>
         <size>0x1bc</size>
         <alignment>0x4</alignment>
         <input_file_ref idref="fl-4"/>
      </object_component>
      <object_component id="oc-168">
         <name>.text.vofa_gyro_send</name>
         <load_address>0x3f18</load_address>
         <readonly>true</readonly>
         <executable>true</executable>
         <run_address>0x3f18</run_address>
         <size>0x1ac</size>
         <alignment>0x4</alignment>
         <input_file_ref idref="fl-4"/>
      </object_component>
      <object_component id="oc-1a8">
         <name>.text.OLED_DrawDigit</name>
         <load_address>0x40c4</load_address>
         <readonly>true</readonly>
         <executable>true</executable>
         <run_address>0x40c4</run_address>
         <size>0x1a8</size>
         <alignment>0x4</alignment>
         <input_file_ref idref="fl-b"/>
      </object_component>
      <object_component id="oc-99">
         <name>.text.LineTracker_Update</name>
         <load_address>0x426c</load_address>
         <readonly>true</readonly>
         <executable>true</executable>
         <run_address>0x426c</run_address>
         <size>0x1a4</size>
         <alignment>0x4</alignment>
         <input_file_ref idref="fl-9"/>
      </object_component>
      <object_component id="oc-16a">
         <name>.text.vofa_test_send</name>
         <load_address>0x4410</load_address>
         <readonly>true</readonly>
         <executable>true</executable>
         <run_address>0x4410</run_address>
         <size>0x16c</size>
         <alignment>0x4</alignment>
         <input_file_ref idref="fl-4"/>
      </object_component>
      <object_component id="oc-14c">
         <name>.text.OLED_DrawProblemSelected</name>
         <load_address>0x457c</load_address>
         <readonly>true</readonly>
         <executable>true</executable>
         <run_address>0x457c</run_address>
         <size>0x154</size>
         <alignment>0x4</alignment>
         <input_file_ref idref="fl-b"/>
      </object_component>
      <object_component id="oc-19e">
         <name>.text.Board_I2C_WriteByteStream</name>
         <load_address>0x46d0</load_address>
         <readonly>true</readonly>
         <executable>true</executable>
         <run_address>0x46d0</run_address>
         <size>0x150</size>
         <alignment>0x4</alignment>
         <input_file_ref idref="fl-1"/>
      </object_component>
      <object_component id="oc-1b4">
         <name>.text.Debug_UART_SendOkFloat</name>
         <load_address>0x4820</load_address>
         <readonly>true</readonly>
         <executable>true</executable>
         <run_address>0x4820</run_address>
         <size>0x120</size>
         <alignment>0x4</alignment>
         <input_file_ref idref="fl-4"/>
      </object_component>
      <object_component id="oc-af">
         <name>.text.Car_PidStep</name>
         <load_address>0x4940</load_address>
         <readonly>true</readonly>
         <executable>true</executable>
         <run_address>0x4940</run_address>
         <size>0x110</size>
         <alignment>0x4</alignment>
         <input_file_ref idref="fl-2"/>
      </object_component>
      <object_component id="oc-db">
         <name>.text.MPU6050_Init</name>
         <load_address>0x4a50</load_address>
         <readonly>true</readonly>
         <executable>true</executable>
         <run_address>0x4a50</run_address>
         <size>0x10c</size>
         <alignment>0x4</alignment>
         <input_file_ref idref="fl-a"/>
      </object_component>
      <object_component id="oc-e6">
         <name>.text.Car_Stop</name>
         <load_address>0x4b5c</load_address>
         <readonly>true</readonly>
         <executable>true</executable>
         <run_address>0x4b5c</run_address>
         <size>0x104</size>
         <alignment>0x4</alignment>
         <input_file_ref idref="fl-2"/>
      </object_component>
      <object_component id="oc-185">
         <name>.text.DL_Timer_initFourCCPWMMode</name>
         <load_address>0x4c60</load_address>
         <readonly>true</readonly>
         <executable>true</executable>
         <run_address>0x4c60</run_address>
         <size>0x104</size>
         <alignment>0x4</alignment>
         <input_file_ref idref="fl-1c"/>
      </object_component>
      <object_component id="oc-18b">
         <name>.text.DL_Timer_initTimerMode</name>
         <load_address>0x4d64</load_address>
         <readonly>true</readonly>
         <executable>true</executable>
         <run_address>0x4d64</run_address>
         <size>0xfc</size>
         <alignment>0x4</alignment>
         <input_file_ref idref="fl-1c"/>
      </object_component>
      <object_component id="oc-126">
         <name>.text.SYSCFG_DL_GPIO_init</name>
         <load_address>0x4e60</load_address>
         <readonly>true</readonly>
         <executable>true</executable>
         <run_address>0x4e60</run_address>
         <size>0xf8</size>
         <alignment>0x4</alignment>
         <input_file_ref idref="fl-7"/>
      </object_component>
      <object_component id="oc-c2">
         <name>.text.Car_RightAngleApproachStep</name>
         <load_address>0x4f58</load_address>
         <readonly>true</readonly>
         <executable>true</executable>
         <run_address>0x4f58</run_address>
         <size>0xec</size>
         <alignment>0x4</alignment>
         <input_file_ref idref="fl-2"/>
      </object_component>
      <object_component id="oc-e9">
         <name>.text.ProblemMenu_Task</name>
         <load_address>0x5044</load_address>
         <readonly>true</readonly>
         <executable>true</executable>
         <run_address>0x5044</run_address>
         <size>0xe0</size>
         <alignment>0x4</alignment>
         <input_file_ref idref="fl-c"/>
      </object_component>
      <object_component id="oc-14d">
         <name>.text.OLED_DrawProblemSelect</name>
         <load_address>0x5124</load_address>
         <readonly>true</readonly>
         <executable>true</executable>
         <run_address>0x5124</run_address>
         <size>0xdc</size>
         <alignment>0x4</alignment>
         <input_file_ref idref="fl-b"/>
      </object_component>
      <object_component id="oc-ab">
         <name>.text</name>
         <load_address>0x5200</load_address>
         <readonly>true</readonly>
         <executable>true</executable>
         <run_address>0x5200</run_address>
         <size>0xd8</size>
         <alignment>0x4</alignment>
         <input_file_ref idref="fl-df"/>
      </object_component>
      <object_component id="oc-3a">
         <name>.text.UART1_IRQHandler</name>
         <load_address>0x52d8</load_address>
         <readonly>true</readonly>
         <executable>true</executable>
         <run_address>0x52d8</run_address>
         <size>0xc0</size>
         <alignment>0x4</alignment>
         <input_file_ref idref="fl-4"/>
      </object_component>
      <object_component id="oc-14a">
         <name>.text.MPU6050_Calibrate</name>
         <load_address>0x5398</load_address>
         <readonly>true</readonly>
         <executable>true</executable>
         <run_address>0x5398</run_address>
         <size>0xb0</size>
         <alignment>0x4</alignment>
         <input_file_ref idref="fl-a"/>
      </object_component>
      <object_component id="oc-e8">
         <name>.text.EC11_Task</name>
         <load_address>0x5448</load_address>
         <readonly>true</readonly>
         <executable>true</executable>
         <run_address>0x5448</run_address>
         <size>0xac</size>
         <alignment>0x4</alignment>
         <input_file_ref idref="fl-5"/>
      </object_component>
      <object_component id="oc-87">
         <name>.text.main</name>
         <load_address>0x54f4</load_address>
         <readonly>true</readonly>
         <executable>true</executable>
         <run_address>0x54f4</run_address>
         <size>0xa8</size>
         <alignment>0x4</alignment>
         <input_file_ref idref="fl-6"/>
      </object_component>
      <object_component id="oc-1c6">
         <name>.text.Debug_UART_CommandEquals</name>
         <load_address>0x559c</load_address>
         <readonly>true</readonly>
         <executable>true</executable>
         <run_address>0x559c</run_address>
         <size>0xa4</size>
         <alignment>0x4</alignment>
         <input_file_ref idref="fl-4"/>
      </object_component>
      <object_component id="oc-67">
         <name>.text.EC11_HandleABInterrupt</name>
         <load_address>0x5640</load_address>
         <readonly>true</readonly>
         <executable>true</executable>
         <run_address>0x5640</run_address>
         <size>0xa4</size>
         <alignment>0x4</alignment>
         <input_file_ref idref="fl-5"/>
      </object_component>
      <object_component id="oc-e5">
         <name>.text.Debug_UART_Init</name>
         <load_address>0x56e4</load_address>
         <readonly>true</readonly>
         <executable>true</executable>
         <run_address>0x56e4</run_address>
         <size>0xa0</size>
         <alignment>0x4</alignment>
         <input_file_ref idref="fl-4"/>
      </object_component>
      <object_component id="oc-e7">
         <name>.text.MPU6050_Task</name>
         <load_address>0x5784</load_address>
         <readonly>true</readonly>
         <executable>true</executable>
         <run_address>0x5784</run_address>
         <size>0x9c</size>
         <alignment>0x4</alignment>
         <input_file_ref idref="fl-a"/>
      </object_component>
      <object_component id="oc-c8">
         <name>.text:memcpy</name>
         <load_address>0x5820</load_address>
         <readonly>true</readonly>
         <executable>true</executable>
         <run_address>0x5820</run_address>
         <size>0x9a</size>
         <alignment>0x1</alignment>
         <input_file_ref idref="fl-ee"/>
      </object_component>
      <object_component id="oc-33">
         <name>.text.Default_Handler</name>
         <load_address>0x58ba</load_address>
         <readonly>true</readonly>
         <executable>true</executable>
         <run_address>0x58ba</run_address>
         <size>0x2</size>
         <alignment>0x2</alignment>
         <input_file_ref idref="fl-8"/>
      </object_component>
      <object_component id="oc-d4">
         <name>.text.Car_Init</name>
         <load_address>0x58bc</load_address>
         <readonly>true</readonly>
         <executable>true</executable>
         <run_address>0x58bc</run_address>
         <size>0x98</size>
         <alignment>0x4</alignment>
         <input_file_ref idref="fl-2"/>
      </object_component>
      <object_component id="oc-1b2">
         <name>.text.Debug_UART_GetArg</name>
         <load_address>0x5954</load_address>
         <readonly>true</readonly>
         <executable>true</executable>
         <run_address>0x5954</run_address>
         <size>0x98</size>
         <alignment>0x4</alignment>
         <input_file_ref idref="fl-4"/>
      </object_component>
      <object_component id="oc-129">
         <name>.text.SYSCFG_DL_PWM_0_init</name>
         <load_address>0x59ec</load_address>
         <readonly>true</readonly>
         <executable>true</executable>
         <run_address>0x59ec</run_address>
         <size>0x8c</size>
         <alignment>0x4</alignment>
         <input_file_ref idref="fl-7"/>
      </object_component>
      <object_component id="oc-a3">
         <name>.text.__mulsf3</name>
         <load_address>0x5a78</load_address>
         <readonly>true</readonly>
         <executable>true</executable>
         <run_address>0x5a78</run_address>
         <size>0x8c</size>
         <alignment>0x4</alignment>
         <input_file_ref idref="fl-e0"/>
      </object_component>
      <object_component id="oc-d3">
         <name>.text.EC11_Init</name>
         <load_address>0x5b04</load_address>
         <readonly>true</readonly>
         <executable>true</executable>
         <run_address>0x5b04</run_address>
         <size>0x84</size>
         <alignment>0x4</alignment>
         <input_file_ref idref="fl-5"/>
      </object_component>
      <object_component id="oc-158">
         <name>.text.__divsf3</name>
         <load_address>0x5b88</load_address>
         <readonly>true</readonly>
         <executable>true</executable>
         <run_address>0x5b88</run_address>
         <size>0x82</size>
         <alignment>0x4</alignment>
         <input_file_ref idref="fl-e1"/>
      </object_component>
      <object_component id="oc-1ef">
         <name>.text.Problem1_Exit</name>
         <load_address>0x5c0a</load_address>
         <readonly>true</readonly>
         <executable>true</executable>
         <run_address>0x5c0a</run_address>
         <size>0x2</size>
         <alignment>0x2</alignment>
         <input_file_ref idref="fl-3"/>
      </object_component>
      <object_component id="oc-1c">
         <name>.text:decompress:lzss</name>
         <load_address>0x5c0c</load_address>
         <readonly>true</readonly>
         <executable>true</executable>
         <run_address>0x5c0c</run_address>
         <size>0x7c</size>
         <alignment>0x4</alignment>
         <input_file_ref idref="fl-3b"/>
      </object_component>
      <object_component id="oc-34">
         <name>.text.GROUP1_IRQHandler</name>
         <load_address>0x5c88</load_address>
         <readonly>true</readonly>
         <executable>true</executable>
         <run_address>0x5c88</run_address>
         <size>0x70</size>
         <alignment>0x4</alignment>
         <input_file_ref idref="fl-2"/>
      </object_component>
      <object_component id="oc-12d">
         <name>.text.SYSCFG_DL_UART_DEBUG_init</name>
         <load_address>0x5cf8</load_address>
         <readonly>true</readonly>
         <executable>true</executable>
         <run_address>0x5cf8</run_address>
         <size>0x70</size>
         <alignment>0x4</alignment>
         <input_file_ref idref="fl-7"/>
      </object_component>
      <object_component id="oc-a7">
         <name>.text.__aeabi_fcmp</name>
         <load_address>0x5d68</load_address>
         <readonly>true</readonly>
         <executable>true</executable>
         <run_address>0x5d68</run_address>
         <size>0x62</size>
         <alignment>0x4</alignment>
         <input_file_ref idref="fl-e6"/>
      </object_component>
      <object_component id="oc-124">
         <name>.text:memset</name>
         <load_address>0x5dca</load_address>
         <readonly>true</readonly>
         <executable>true</executable>
         <run_address>0x5dca</run_address>
         <size>0x62</size>
         <alignment>0x1</alignment>
         <input_file_ref idref="fl-ef"/>
      </object_component>
      <object_component id="oc-125">
         <name>.text.SYSCFG_DL_initPower</name>
         <load_address>0x5e2c</load_address>
         <readonly>true</readonly>
         <executable>true</executable>
         <run_address>0x5e2c</run_address>
         <size>0x60</size>
         <alignment>0x4</alignment>
         <input_file_ref idref="fl-7"/>
      </object_component>
      <object_component id="oc-1a3">
         <name>.text.DL_I2C_fillControllerTXFIFO</name>
         <load_address>0x5e8c</load_address>
         <readonly>true</readonly>
         <executable>true</executable>
         <run_address>0x5e8c</run_address>
         <size>0x5e</size>
         <alignment>0x2</alignment>
         <input_file_ref idref="fl-1b"/>
      </object_component>
      <object_component id="oc-1f7">
         <name>.text.Problem1_Task</name>
         <load_address>0x5eea</load_address>
         <readonly>true</readonly>
         <executable>true</executable>
         <run_address>0x5eea</run_address>
         <size>0x2</size>
         <alignment>0x2</alignment>
         <input_file_ref idref="fl-3"/>
      </object_component>
      <object_component id="oc-e0">
         <name>.text.ProblemMenu_Init</name>
         <load_address>0x5eec</load_address>
         <readonly>true</readonly>
         <executable>true</executable>
         <run_address>0x5eec</run_address>
         <size>0x5c</size>
         <alignment>0x4</alignment>
         <input_file_ref idref="fl-c"/>
      </object_component>
      <object_component id="oc-ea">
         <name>.text.Debug_UART_Task</name>
         <load_address>0x5f48</load_address>
         <readonly>true</readonly>
         <executable>true</executable>
         <run_address>0x5f48</run_address>
         <size>0x58</size>
         <alignment>0x4</alignment>
         <input_file_ref idref="fl-4"/>
      </object_component>
      <object_component id="oc-104">
         <name>.text.__aeabi_idivmod</name>
         <load_address>0x5fa0</load_address>
         <readonly>true</readonly>
         <executable>true</executable>
         <run_address>0x5fa0</run_address>
         <size>0x56</size>
         <alignment>0x4</alignment>
         <input_file_ref idref="fl-e7"/>
      </object_component>
      <object_component id="oc-1f0">
         <name>.text.Problem2_Exit</name>
         <load_address>0x5ff6</load_address>
         <readonly>true</readonly>
         <executable>true</executable>
         <run_address>0x5ff6</run_address>
         <size>0x2</size>
         <alignment>0x2</alignment>
         <input_file_ref idref="fl-3"/>
      </object_component>
      <object_component id="oc-12c">
         <name>.text.SYSCFG_DL_I2C_MPU_init</name>
         <load_address>0x5ff8</load_address>
         <readonly>true</readonly>
         <executable>true</executable>
         <run_address>0x5ff8</run_address>
         <size>0x54</size>
         <alignment>0x4</alignment>
         <input_file_ref idref="fl-7"/>
      </object_component>
      <object_component id="oc-12a">
         <name>.text.SYSCFG_DL_QEI_0_init</name>
         <load_address>0x604c</load_address>
         <readonly>true</readonly>
         <executable>true</executable>
         <run_address>0x604c</run_address>
         <size>0x4c</size>
         <alignment>0x4</alignment>
         <input_file_ref idref="fl-7"/>
      </object_component>
      <object_component id="oc-19b">
         <name>.text.DL_UART_init</name>
         <load_address>0x6098</load_address>
         <readonly>true</readonly>
         <executable>true</executable>
         <run_address>0x6098</run_address>
         <size>0x48</size>
         <alignment>0x4</alignment>
         <input_file_ref idref="fl-1d"/>
      </object_component>
      <object_component id="oc-208">
         <name>.text.__aeabi_uidivmod</name>
         <load_address>0x60e0</load_address>
         <readonly>true</readonly>
         <executable>true</executable>
         <run_address>0x60e0</run_address>
         <size>0x40</size>
         <alignment>0x4</alignment>
         <input_file_ref idref="fl-ea"/>
      </object_component>
      <object_component id="oc-1a1">
         <name>.text.DL_I2C_flushControllerTXFIFO</name>
         <load_address>0x6120</load_address>
         <readonly>true</readonly>
         <executable>true</executable>
         <run_address>0x6120</run_address>
         <size>0x3c</size>
         <alignment>0x4</alignment>
         <input_file_ref idref="fl-1b"/>
      </object_component>
      <object_component id="oc-cd">
         <name>.text.SYSCFG_DL_init</name>
         <load_address>0x615c</load_address>
         <readonly>true</readonly>
         <executable>true</executable>
         <run_address>0x615c</run_address>
         <size>0x3c</size>
         <alignment>0x4</alignment>
         <input_file_ref idref="fl-7"/>
      </object_component>
      <object_component id="oc-b1">
         <name>.text.__floatsisf</name>
         <load_address>0x6198</load_address>
         <readonly>true</readonly>
         <executable>true</executable>
         <run_address>0x6198</run_address>
         <size>0x3c</size>
         <alignment>0x4</alignment>
         <input_file_ref idref="fl-e4"/>
      </object_component>
      <object_component id="oc-115">
         <name>.text.__gtsf2</name>
         <load_address>0x61d4</load_address>
         <readonly>true</readonly>
         <executable>true</executable>
         <run_address>0x61d4</run_address>
         <size>0x3c</size>
         <alignment>0x4</alignment>
         <input_file_ref idref="fl-eb"/>
      </object_component>
      <object_component id="oc-f2">
         <name>.text:__TI_auto_init_nobinit_nopinit</name>
         <load_address>0x6210</load_address>
         <readonly>true</readonly>
         <executable>true</executable>
         <run_address>0x6210</run_address>
         <size>0x3c</size>
         <alignment>0x4</alignment>
         <input_file_ref idref="fl-36"/>
      </object_component>
      <object_component id="oc-110">
         <name>.text.__eqsf2</name>
         <load_address>0x624c</load_address>
         <readonly>true</readonly>
         <executable>true</executable>
         <run_address>0x624c</run_address>
         <size>0x3a</size>
         <alignment>0x4</alignment>
         <input_file_ref idref="fl-eb"/>
      </object_component>
      <object_component id="oc-1f8">
         <name>.text.Problem2_Task</name>
         <load_address>0x6286</load_address>
         <readonly>true</readonly>
         <executable>true</executable>
         <run_address>0x6286</run_address>
         <size>0x2</size>
         <alignment>0x2</alignment>
         <input_file_ref idref="fl-3"/>
      </object_component>
      <object_component id="oc-10b">
         <name>.text.__muldsi3</name>
         <load_address>0x6288</load_address>
         <readonly>true</readonly>
         <executable>true</executable>
         <run_address>0x6288</run_address>
         <size>0x3a</size>
         <alignment>0x4</alignment>
         <input_file_ref idref="fl-ec"/>
      </object_component>
      <object_component id="oc-1f1">
         <name>.text.Problem3_Exit</name>
         <load_address>0x62c2</load_address>
         <readonly>true</readonly>
         <executable>true</executable>
         <run_address>0x62c2</run_address>
         <size>0x2</size>
         <alignment>0x2</alignment>
         <input_file_ref idref="fl-3"/>
      </object_component>
      <object_component id="oc-1a4">
         <name>.text.Board_I2C_RecoverBus</name>
         <load_address>0x62c4</load_address>
         <readonly>true</readonly>
         <executable>true</executable>
         <run_address>0x62c4</run_address>
         <size>0x38</size>
         <alignment>0x4</alignment>
         <input_file_ref idref="fl-1"/>
      </object_component>
      <object_component id="oc-12b">
         <name>.text.SYSCFG_DL_TIMER_CONTROL_init</name>
         <load_address>0x62fc</load_address>
         <readonly>true</readonly>
         <executable>true</executable>
         <run_address>0x62fc</run_address>
         <size>0x38</size>
         <alignment>0x4</alignment>
         <input_file_ref idref="fl-7"/>
      </object_component>
      <object_component id="oc-b5">
         <name>.text.__fixsfsi</name>
         <load_address>0x6334</load_address>
         <readonly>true</readonly>
         <executable>true</executable>
         <run_address>0x6334</run_address>
         <size>0x38</size>
         <alignment>0x4</alignment>
         <input_file_ref idref="fl-e2"/>
      </object_component>
      <object_component id="oc-20d">
         <name>.text.__fixunssfsi</name>
         <load_address>0x636c</load_address>
         <readonly>true</readonly>
         <executable>true</executable>
         <run_address>0x636c</run_address>
         <size>0x32</size>
         <alignment>0x4</alignment>
         <input_file_ref idref="fl-e3"/>
      </object_component>
      <object_component id="oc-1f9">
         <name>.text.Problem3_Task</name>
         <load_address>0x639e</load_address>
         <readonly>true</readonly>
         <executable>true</executable>
         <run_address>0x639e</run_address>
         <size>0x2</size>
         <alignment>0x2</alignment>
         <input_file_ref idref="fl-3"/>
      </object_component>
      <object_component id="oc-1a2">
         <name>.text.DL_I2C_flushControllerRXFIFO</name>
         <load_address>0x63a0</load_address>
         <readonly>true</readonly>
         <executable>true</executable>
         <run_address>0x63a0</run_address>
         <size>0x30</size>
         <alignment>0x4</alignment>
         <input_file_ref idref="fl-1b"/>
      </object_component>
      <object_component id="oc-1b0">
         <name>.text.DL_UART_transmitDataBlocking</name>
         <load_address>0x63d0</load_address>
         <readonly>true</readonly>
         <executable>true</executable>
         <run_address>0x63d0</run_address>
         <size>0x30</size>
         <alignment>0x4</alignment>
         <input_file_ref idref="fl-1d"/>
      </object_component>
      <object_component id="oc-127">
         <name>.text.SYSCFG_DL_SYSCTL_init</name>
         <load_address>0x6400</load_address>
         <readonly>true</readonly>
         <executable>true</executable>
         <run_address>0x6400</run_address>
         <size>0x30</size>
         <alignment>0x4</alignment>
         <input_file_ref idref="fl-7"/>
      </object_component>
      <object_component id="oc-9f">
         <name>.text.__floatunsisf</name>
         <load_address>0x6430</load_address>
         <readonly>true</readonly>
         <executable>true</executable>
         <run_address>0x6430</run_address>
         <size>0x28</size>
         <alignment>0x4</alignment>
         <input_file_ref idref="fl-e5"/>
      </object_component>
      <object_component id="oc-60">
         <name>.text:_c_int00_noargs</name>
         <load_address>0x6458</load_address>
         <readonly>true</readonly>
         <executable>true</executable>
         <run_address>0x6458</run_address>
         <size>0x28</size>
         <alignment>0x4</alignment>
         <input_file_ref idref="fl-34"/>
      </object_component>
      <object_component id="oc-18e">
         <name>.text.DL_I2C_setClockConfig</name>
         <load_address>0x6480</load_address>
         <readonly>true</readonly>
         <executable>true</executable>
         <run_address>0x6480</run_address>
         <size>0x26</size>
         <alignment>0x2</alignment>
         <input_file_ref idref="fl-1b"/>
      </object_component>
      <object_component id="oc-1f2">
         <name>.text.Problem4_Exit</name>
         <load_address>0x64a6</load_address>
         <readonly>true</readonly>
         <executable>true</executable>
         <run_address>0x64a6</run_address>
         <size>0x2</size>
         <alignment>0x2</alignment>
         <input_file_ref idref="fl-3"/>
      </object_component>
      <object_component id="oc-15e">
         <name>.text.CompetitionTasks_Exit</name>
         <load_address>0x64a8</load_address>
         <readonly>true</readonly>
         <executable>true</executable>
         <run_address>0x64a8</run_address>
         <size>0x24</size>
         <alignment>0x4</alignment>
         <input_file_ref idref="fl-3"/>
      </object_component>
      <object_component id="oc-1cd">
         <name>.text.Car_StartLineFollow</name>
         <load_address>0x64cc</load_address>
         <readonly>true</readonly>
         <executable>true</executable>
         <run_address>0x64cc</run_address>
         <size>0x20</size>
         <alignment>0x4</alignment>
         <input_file_ref idref="fl-2"/>
      </object_component>
      <object_component id="oc-165">
         <name>.text.CompetitionTasks_Enter</name>
         <load_address>0x64ec</load_address>
         <readonly>true</readonly>
         <executable>true</executable>
         <run_address>0x64ec</run_address>
         <size>0x20</size>
         <alignment>0x4</alignment>
         <input_file_ref idref="fl-3"/>
      </object_component>
      <object_component id="oc-164">
         <name>.text.CompetitionTasks_Task</name>
         <load_address>0x650c</load_address>
         <readonly>true</readonly>
         <executable>true</executable>
         <run_address>0x650c</run_address>
         <size>0x20</size>
         <alignment>0x4</alignment>
         <input_file_ref idref="fl-3"/>
      </object_component>
      <object_component id="oc-187">
         <name>.text.DL_Timer_setCaptCompUpdateMethod</name>
         <load_address>0x652c</load_address>
         <readonly>true</readonly>
         <executable>true</executable>
         <run_address>0x652c</run_address>
         <size>0x1c</size>
         <alignment>0x4</alignment>
         <input_file_ref idref="fl-1c"/>
      </object_component>
      <object_component id="oc-184">
         <name>.text.DL_Timer_setClockConfig</name>
         <load_address>0x6548</load_address>
         <readonly>true</readonly>
         <executable>true</executable>
         <run_address>0x6548</run_address>
         <size>0x1c</size>
         <alignment>0x4</alignment>
         <input_file_ref idref="fl-1c"/>
      </object_component>
      <object_component id="oc-15d">
         <name>.text.EC11_GetButtonEvent</name>
         <load_address>0x6564</load_address>
         <readonly>true</readonly>
         <executable>true</executable>
         <run_address>0x6564</run_address>
         <size>0x1c</size>
         <alignment>0x4</alignment>
         <input_file_ref idref="fl-5"/>
      </object_component>
      <object_component id="oc-15c">
         <name>.text.EC11_GetDelta</name>
         <load_address>0x6580</load_address>
         <readonly>true</readonly>
         <executable>true</executable>
         <run_address>0x6580</run_address>
         <size>0x1c</size>
         <alignment>0x4</alignment>
         <input_file_ref idref="fl-5"/>
      </object_component>
      <object_component id="oc-186">
         <name>.text.DL_Timer_setCaptureCompareOutCtl</name>
         <load_address>0x659c</load_address>
         <readonly>true</readonly>
         <executable>true</executable>
         <run_address>0x659c</run_address>
         <size>0x18</size>
         <alignment>0x4</alignment>
         <input_file_ref idref="fl-1c"/>
      </object_component>
      <object_component id="oc-40">
         <name>.text.TIMG12_IRQHandler</name>
         <load_address>0x65b4</load_address>
         <readonly>true</readonly>
         <executable>true</executable>
         <run_address>0x65b4</run_address>
         <size>0x18</size>
         <alignment>0x4</alignment>
         <input_file_ref idref="fl-6"/>
      </object_component>
      <object_component id="oc-138">
         <name>.text.Board_I2C_Write</name>
         <load_address>0x65cc</load_address>
         <readonly>true</readonly>
         <executable>true</executable>
         <run_address>0x65cc</run_address>
         <size>0x16</size>
         <alignment>0x2</alignment>
         <input_file_ref idref="fl-1"/>
      </object_component>
      <object_component id="oc-145">
         <name>.text.Board_I2C_WriteReg</name>
         <load_address>0x65e2</load_address>
         <readonly>true</readonly>
         <executable>true</executable>
         <run_address>0x65e2</run_address>
         <size>0x16</size>
         <alignment>0x2</alignment>
         <input_file_ref idref="fl-1"/>
      </object_component>
      <object_component id="oc-195">
         <name>.text.DL_UART_setClockConfig</name>
         <load_address>0x65f8</load_address>
         <readonly>true</readonly>
         <executable>true</executable>
         <run_address>0x65f8</run_address>
         <size>0x12</size>
         <alignment>0x2</alignment>
         <input_file_ref idref="fl-1d"/>
      </object_component>
      <object_component id="oc-20">
         <name>.text:decompress:none</name>
         <load_address>0x660a</load_address>
         <readonly>true</readonly>
         <executable>true</executable>
         <run_address>0x660a</run_address>
         <size>0x12</size>
         <alignment>0x2</alignment>
         <input_file_ref idref="fl-3a"/>
      </object_component>
      <object_component id="oc-bc">
         <name>.text.DL_Timer_setCaptureCompareValue</name>
         <load_address>0x661c</load_address>
         <readonly>true</readonly>
         <executable>true</executable>
         <run_address>0x661c</run_address>
         <size>0x10</size>
         <alignment>0x4</alignment>
         <input_file_ref idref="fl-1c"/>
      </object_component>
      <object_component id="oc-5d">
         <name>.text:decompress:ZI</name>
         <load_address>0x662c</load_address>
         <readonly>true</readonly>
         <executable>true</executable>
         <run_address>0x662c</run_address>
         <size>0x10</size>
         <alignment>0x2</alignment>
         <input_file_ref idref="fl-39"/>
      </object_component>
      <object_component id="oc-211">
         <name>.text.__aeabi_memset</name>
         <load_address>0x663c</load_address>
         <readonly>true</readonly>
         <executable>true</executable>
         <run_address>0x663c</run_address>
         <size>0xe</size>
         <alignment>0x4</alignment>
         <input_file_ref idref="fl-e9"/>
      </object_component>
      <object_component id="oc-1fa">
         <name>.text.Problem4_Task</name>
         <load_address>0x664a</load_address>
         <readonly>true</readonly>
         <executable>true</executable>
         <run_address>0x664a</run_address>
         <size>0x2</size>
         <alignment>0x2</alignment>
         <input_file_ref idref="fl-3"/>
      </object_component>
      <object_component id="oc-7e">
         <name>.text.__aeabi_memclr</name>
         <load_address>0x664c</load_address>
         <readonly>true</readonly>
         <executable>true</executable>
         <run_address>0x664c</run_address>
         <size>0xc</size>
         <alignment>0x4</alignment>
         <input_file_ref idref="fl-e9"/>
      </object_component>
      <object_component id="oc-146">
         <name>.text.DL_Common_delayCycles</name>
         <load_address>0x6658</load_address>
         <readonly>true</readonly>
         <executable>true</executable>
         <run_address>0x6658</run_address>
         <size>0xa</size>
         <alignment>0x2</alignment>
         <input_file_ref idref="fl-1a"/>
      </object_component>
      <object_component id="oc-d2">
         <name>.text.LineTracker_Init</name>
         <load_address>0x6662</load_address>
         <readonly>true</readonly>
         <executable>true</executable>
         <run_address>0x6662</run_address>
         <size>0x8</size>
         <alignment>0x2</alignment>
         <input_file_ref idref="fl-9"/>
      </object_component>
      <object_component id="oc-1ff">
         <name>.text.Problem1_Enter</name>
         <load_address>0x666a</load_address>
         <readonly>true</readonly>
         <executable>true</executable>
         <run_address>0x666a</run_address>
         <size>0x8</size>
         <alignment>0x2</alignment>
         <input_file_ref idref="fl-3"/>
      </object_component>
      <object_component id="oc-200">
         <name>.text.Problem2_Enter</name>
         <load_address>0x6672</load_address>
         <readonly>true</readonly>
         <executable>true</executable>
         <run_address>0x6672</run_address>
         <size>0x8</size>
         <alignment>0x2</alignment>
         <input_file_ref idref="fl-3"/>
      </object_component>
      <object_component id="oc-201">
         <name>.text.Problem3_Enter</name>
         <load_address>0x667a</load_address>
         <readonly>true</readonly>
         <executable>true</executable>
         <run_address>0x667a</run_address>
         <size>0x8</size>
         <alignment>0x2</alignment>
         <input_file_ref idref="fl-3"/>
      </object_component>
      <object_component id="oc-202">
         <name>.text.Problem4_Enter</name>
         <load_address>0x6682</load_address>
         <readonly>true</readonly>
         <executable>true</executable>
         <run_address>0x6682</run_address>
         <size>0x8</size>
         <alignment>0x2</alignment>
         <input_file_ref idref="fl-3"/>
      </object_component>
      <object_component id="oc-203">
         <name>.text.Problem5_Enter</name>
         <load_address>0x668a</load_address>
         <readonly>true</readonly>
         <executable>true</executable>
         <run_address>0x668a</run_address>
         <size>0x8</size>
         <alignment>0x2</alignment>
         <input_file_ref idref="fl-3"/>
      </object_component>
      <object_component id="oc-204">
         <name>.text.Problem6_Enter</name>
         <load_address>0x6692</load_address>
         <readonly>true</readonly>
         <executable>true</executable>
         <run_address>0x6692</run_address>
         <size>0x8</size>
         <alignment>0x2</alignment>
         <input_file_ref idref="fl-3"/>
      </object_component>
      <object_component id="oc-205">
         <name>.text.Problem7_Enter</name>
         <load_address>0x669a</load_address>
         <readonly>true</readonly>
         <executable>true</executable>
         <run_address>0x669a</run_address>
         <size>0x8</size>
         <alignment>0x2</alignment>
         <input_file_ref idref="fl-3"/>
      </object_component>
      <object_component id="oc-206">
         <name>.text.Problem8_Enter</name>
         <load_address>0x66a2</load_address>
         <readonly>true</readonly>
         <executable>true</executable>
         <run_address>0x66a2</run_address>
         <size>0x8</size>
         <alignment>0x2</alignment>
         <input_file_ref idref="fl-3"/>
      </object_component>
      <object_component id="oc-1f3">
         <name>.text.Problem5_Exit</name>
         <load_address>0x66aa</load_address>
         <readonly>true</readonly>
         <executable>true</executable>
         <run_address>0x66aa</run_address>
         <size>0x2</size>
         <alignment>0x2</alignment>
         <input_file_ref idref="fl-3"/>
      </object_component>
      <object_component id="oc-50">
         <name>.text.__aeabi_memcpy</name>
         <load_address>0x66ac</load_address>
         <readonly>true</readonly>
         <executable>true</executable>
         <run_address>0x66ac</run_address>
         <size>0x8</size>
         <alignment>0x4</alignment>
         <input_file_ref idref="fl-e8"/>
      </object_component>
      <object_component id="oc-eb">
         <name>.text:abort</name>
         <load_address>0x66b4</load_address>
         <readonly>true</readonly>
         <executable>true</executable>
         <run_address>0x66b4</run_address>
         <size>0x6</size>
         <alignment>0x2</alignment>
         <input_file_ref idref="fl-3c"/>
      </object_component>
      <object_component id="oc-16b">
         <name>.text.HOSTexit</name>
         <load_address>0x66ba</load_address>
         <readonly>true</readonly>
         <executable>true</executable>
         <run_address>0x66ba</run_address>
         <size>0x4</size>
         <alignment>0x2</alignment>
         <input_file_ref idref="fl-de"/>
      </object_component>
      <object_component id="oc-2f">
         <name>.text.Reset_Handler</name>
         <load_address>0x66be</load_address>
         <readonly>true</readonly>
         <executable>true</executable>
         <run_address>0x66be</run_address>
         <size>0x4</size>
         <alignment>0x2</alignment>
         <input_file_ref idref="fl-8"/>
      </object_component>
      <object_component id="oc-83">
         <name>.text._system_pre_init</name>
         <load_address>0x66c2</load_address>
         <readonly>true</readonly>
         <executable>true</executable>
         <run_address>0x66c2</run_address>
         <size>0x4</size>
         <alignment>0x2</alignment>
         <input_file_ref idref="fl-37"/>
      </object_component>
      <object_component id="oc-1fb">
         <name>.text.Problem5_Task</name>
         <load_address>0x66c6</load_address>
         <readonly>true</readonly>
         <executable>true</executable>
         <run_address>0x66c6</run_address>
         <size>0x2</size>
         <alignment>0x2</alignment>
         <input_file_ref idref="fl-3"/>
      </object_component>
      <object_component id="oc-1f4">
         <name>.text.Problem6_Exit</name>
         <load_address>0x66c8</load_address>
         <readonly>true</readonly>
         <executable>true</executable>
         <run_address>0x66c8</run_address>
         <size>0x2</size>
         <alignment>0x2</alignment>
         <input_file_ref idref="fl-3"/>
      </object_component>
      <object_component id="oc-1fc">
         <name>.text.Problem6_Task</name>
         <load_address>0x66ca</load_address>
         <readonly>true</readonly>
         <executable>true</executable>
         <run_address>0x66ca</run_address>
         <size>0x2</size>
         <alignment>0x2</alignment>
         <input_file_ref idref="fl-3"/>
      </object_component>
      <object_component id="oc-1f5">
         <name>.text.Problem7_Exit</name>
         <load_address>0x66cc</load_address>
         <readonly>true</readonly>
         <executable>true</executable>
         <run_address>0x66cc</run_address>
         <size>0x2</size>
         <alignment>0x2</alignment>
         <input_file_ref idref="fl-3"/>
      </object_component>
      <object_component id="oc-1fd">
         <name>.text.Problem7_Task</name>
         <load_address>0x66ce</load_address>
         <readonly>true</readonly>
         <executable>true</executable>
         <run_address>0x66ce</run_address>
         <size>0x2</size>
         <alignment>0x2</alignment>
         <input_file_ref idref="fl-3"/>
      </object_component>
      <object_component id="oc-1f6">
         <name>.text.Problem8_Exit</name>
         <load_address>0x66d0</load_address>
         <readonly>true</readonly>
         <executable>true</executable>
         <run_address>0x66d0</run_address>
         <size>0x2</size>
         <alignment>0x2</alignment>
         <input_file_ref idref="fl-3"/>
      </object_component>
      <object_component id="oc-1fe">
         <name>.text.Problem8_Task</name>
         <load_address>0x66d2</load_address>
         <readonly>true</readonly>
         <executable>true</executable>
         <run_address>0x66d2</run_address>
         <size>0x2</size>
         <alignment>0x2</alignment>
         <input_file_ref idref="fl-3"/>
      </object_component>
      <object_component id="oc-17b">
         <name>.text.__aeabi_idiv0</name>
         <load_address>0x66d4</load_address>
         <readonly>true</readonly>
         <executable>true</executable>
         <run_address>0x66d4</run_address>
         <size>0x2</size>
         <alignment>0x2</alignment>
         <input_file_ref idref="fl-ed"/>
      </object_component>
      <object_component id="oc-255">
         <name>.cinit..data.load</name>
         <load_address>0x6970</load_address>
         <readonly>true</readonly>
         <run_address>0x6970</run_address>
         <size>0x93</size>
         <alignment>0x1</alignment>
      </object_component>
      <object_component id="oc-253">
         <name>__TI_handler_table</name>
         <load_address>0x6a04</load_address>
         <readonly>true</readonly>
         <run_address>0x6a04</run_address>
         <size>0xc</size>
         <alignment>0x4</alignment>
      </object_component>
      <object_component id="oc-256">
         <name>.cinit..bss.load</name>
         <load_address>0x6a10</load_address>
         <readonly>true</readonly>
         <run_address>0x6a10</run_address>
         <size>0x8</size>
         <alignment>0x4</alignment>
      </object_component>
      <object_component id="oc-254">
         <name>__TI_cinit_table</name>
         <load_address>0x6a18</load_address>
         <readonly>true</readonly>
         <run_address>0x6a18</run_address>
         <size>0x10</size>
         <alignment>0x4</alignment>
      </object_component>
      <object_component id="oc-1a9">
         <name>.rodata.s_chinese16</name>
         <load_address>0x66d8</load_address>
         <readonly>true</readonly>
         <run_address>0x66d8</run_address>
         <size>0xc0</size>
         <alignment>0x4</alignment>
         <input_file_ref idref="fl-b"/>
      </object_component>
      <object_component id="oc-1ee">
         <name>.rodata.s_font5x7</name>
         <load_address>0x6798</load_address>
         <readonly>true</readonly>
         <run_address>0x6798</run_address>
         <size>0x37</size>
         <alignment>0x1</alignment>
         <input_file_ref idref="fl-b"/>
      </object_component>
      <object_component id="oc-1af">
         <name>.rodata.s_enter_table</name>
         <load_address>0x67d0</load_address>
         <readonly>true</readonly>
         <run_address>0x67d0</run_address>
         <size>0x20</size>
         <alignment>0x4</alignment>
         <input_file_ref idref="fl-3"/>
      </object_component>
      <object_component id="oc-1ab">
         <name>.rodata.s_exit_table</name>
         <load_address>0x67f0</load_address>
         <readonly>true</readonly>
         <run_address>0x67f0</run_address>
         <size>0x20</size>
         <alignment>0x4</alignment>
         <input_file_ref idref="fl-3"/>
      </object_component>
      <object_component id="oc-1ae">
         <name>.rodata.s_task_table</name>
         <load_address>0x6810</load_address>
         <readonly>true</readonly>
         <run_address>0x6810</run_address>
         <size>0x20</size>
         <alignment>0x4</alignment>
         <input_file_ref idref="fl-3"/>
      </object_component>
      <object_component id="oc-140">
         <name>.rodata.s_oled_init_cmds</name>
         <load_address>0x6830</load_address>
         <readonly>true</readonly>
         <run_address>0x6830</run_address>
         <size>0x1c</size>
         <alignment>0x1</alignment>
         <input_file_ref idref="fl-b"/>
      </object_component>
      <object_component id="oc-18d">
         <name>.rodata.gTIMER_CONTROLTimerConfig</name>
         <load_address>0x684c</load_address>
         <readonly>true</readonly>
         <run_address>0x684c</run_address>
         <size>0x14</size>
         <alignment>0x4</alignment>
         <input_file_ref idref="fl-7"/>
      </object_component>
      <object_component id="oc-20c">
         <name>.rodata.str1.6458327664208245438.1</name>
         <load_address>0x6860</load_address>
         <readonly>true</readonly>
         <run_address>0x6860</run_address>
         <size>0x11</size>
         <alignment>0x1</alignment>
         <input_file_ref idref="fl-4"/>
      </object_component>
      <object_component id="oc-6e">
         <name>.rodata.cst16</name>
         <load_address>0x6871</load_address>
         <readonly>true</readonly>
         <run_address>0x6871</run_address>
         <size>0x10</size>
         <alignment>0x1</alignment>
         <input_file_ref idref="fl-2"/>
      </object_component>
      <object_component id="oc-94">
         <name>.rodata.cst16</name>
         <load_address>0x6881</load_address>
         <readonly>true</readonly>
         <run_address>0x6881</run_address>
         <size>0x10</size>
         <alignment>0x1</alignment>
         <input_file_ref idref="fl-5"/>
      </object_component>
      <object_component id="oc-19d">
         <name>.rodata.gUART_DEBUGConfig</name>
         <load_address>0x6892</load_address>
         <readonly>true</readonly>
         <run_address>0x6892</run_address>
         <size>0xa</size>
         <alignment>0x2</alignment>
         <input_file_ref idref="fl-7"/>
      </object_component>
      <object_component id="oc-1c5">
         <name>.rodata.str1.12858735334856686681.1</name>
         <load_address>0x689c</load_address>
         <readonly>true</readonly>
         <run_address>0x689c</run_address>
         <size>0x9</size>
         <alignment>0x1</alignment>
         <input_file_ref idref="fl-4"/>
      </object_component>
      <object_component id="oc-1d5">
         <name>.rodata.str1.402800920536087235.1</name>
         <load_address>0x68a5</load_address>
         <readonly>true</readonly>
         <run_address>0x68a5</run_address>
         <size>0x9</size>
         <alignment>0x1</alignment>
         <input_file_ref idref="fl-4"/>
      </object_component>
      <object_component id="oc-1d2">
         <name>.rodata.str1.9871886773154595279.1</name>
         <load_address>0x68ae</load_address>
         <readonly>true</readonly>
         <run_address>0x68ae</run_address>
         <size>0x9</size>
         <alignment>0x1</alignment>
         <input_file_ref idref="fl-4"/>
      </object_component>
      <object_component id="oc-189">
         <name>.rodata.gPWM_0Config</name>
         <load_address>0x68b8</load_address>
         <readonly>true</readonly>
         <run_address>0x68b8</run_address>
         <size>0x8</size>
         <alignment>0x4</alignment>
         <input_file_ref idref="fl-7"/>
      </object_component>
      <object_component id="oc-1c8">
         <name>.rodata.str1.11216194194454753251.1</name>
         <load_address>0x68c0</load_address>
         <readonly>true</readonly>
         <run_address>0x68c0</run_address>
         <size>0x8</size>
         <alignment>0x1</alignment>
         <input_file_ref idref="fl-4"/>
      </object_component>
      <object_component id="oc-1d6">
         <name>.rodata.str1.12497135275599074458.1</name>
         <load_address>0x68c8</load_address>
         <readonly>true</readonly>
         <run_address>0x68c8</run_address>
         <size>0x8</size>
         <alignment>0x1</alignment>
         <input_file_ref idref="fl-4"/>
      </object_component>
      <object_component id="oc-1da">
         <name>.rodata.str1.13116950401002096570.1</name>
         <load_address>0x68d0</load_address>
         <readonly>true</readonly>
         <run_address>0x68d0</run_address>
         <size>0x8</size>
         <alignment>0x1</alignment>
         <input_file_ref idref="fl-4"/>
      </object_component>
      <object_component id="oc-1d4">
         <name>.rodata.str1.15537960897562168936.1</name>
         <load_address>0x68d8</load_address>
         <readonly>true</readonly>
         <run_address>0x68d8</run_address>
         <size>0x8</size>
         <alignment>0x1</alignment>
         <input_file_ref idref="fl-4"/>
      </object_component>
      <object_component id="oc-1d8">
         <name>.rodata.str1.2550248884874358827.1</name>
         <load_address>0x68e0</load_address>
         <readonly>true</readonly>
         <run_address>0x68e0</run_address>
         <size>0x8</size>
         <alignment>0x1</alignment>
         <input_file_ref idref="fl-4"/>
      </object_component>
      <object_component id="oc-1d3">
         <name>.rodata.str1.6115349477757457877.1</name>
         <load_address>0x68e8</load_address>
         <readonly>true</readonly>
         <run_address>0x68e8</run_address>
         <size>0x8</size>
         <alignment>0x1</alignment>
         <input_file_ref idref="fl-4"/>
      </object_component>
      <object_component id="oc-1d9">
         <name>.rodata.str1.11127159389407494402.1</name>
         <load_address>0x68f0</load_address>
         <readonly>true</readonly>
         <run_address>0x68f0</run_address>
         <size>0x7</size>
         <alignment>0x1</alignment>
         <input_file_ref idref="fl-4"/>
      </object_component>
      <object_component id="oc-1d7">
         <name>.rodata.str1.15989200115357581723.1</name>
         <load_address>0x68f7</load_address>
         <readonly>true</readonly>
         <run_address>0x68f7</run_address>
         <size>0x7</size>
         <alignment>0x1</alignment>
         <input_file_ref idref="fl-4"/>
      </object_component>
      <object_component id="oc-1c9">
         <name>.rodata.str1.17276799732225785065.1</name>
         <load_address>0x68fe</load_address>
         <readonly>true</readonly>
         <run_address>0x68fe</run_address>
         <size>0x7</size>
         <alignment>0x1</alignment>
         <input_file_ref idref="fl-4"/>
      </object_component>
      <object_component id="oc-1c3">
         <name>.rodata.str1.7094908962268454530.1</name>
         <load_address>0x6905</load_address>
         <readonly>true</readonly>
         <run_address>0x6905</run_address>
         <size>0x7</size>
         <alignment>0x1</alignment>
         <input_file_ref idref="fl-4"/>
      </object_component>
      <object_component id="oc-1d0">
         <name>.rodata.str1.13276830473278608211.1</name>
         <load_address>0x690c</load_address>
         <readonly>true</readonly>
         <run_address>0x690c</run_address>
         <size>0x6</size>
         <alignment>0x1</alignment>
         <input_file_ref idref="fl-4"/>
      </object_component>
      <object_component id="oc-1cc">
         <name>.rodata.str1.13316212644771607044.1</name>
         <load_address>0x6912</load_address>
         <readonly>true</readonly>
         <run_address>0x6912</run_address>
         <size>0x6</size>
         <alignment>0x1</alignment>
         <input_file_ref idref="fl-4"/>
      </object_component>
      <object_component id="oc-1cb">
         <name>.rodata.str1.1432448451819883127.1</name>
         <load_address>0x6918</load_address>
         <readonly>true</readonly>
         <run_address>0x6918</run_address>
         <size>0x6</size>
         <alignment>0x1</alignment>
         <input_file_ref idref="fl-4"/>
      </object_component>
      <object_component id="oc-1ca">
         <name>.rodata.str1.3746068638744227419.1</name>
         <load_address>0x691e</load_address>
         <readonly>true</readonly>
         <run_address>0x691e</run_address>
         <size>0x6</size>
         <alignment>0x1</alignment>
         <input_file_ref idref="fl-4"/>
      </object_component>
      <object_component id="oc-1c2">
         <name>.rodata.str1.13450742778052438634.1</name>
         <load_address>0x6924</load_address>
         <readonly>true</readonly>
         <run_address>0x6924</run_address>
         <size>0x5</size>
         <alignment>0x1</alignment>
         <input_file_ref idref="fl-4"/>
      </object_component>
      <object_component id="oc-1cf">
         <name>.rodata.str1.16381963267101565806.1</name>
         <load_address>0x6929</load_address>
         <readonly>true</readonly>
         <run_address>0x6929</run_address>
         <size>0x5</size>
         <alignment>0x1</alignment>
         <input_file_ref idref="fl-4"/>
      </object_component>
      <object_component id="oc-1c7">
         <name>.rodata.str1.4842307917106963007.1</name>
         <load_address>0x692e</load_address>
         <readonly>true</readonly>
         <run_address>0x692e</run_address>
         <size>0x5</size>
         <alignment>0x1</alignment>
         <input_file_ref idref="fl-4"/>
      </object_component>
      <object_component id="oc-1d1">
         <name>.rodata.str1.740724646930964178.1</name>
         <load_address>0x6933</load_address>
         <readonly>true</readonly>
         <run_address>0x6933</run_address>
         <size>0x5</size>
         <alignment>0x1</alignment>
         <input_file_ref idref="fl-4"/>
      </object_component>
      <object_component id="oc-1c4">
         <name>.rodata.str1.8522134641051796514.1</name>
         <load_address>0x6938</load_address>
         <readonly>true</readonly>
         <run_address>0x6938</run_address>
         <size>0x5</size>
         <alignment>0x1</alignment>
         <input_file_ref idref="fl-4"/>
      </object_component>
      <object_component id="oc-1c1">
         <name>.rodata.str1.9056856435488061599.1</name>
         <load_address>0x693d</load_address>
         <readonly>true</readonly>
         <run_address>0x693d</run_address>
         <size>0x5</size>
         <alignment>0x1</alignment>
         <input_file_ref idref="fl-4"/>
      </object_component>
      <object_component id="oc-188">
         <name>.rodata.gPWM_0ClockConfig</name>
         <load_address>0x6942</load_address>
         <readonly>true</readonly>
         <run_address>0x6942</run_address>
         <size>0x3</size>
         <alignment>0x1</alignment>
         <input_file_ref idref="fl-7"/>
      </object_component>
      <object_component id="oc-18a">
         <name>.rodata.gQEI_0ClockConfig</name>
         <load_address>0x6945</load_address>
         <readonly>true</readonly>
         <run_address>0x6945</run_address>
         <size>0x3</size>
         <alignment>0x1</alignment>
         <input_file_ref idref="fl-7"/>
      </object_component>
      <object_component id="oc-18c">
         <name>.rodata.gTIMER_CONTROLClockConfig</name>
         <load_address>0x6948</load_address>
         <readonly>true</readonly>
         <run_address>0x6948</run_address>
         <size>0x3</size>
         <alignment>0x1</alignment>
         <input_file_ref idref="fl-7"/>
      </object_component>
      <object_component id="oc-1bc">
         <name>.rodata.str1.12874694364276345362.1</name>
         <load_address>0x694b</load_address>
         <readonly>true</readonly>
         <run_address>0x694b</run_address>
         <size>0x3</size>
         <alignment>0x1</alignment>
         <input_file_ref idref="fl-4"/>
      </object_component>
      <object_component id="oc-1c0">
         <name>.rodata.str1.3299855054303412028.1</name>
         <load_address>0x694e</load_address>
         <readonly>true</readonly>
         <run_address>0x694e</run_address>
         <size>0x3</size>
         <alignment>0x1</alignment>
         <input_file_ref idref="fl-4"/>
      </object_component>
      <object_component id="oc-1bb">
         <name>.rodata.str1.5678097850300819098.1</name>
         <load_address>0x6951</load_address>
         <readonly>true</readonly>
         <run_address>0x6951</run_address>
         <size>0x3</size>
         <alignment>0x1</alignment>
         <input_file_ref idref="fl-4"/>
      </object_component>
      <object_component id="oc-1b9">
         <name>.rodata.str1.5752133939041076255.1</name>
         <load_address>0x6954</load_address>
         <readonly>true</readonly>
         <run_address>0x6954</run_address>
         <size>0x3</size>
         <alignment>0x1</alignment>
         <input_file_ref idref="fl-4"/>
      </object_component>
      <object_component id="oc-1bd">
         <name>.rodata.str1.6094391537229473979.1</name>
         <load_address>0x6957</load_address>
         <readonly>true</readonly>
         <run_address>0x6957</run_address>
         <size>0x3</size>
         <alignment>0x1</alignment>
         <input_file_ref idref="fl-4"/>
      </object_component>
      <object_component id="oc-1b5">
         <name>.rodata.str1.8346066712588484577.1</name>
         <load_address>0x695a</load_address>
         <readonly>true</readonly>
         <run_address>0x695a</run_address>
         <size>0x3</size>
         <alignment>0x1</alignment>
         <input_file_ref idref="fl-4"/>
      </object_component>
      <object_component id="oc-194">
         <name>.rodata.gI2C_MPUClockConfig</name>
         <load_address>0x695d</load_address>
         <readonly>true</readonly>
         <run_address>0x695d</run_address>
         <size>0x2</size>
         <alignment>0x1</alignment>
         <input_file_ref idref="fl-7"/>
      </object_component>
      <object_component id="oc-19c">
         <name>.rodata.gUART_DEBUGClockConfig</name>
         <load_address>0x695f</load_address>
         <readonly>true</readonly>
         <run_address>0x695f</run_address>
         <size>0x2</size>
         <alignment>0x1</alignment>
         <input_file_ref idref="fl-7"/>
      </object_component>
      <object_component id="oc-1ba">
         <name>.rodata.str1.13678368368045285259.1</name>
         <load_address>0x6961</load_address>
         <readonly>true</readonly>
         <run_address>0x6961</run_address>
         <size>0x2</size>
         <alignment>0x1</alignment>
         <input_file_ref idref="fl-4"/>
      </object_component>
      <object_component id="oc-1b7">
         <name>.rodata.str1.15445407551556458809.1</name>
         <load_address>0x6963</load_address>
         <readonly>true</readonly>
         <run_address>0x6963</run_address>
         <size>0x2</size>
         <alignment>0x1</alignment>
         <input_file_ref idref="fl-4"/>
      </object_component>
      <object_component id="oc-1b8">
         <name>.rodata.str1.5710605537803565424.1</name>
         <load_address>0x6965</load_address>
         <readonly>true</readonly>
         <run_address>0x6965</run_address>
         <size>0x2</size>
         <alignment>0x1</alignment>
         <input_file_ref idref="fl-4"/>
      </object_component>
      <object_component id="oc-1b6">
         <name>.rodata.str1.5817733747436598827.1</name>
         <load_address>0x6967</load_address>
         <readonly>true</readonly>
         <run_address>0x6967</run_address>
         <size>0x2</size>
         <alignment>0x1</alignment>
         <input_file_ref idref="fl-4"/>
      </object_component>
      <object_component id="oc-21d">
         <name>.binit</name>
         <load_address>0x0</load_address>
         <readonly>true</readonly>
         <run_address>0x0</run_address>
         <size>0x0</size>
         <alignment>0x4</alignment>
      </object_component>
      <object_component id="oc-b0">
         <name>.data.g_car</name>
         <load_address>0x2020063c</load_address>
         <readwrite>true</readwrite>
         <run_address>0x2020063c</run_address>
         <size>0x100</size>
         <alignment>0x4</alignment>
         <input_file_ref idref="fl-2"/>
      </object_component>
      <object_component id="oc-6f">
         <name>.data.s_right_encoder_count</name>
         <load_address>0x20200798</load_address>
         <readwrite>true</readwrite>
         <run_address>0x20200798</run_address>
         <size>0x4</size>
         <alignment>0x4</alignment>
         <input_file_ref idref="fl-2"/>
      </object_component>
      <object_component id="oc-6d">
         <name>.data.s_right_encoder_state</name>
         <load_address>0x202007b3</load_address>
         <readwrite>true</readwrite>
         <run_address>0x202007b3</run_address>
         <size>0x1</size>
         <alignment>0x1</alignment>
         <input_file_ref idref="fl-2"/>
      </object_component>
      <object_component id="oc-72">
         <name>.data.s_rx_head</name>
[...]
      <symbol id="sm-1f6">
         <name>SYSCFG_DL_I2C_MPU_init</name>
         <value>0x5ff9</value>
         <object_component_ref idref="oc-12c"/>
      </symbol>
      <symbol id="sm-1f7">
         <name>SYSCFG_DL_UART_DEBUG_init</name>
         <value>0x5cf9</value>
         <object_component_ref idref="oc-12d"/>
      </symbol>
      <symbol id="sm-1f8">
         <name>gPWM_0Backup</name>
         <value>0x20200400</value>
      </symbol>
      <symbol id="sm-1f9">
         <name>gQEI_0Backup</name>
         <value>0x202004bc</value>
      </symbol>
      <symbol id="sm-204">
         <name>Default_Handler</name>
         <value>0x58bb</value>
         <object_component_ref idref="oc-33"/>
      </symbol>
      <symbol id="sm-205">
         <name>Reset_Handler</name>
         <value>0x66bf</value>
         <object_component_ref idref="oc-2f"/>
      </symbol>
      <symbol id="sm-206">
         <name>interruptVectors</name>
         <value>0x0</value>
         <object_component_ref idref="oc-18"/>
      </symbol>
      <symbol id="sm-207">
         <name>NMI_Handler</name>
         <value>0x58bb</value>
         <object_component_ref idref="oc-33"/>
      </symbol>
      <symbol id="sm-208">
         <name>HardFault_Handler</name>
         <value>0x58bb</value>
         <object_component_ref idref="oc-33"/>
      </symbol>
      <symbol id="sm-209">
         <name>SVC_Handler</name>
         <value>0x58bb</value>
         <object_component_ref idref="oc-33"/>
      </symbol>
      <symbol id="sm-20a">
         <name>PendSV_Handler</name>
         <value>0x58bb</value>
         <object_component_ref idref="oc-33"/>
      </symbol>
      <symbol id="sm-20b">
         <name>SysTick_Handler</name>
         <value>0x58bb</value>
         <object_component_ref idref="oc-33"/>
      </symbol>
      <symbol id="sm-20c">
         <name>GROUP0_IRQHandler</name>
         <value>0x58bb</value>
         <object_component_ref idref="oc-33"/>
      </symbol>
      <symbol id="sm-20d">
         <name>TIMG8_IRQHandler</name>
         <value>0x58bb</value>
         <object_component_ref idref="oc-33"/>
      </symbol>
      <symbol id="sm-20e">
         <name>UART3_IRQHandler</name>
         <value>0x58bb</value>
         <object_component_ref idref="oc-33"/>
      </symbol>
      <symbol id="sm-20f">
         <name>ADC0_IRQHandler</name>
         <value>0x58bb</value>
         <object_component_ref idref="oc-33"/>
      </symbol>
      <symbol id="sm-210">
         <name>ADC1_IRQHandler</name>
         <value>0x58bb</value>
         <object_component_ref idref="oc-33"/>
      </symbol>
      <symbol id="sm-211">
         <name>CANFD0_IRQHandler</name>
         <value>0x58bb</value>
         <object_component_ref idref="oc-33"/>
      </symbol>
      <symbol id="sm-212">
         <name>DAC0_IRQHandler</name>
         <value>0x58bb</value>
         <object_component_ref idref="oc-33"/>
      </symbol>
      <symbol id="sm-213">
         <name>SPI0_IRQHandler</name>
         <value>0x58bb</value>
         <object_component_ref idref="oc-33"/>
      </symbol>
      <symbol id="sm-214">
         <name>SPI1_IRQHandler</name>
         <value>0x58bb</value>
         <object_component_ref idref="oc-33"/>
      </symbol>
      <symbol id="sm-215">
         <name>UART2_IRQHandler</name>
         <value>0x58bb</value>
         <object_component_ref idref="oc-33"/>
      </symbol>
      <symbol id="sm-216">
         <name>UART0_IRQHandler</name>
         <value>0x58bb</value>
         <object_component_ref idref="oc-33"/>
      </symbol>
      <symbol id="sm-217">
         <name>TIMG0_IRQHandler</name>
         <value>0x58bb</value>
         <object_component_ref idref="oc-33"/>
      </symbol>
      <symbol id="sm-218">
         <name>TIMG6_IRQHandler</name>
         <value>0x58bb</value>
         <object_component_ref idref="oc-33"/>
      </symbol>
      <symbol id="sm-219">
         <name>TIMA0_IRQHandler</name>
         <value>0x58bb</value>
         <object_component_ref idref="oc-33"/>
      </symbol>
      <symbol id="sm-21a">
         <name>TIMA1_IRQHandler</name>
         <value>0x58bb</value>
         <object_component_ref idref="oc-33"/>
      </symbol>
      <symbol id="sm-21b">
         <name>TIMG7_IRQHandler</name>
         <value>0x58bb</value>
         <object_component_ref idref="oc-33"/>
      </symbol>
      <symbol id="sm-21c">
         <name>I2C0_IRQHandler</name>
         <value>0x58bb</value>
         <object_component_ref idref="oc-33"/>
      </symbol>
      <symbol id="sm-21d">
         <name>I2C1_IRQHandler</name>
         <value>0x58bb</value>
         <object_component_ref idref="oc-33"/>
      </symbol>
      <symbol id="sm-21e">
         <name>AES_IRQHandler</name>
         <value>0x58bb</value>
         <object_component_ref idref="oc-33"/>
      </symbol>
      <symbol id="sm-21f">
         <name>RTC_IRQHandler</name>
         <value>0x58bb</value>
         <object_component_ref idref="oc-33"/>
      </symbol>
      <symbol id="sm-220">
         <name>DMA_IRQHandler</name>
         <value>0x58bb</value>
         <object_component_ref idref="oc-33"/>
      </symbol>
      <symbol id="sm-22d">
         <name>LineTracker_Init</name>
         <value>0x6663</value>
         <object_component_ref idref="oc-d2"/>
      </symbol>
      <symbol id="sm-22e">
         <name>LineTracker_Update</name>
         <value>0x426d</value>
         <object_component_ref idref="oc-99"/>
      </symbol>
      <symbol id="sm-22f">
         <name>g_line</name>
         <value>0x20200758</value>
         <object_component_ref idref="oc-b9"/>
      </symbol>
      <symbol id="sm-242">
         <name>MPU6050_Init</name>
         <value>0x4a51</value>
         <object_component_ref idref="oc-db"/>
      </symbol>
      <symbol id="sm-243">
         <name>MPU6050_Calibrate</name>
         <value>0x5399</value>
         <object_component_ref idref="oc-14a"/>
      </symbol>
      <symbol id="sm-244">
         <name>g_mpu6050</name>
         <value>0x2020073c</value>
         <object_component_ref idref="oc-ba"/>
      </symbol>
      <symbol id="sm-245">
         <name>MPU6050_Task</name>
         <value>0x5785</value>
         <object_component_ref idref="oc-e7"/>
      </symbol>
      <symbol id="sm-265">
         <name>OLED_Init</name>
         <value>0x39dd</value>
         <object_component_ref idref="oc-d5"/>
      </symbol>
      <symbol id="sm-266">
         <name>OLED_Update</name>
         <value>0x35e5</value>
         <object_component_ref idref="oc-13e"/>
      </symbol>
      <symbol id="sm-267">
         <name>g_oled</name>
         <value>0x20200780</value>
         <object_component_ref idref="oc-13f"/>
      </symbol>
      <symbol id="sm-268">
         <name>OLED_DrawProblemSelect</name>
         <value>0x5125</value>
         <object_component_ref idref="oc-14d"/>
      </symbol>
      <symbol id="sm-269">
         <name>OLED_DrawProblemSelected</name>
         <value>0x457d</value>
         <object_component_ref idref="oc-14c"/>
      </symbol>
      <symbol id="sm-27a">
         <name>ProblemMenu_Init</name>
         <value>0x5eed</value>
         <object_component_ref idref="oc-e0"/>
      </symbol>
      <symbol id="sm-27b">
         <name>g_problem_menu</name>
         <value>0x202007a0</value>
         <object_component_ref idref="oc-14e"/>
      </symbol>
      <symbol id="sm-27c">
         <name>ProblemMenu_Task</name>
         <value>0x5045</value>
         <object_component_ref idref="oc-e9"/>
      </symbol>
      <symbol id="sm-27d">
         <name>__TI_ATRegion0_src_addr</name>
         <value>0x0</value>
      </symbol>
      <symbol id="sm-27e">
         <name>__TI_ATRegion0_trg_addr</name>
         <value>0x0</value>
      </symbol>
      <symbol id="sm-27f">
         <name>__TI_ATRegion0_region_sz</name>
         <value>0x0</value>
      </symbol>
      <symbol id="sm-280">
         <name>__TI_ATRegion1_src_addr</name>
         <value>0x0</value>
      </symbol>
      <symbol id="sm-281">
         <name>__TI_ATRegion1_trg_addr</name>
         <value>0x0</value>
      </symbol>
      <symbol id="sm-282">
         <name>__TI_ATRegion1_region_sz</name>
         <value>0x0</value>
      </symbol>
      <symbol id="sm-283">
         <name>__TI_ATRegion2_src_addr</name>
         <value>0x0</value>
      </symbol>
      <symbol id="sm-284">
         <name>__TI_ATRegion2_trg_addr</name>
         <value>0x0</value>
      </symbol>
      <symbol id="sm-285">
         <name>__TI_ATRegion2_region_sz</name>
         <value>0x0</value>
      </symbol>
      <symbol id="sm-28e">
         <name>DL_Common_delayCycles</name>
         <value>0x6659</value>
         <object_component_ref idref="oc-146"/>
      </symbol>
      <symbol id="sm-2a0">
         <name>DL_I2C_setClockConfig</name>
         <value>0x6481</value>
         <object_component_ref idref="oc-18e"/>
      </symbol>
      <symbol id="sm-2a1">
         <name>DL_I2C_fillControllerTXFIFO</name>
         <value>0x5e8d</value>
         <object_component_ref idref="oc-1a3"/>
      </symbol>
      <symbol id="sm-2a2">
         <name>DL_I2C_flushControllerTXFIFO</name>
         <value>0x6121</value>
         <object_component_ref idref="oc-1a1"/>
      </symbol>
      <symbol id="sm-2a3">
         <name>DL_I2C_flushControllerRXFIFO</name>
         <value>0x63a1</value>
         <object_component_ref idref="oc-1a2"/>
      </symbol>
      <symbol id="sm-2bf">
         <name>DL_Timer_setClockConfig</name>
         <value>0x6549</value>
         <object_component_ref idref="oc-184"/>
      </symbol>
      <symbol id="sm-2c0">
         <name>DL_Timer_initTimerMode</name>
         <value>0x4d65</value>
         <object_component_ref idref="oc-18b"/>
      </symbol>
      <symbol id="sm-2c1">
         <name>DL_Timer_setCaptureCompareValue</name>
         <value>0x661d</value>
         <object_component_ref idref="oc-bc"/>
      </symbol>
      <symbol id="sm-2c2">
         <name>DL_Timer_setCaptCompUpdateMethod</name>
         <value>0x652d</value>
         <object_component_ref idref="oc-187"/>
      </symbol>
      <symbol id="sm-2c3">
         <name>DL_Timer_setCaptureCompareOutCtl</name>
         <value>0x659d</value>
         <object_component_ref idref="oc-186"/>
      </symbol>
      <symbol id="sm-2c4">
         <name>DL_Timer_initFourCCPWMMode</name>
         <value>0x4c61</value>
         <object_component_ref idref="oc-185"/>
      </symbol>
      <symbol id="sm-2d4">
         <name>DL_UART_init</name>
         <value>0x6099</value>
         <object_component_ref idref="oc-19b"/>
      </symbol>
      <symbol id="sm-2d5">
         <name>DL_UART_setClockConfig</name>
         <value>0x65f9</value>
         <object_component_ref idref="oc-195"/>
      </symbol>
      <symbol id="sm-2d6">
         <name>DL_UART_transmitDataBlocking</name>
         <value>0x63d1</value>
         <object_component_ref idref="oc-1b0"/>
      </symbol>
      <symbol id="sm-2e1">
         <name>_c_int00_noargs</name>
         <value>0x6459</value>
         <object_component_ref idref="oc-60"/>
      </symbol>
      <symbol id="sm-2e2">
         <name>__stack</name>
         <value>0x20207e00</value>
         <object_component_ref idref="oc-1a"/>
      </symbol>
      <symbol id="sm-2ee">
         <name>__TI_auto_init_nobinit_nopinit</name>
         <value>0x6211</value>
         <object_component_ref idref="oc-f2"/>
      </symbol>
      <symbol id="sm-2f6">
         <name>_system_pre_init</name>
         <value>0x66c3</value>
         <object_component_ref idref="oc-83"/>
      </symbol>
      <symbol id="sm-301">
         <name>__TI_zero_init</name>
         <value>0x662d</value>
         <object_component_ref idref="oc-5d"/>
      </symbol>
      <symbol id="sm-30a">
         <name>__TI_decompress_none</name>
         <value>0x660b</value>
         <object_component_ref idref="oc-20"/>
      </symbol>
      <symbol id="sm-315">
         <name>__TI_decompress_lzss</name>
         <value>0x5c0d</value>
         <object_component_ref idref="oc-1c"/>
      </symbol>
      <symbol id="sm-31f">
         <name>abort</name>
         <value>0x66b5</value>
         <object_component_ref idref="oc-eb"/>
      </symbol>
      <symbol id="sm-329">
         <name>HOSTexit</name>
         <value>0x66bb</value>
         <object_component_ref idref="oc-16b"/>
      </symbol>
      <symbol id="sm-32a">
         <name>C$$EXIT</name>
         <value>0x66ba</value>
         <object_component_ref idref="oc-16b"/>
      </symbol>
      <symbol id="sm-330">
         <name>__aeabi_fadd</name>
         <value>0x520b</value>
         <object_component_ref idref="oc-ab"/>
      </symbol>
      <symbol id="sm-331">
         <name>__addsf3</name>
         <value>0x520b</value>
         <object_component_ref idref="oc-ab"/>
      </symbol>
      <symbol id="sm-332">
         <name>__aeabi_fsub</name>
         <value>0x5201</value>
         <object_component_ref idref="oc-ab"/>
      </symbol>
      <symbol id="sm-333">
         <name>__subsf3</name>
         <value>0x5201</value>
         <object_component_ref idref="oc-ab"/>
      </symbol>
      <symbol id="sm-339">
         <name>__aeabi_fmul</name>
         <value>0x5a79</value>
         <object_component_ref idref="oc-a3"/>
      </symbol>
      <symbol id="sm-33a">
         <name>__mulsf3</name>
         <value>0x5a79</value>
         <object_component_ref idref="oc-a3"/>
      </symbol>
      <symbol id="sm-340">
         <name>__aeabi_fdiv</name>
         <value>0x5b89</value>
         <object_component_ref idref="oc-158"/>
      </symbol>
      <symbol id="sm-341">
         <name>__divsf3</name>
         <value>0x5b89</value>
         <object_component_ref idref="oc-158"/>
      </symbol>
      <symbol id="sm-347">
         <name>__aeabi_f2iz</name>
         <value>0x6335</value>
         <object_component_ref idref="oc-b5"/>
      </symbol>
      <symbol id="sm-348">
         <name>__fixsfsi</name>
         <value>0x6335</value>
         <object_component_ref idref="oc-b5"/>
      </symbol>
      <symbol id="sm-34e">
         <name>__aeabi_f2uiz</name>
         <value>0x636d</value>
         <object_component_ref idref="oc-20d"/>
      </symbol>
      <symbol id="sm-34f">
         <name>__fixunssfsi</name>
         <value>0x636d</value>
         <object_component_ref idref="oc-20d"/>
      </symbol>
      <symbol id="sm-355">
         <name>__aeabi_i2f</name>
         <value>0x6199</value>
         <object_component_ref idref="oc-b1"/>
      </symbol>
      <symbol id="sm-356">
         <name>__floatsisf</name>
         <value>0x6199</value>
         <object_component_ref idref="oc-b1"/>
      </symbol>
      <symbol id="sm-35c">
         <name>__aeabi_ui2f</name>
         <value>0x6431</value>
         <object_component_ref idref="oc-9f"/>
      </symbol>
      <symbol id="sm-35d">
         <name>__floatunsisf</name>
         <value>0x6431</value>
         <object_component_ref idref="oc-9f"/>
      </symbol>
      <symbol id="sm-363">
         <name>__aeabi_fcmpeq</name>
         <value>0x5d69</value>
         <object_component_ref idref="oc-a7"/>
      </symbol>
      <symbol id="sm-364">
         <name>__aeabi_fcmplt</name>
         <value>0x5d7d</value>
         <object_component_ref idref="oc-a7"/>
      </symbol>
      <symbol id="sm-365">
         <name>__aeabi_fcmple</name>
         <value>0x5d91</value>
         <object_component_ref idref="oc-a7"/>
      </symbol>
      <symbol id="sm-366">
         <name>__aeabi_fcmpge</name>
         <value>0x5da5</value>
         <object_component_ref idref="oc-a7"/>
      </symbol>
      <symbol id="sm-367">
         <name>__aeabi_fcmpgt</name>
         <value>0x5db9</value>
         <object_component_ref idref="oc-a7"/>
      </symbol>
      <symbol id="sm-36d">
         <name>__aeabi_idiv</name>
         <value>0x5fa1</value>
         <object_component_ref idref="oc-104"/>
      </symbol>
      <symbol id="sm-36e">
         <name>__aeabi_idivmod</name>
         <value>0x5fa1</value>
         <object_component_ref idref="oc-104"/>
      </symbol>
      <symbol id="sm-374">
         <name>__aeabi_memcpy</name>
         <value>0x66ad</value>
         <object_component_ref idref="oc-50"/>
      </symbol>
      <symbol id="sm-375">
         <name>__aeabi_memcpy4</name>
         <value>0x66ad</value>
         <object_component_ref idref="oc-50"/>
      </symbol>
      <symbol id="sm-376">
         <name>__aeabi_memcpy8</name>
         <value>0x66ad</value>
         <object_component_ref idref="oc-50"/>
      </symbol>
      <symbol id="sm-37f">
         <name>__aeabi_memset</name>
         <value>0x663d</value>
         <object_component_ref idref="oc-211"/>
      </symbol>
      <symbol id="sm-380">
         <name>__aeabi_memset4</name>
         <value>0x663d</value>
         <object_component_ref idref="oc-211"/>
      </symbol>
      <symbol id="sm-381">
         <name>__aeabi_memset8</name>
         <value>0x663d</value>
         <object_component_ref idref="oc-211"/>
      </symbol>
      <symbol id="sm-382">
         <name>__aeabi_memclr</name>
         <value>0x664d</value>
         <object_component_ref idref="oc-7e"/>
      </symbol>
      <symbol id="sm-383">
         <name>__aeabi_memclr4</name>
         <value>0x664d</value>
         <object_component_ref idref="oc-7e"/>
      </symbol>
      <symbol id="sm-384">
         <name>__aeabi_memclr8</name>
         <value>0x664d</value>
         <object_component_ref idref="oc-7e"/>
      </symbol>
      <symbol id="sm-38a">
         <name>__aeabi_uidiv</name>
         <value>0x60e1</value>
         <object_component_ref idref="oc-208"/>
      </symbol>
      <symbol id="sm-38b">
         <name>__aeabi_uidivmod</name>
         <value>0x60e1</value>
         <object_component_ref idref="oc-208"/>
      </symbol>
      <symbol id="sm-394">
         <name>__eqsf2</name>
         <value>0x624d</value>
         <object_component_ref idref="oc-110"/>
      </symbol>
      <symbol id="sm-395">
         <name>__lesf2</name>
         <value>0x624d</value>
         <object_component_ref idref="oc-110"/>
      </symbol>
      <symbol id="sm-396">
         <name>__ltsf2</name>
         <value>0x624d</value>
         <object_component_ref idref="oc-110"/>
      </symbol>
      <symbol id="sm-397">
         <name>__nesf2</name>
         <value>0x624d</value>
         <object_component_ref idref="oc-110"/>
      </symbol>
      <symbol id="sm-398">
         <name>__cmpsf2</name>
         <value>0x624d</value>
         <object_component_ref idref="oc-110"/>
      </symbol>
      <symbol id="sm-399">
         <name>__gtsf2</name>
         <value>0x61d5</value>
         <object_component_ref idref="oc-115"/>
      </symbol>
      <symbol id="sm-39a">
         <name>__gesf2</name>
         <value>0x61d5</value>
         <object_component_ref idref="oc-115"/>
      </symbol>
      <symbol id="sm-3a0">
         <name>__muldsi3</name>
         <value>0x6289</value>
         <object_component_ref idref="oc-10b"/>
      </symbol>
      <symbol id="sm-3aa">
         <name>__aeabi_idiv0</name>
         <value>0x66d5</value>
         <object_component_ref idref="oc-17b"/>
      </symbol>
      <symbol id="sm-3c3">
         <name>memcpy</name>
         <value>0x5821</value>
         <object_component_ref idref="oc-c8"/>
      </symbol>
      <symbol id="sm-3d2">
         <name>memset</name>
         <value>0x5dcb</value>
         <object_component_ref idref="oc-124"/>
      </symbol>
      <symbol id="sm-3d3">
         <name>__TI_static_base__</name>
         <value>0x0</value>
      </symbol>
      <symbol id="sm-3d6">
         <name>__mpu_init</name>
         <value>0x0</value>
      </symbol>
      <symbol id="sm-3d7">
         <name>_system_post_cinit</name>
         <value>0x0</value>
      </symbol>
   </symbol_table>
   <title>Link successful</title>
</link_info>
