******************************************************************************
            TI ARM Clang Linker PC v4.0.4                      
******************************************************************************
>> Linked Sat Jul  4 15:28:53 2026

OUTPUT FILE NAME:   <TI_Car_no_buletooth.out>
ENTRY POINT SYMBOL: "_c_int00_noargs"  address: 000011a9


MEMORY CONFIGURATION

         name            origin    length      used     unused   attr    fill
----------------------  --------  ---------  --------  --------  ----  --------
  FLASH                 00000000   00020000  00001360  0001eca0  R  X
  SRAM                  20200000   00008000  00000429  00007bd7  RW X
  BCR_CONFIG            41c00000   000000ff  00000000  000000ff  R   
  BSL_CONFIG            41c00100   00000080  00000000  00000080  R   


SEGMENT ALLOCATION MAP

run origin  load origin   length   init length attrs members
----------  ----------- ---------- ----------- ----- -------
00000000    00000000    00001360   00001360    r-x
  00000000    00000000    000000c0   000000c0    r-- .intvecs
  000000c0    000000c0    000011e0   000011e0    r-x .text
  000012a0    000012a0    00000038   00000038    r-- .rodata
  000012d8    000012d8    00000088   00000088    r-- .cinit
20200000    20200000    00000229   00000000    rw-
  20200000    20200000    0000015c   00000000    rw- .bss
  2020015c    2020015c    000000cd   00000000    rw- .data
20207e00    20207e00    00000200   00000000    rw-
  20207e00    20207e00    00000200   00000000    rw- .stack


SECTION ALLOCATION MAP

 output                                  attributes/
section   page    origin      length       input sections
--------  ----  ----------  ----------   ----------------
.intvecs   0    00000000    000000c0     
                  00000000    000000c0     startup_mspm0g350x_ticlang.o (.intvecs)

.text      0    000000c0    000011e0     
                  000000c0    000002e8     car_control.o (.text.Car_ControlStep)
                  000003a8    000001a0     line_tracker.o (.text.LineTracker_Update)
                  00000548    00000110     car_control.o (.text.Car_PidStep)
                  00000658    00000104     car_control.o (.text.Car_Stop)
                  0000075c    00000104     driverlib.a : dl_timer.o (.text.DL_Timer_initFourCCPWMMode)
                  00000860    000000fc                 : dl_timer.o (.text.DL_Timer_initTimerMode)
                  0000095c    000000d8     libclang_rt.builtins.a : addsf3.S.obj (.text)
                  00000a34    000000a4     ti_msp_dl_config.o (.text.SYSCFG_DL_GPIO_init)
                  00000ad8    0000009a     libc.a : memcpy16.S.obj (.text:memcpy)
                  00000b72    00000002     startup_mspm0g350x_ticlang.o (.text.Default_Handler)
                  00000b74    00000098     car_control.o (.text.Car_Init)
                  00000c0c    0000008c     ti_msp_dl_config.o (.text.SYSCFG_DL_PWM_0_init)
                  00000c98    0000008c     libclang_rt.builtins.a : mulsf3.S.obj (.text.__mulsf3)
                  00000d24    0000007c     libc.a : copy_decompress_lzss.c.obj (.text:decompress:lzss)
                  00000da0    00000064     empty.o (.text.main)
                  00000e04    00000062     libclang_rt.builtins.a : aeabi_fcmp.S.obj (.text.__aeabi_fcmp)
                  00000e66    00000002                            : aeabi_div0.c.obj (.text.__aeabi_idiv0)
                  00000e68    00000056                            : aeabi_idivmod.S.obj (.text.__aeabi_idivmod)
                  00000ebe    00000002     --HOLE-- [fill = 0]
                  00000ec0    00000054     car_control.o (.text.GROUP1_IRQHandler)
                  00000f14    0000004c     ti_msp_dl_config.o (.text.SYSCFG_DL_QEI_0_init)
                  00000f60    00000048     ti_msp_dl_config.o (.text.SYSCFG_DL_initPower)
                  00000fa8    0000003c     libclang_rt.builtins.a : floatsisf.S.obj (.text.__floatsisf)
                  00000fe4    0000003c                            : comparesf2.S.obj (.text.__gtsf2)
                  00001020    0000003c     libc.a : autoinit.c.obj (.text:__TI_auto_init_nobinit_nopinit)
                  0000105c    0000003a     libclang_rt.builtins.a : comparesf2.S.obj (.text.__eqsf2)
                  00001096    00000002     --HOLE-- [fill = 0]
                  00001098    0000003a                            : muldsi3.S.obj (.text.__muldsi3)
                  000010d2    00000002     --HOLE-- [fill = 0]
                  000010d4    00000038     ti_msp_dl_config.o (.text.SYSCFG_DL_TIMER_CONTROL_init)
                  0000110c    00000038     libclang_rt.builtins.a : fixsfsi.S.obj (.text.__fixsfsi)
                  00001144    00000034     ti_msp_dl_config.o (.text.SYSCFG_DL_init)
                  00001178    00000030     ti_msp_dl_config.o (.text.SYSCFG_DL_SYSCTL_init)
                  000011a8    00000028     libc.a : boot_cortex_m.c.obj (.text:_c_int00_noargs)
                  000011d0    0000001c     driverlib.a : dl_timer.o (.text.DL_Timer_setCaptCompUpdateMethod)
                  000011ec    0000001c                 : dl_timer.o (.text.DL_Timer_setClockConfig)
                  00001208    00000018                 : dl_timer.o (.text.DL_Timer_setCaptureCompareOutCtl)
                  00001220    00000018     empty.o (.text.TIMG12_IRQHandler)
                  00001238    00000016     libc.a : copy_zero_init.c.obj (.text:decompress:ZI:__TI_zero_init_nomemset)
                  0000124e    00000012            : copy_decompress_none.c.obj (.text:decompress:none)
                  00001260    00000010     driverlib.a : dl_timer.o (.text.DL_Timer_setCaptureCompareValue)
                  00001270    0000000a                 : dl_common.o (.text.DL_Common_delayCycles)
                  0000127a    00000008     line_tracker.o (.text.LineTracker_Init)
                  00001282    00000002     --HOLE-- [fill = 0]
                  00001284    00000008     libclang_rt.builtins.a : aeabi_memcpy.S.obj (.text.__aeabi_memcpy)
                  0000128c    00000006     libc.a : exit.c.obj (.text:abort)
                  00001292    00000004     libsysbm.a : hostexit.c.obj (.text.HOSTexit)
                  00001296    00000004     startup_mspm0g350x_ticlang.o (.text.Reset_Handler)
                  0000129a    00000004     libc.a : pre_init.c.obj (.text._system_pre_init)
                  0000129e    00000002     --HOLE-- [fill = 0]

.cinit     0    000012d8    00000088     
                  000012d8    00000064     (.cinit..data.load) [load image, compression = lzss]
                  0000133c    0000000c     (__TI_handler_table)
                  00001348    00000008     (.cinit..bss.load) [load image, compression = zero_init]
                  00001350    00000010     (__TI_cinit_table)

.rodata    0    000012a0    00000038     
                  000012a0    00000014     ti_msp_dl_config.o (.rodata.gTIMER_CONTROLTimerConfig)
                  000012b4    00000010     car_control.o (.rodata.cst16)
                  000012c4    00000008     ti_msp_dl_config.o (.rodata.gPWM_0Config)
                  000012cc    00000003     ti_msp_dl_config.o (.rodata.gPWM_0ClockConfig)
                  000012cf    00000003     ti_msp_dl_config.o (.rodata.gQEI_0ClockConfig)
                  000012d2    00000003     ti_msp_dl_config.o (.rodata.gTIMER_CONTROLClockConfig)
                  000012d5    00000003     --HOLE-- [fill = 0]

.init_array 
*          0    00000000    00000000     UNINITIALIZED

.binit     0    00000000    00000000     

.bss       0    20200000    0000015c     UNINITIALIZED
                  20200000    000000bc     (.common:gPWM_0Backup)
                  202000bc    000000a0     (.common:gQEI_0Backup)

.data      0    2020015c    000000cd     UNINITIALIZED
                  2020015c    000000b0     car_control.o (.data.g_car)
                  2020020c    00000018     line_tracker.o (.data.g_line)
                  20200224    00000004     car_control.o (.data.s_right_encoder_count)
                  20200228    00000001     car_control.o (.data.s_right_encoder_state)

.stack     0    20207e00    00000200     UNINITIALIZED
                  20207e00    00000004     libc.a : boot_cortex_m.c.obj (.stack)
                  20207e04    000001fc     --HOLE--

__llvm_prf_cnts 
*          0    20200000    00000000     UNINITIALIZED

__llvm_prf_bits 
*          0    20200000    00000000     UNINITIALIZED

MODULE SUMMARY

       Module                         code   ro data   rw data
       ------                         ----   -------   -------
    .\
       car_control.o                  1512   16        181    
       ti_msp_dl_config.o             608    37        348    
       line_tracker.o                 424    0         24     
       startup_mspm0g350x_ticlang.o   6      192       0      
       empty.o                        124    0         0      
    +--+------------------------------+------+---------+---------+
       Total:                         2674   245       553    
                                                              
    F:/TI/mspm0_sdk_2_10_00_04/source/ti/driverlib/lib/ticlang/m0p/mspm0g1x0x_g3x0x/driverlib.a
       dl_timer.o                     608    0         0      
       dl_common.o                    10     0         0      
    +--+------------------------------+------+---------+---------+
       Total:                         618    0         0      
                                                              
    F:\TI\ccstheia\ccs\tools\compiler\ti-cgt-armllvm_4.0.4.LTS\lib\armv6m-ti-none-eabi/c/libc.a
       memcpy16.S.obj                 154    0         0      
       copy_decompress_lzss.c.obj     124    0         0      
       autoinit.c.obj                 60     0         0      
       boot_cortex_m.c.obj            40     0         0      
       copy_zero_init.c.obj           22     0         0      
       copy_decompress_none.c.obj     18     0         0      
       exit.c.obj                     6      0         0      
       pre_init.c.obj                 4      0         0      
    +--+------------------------------+------+---------+---------+
       Total:                         428    0         0      
                                                              
    F:\TI\ccstheia\ccs\tools\compiler\ti-cgt-armllvm_4.0.4.LTS\lib\armv6m-ti-none-eabi/c/libsysbm.a
       hostexit.c.obj                 4      0         0      
    +--+------------------------------+------+---------+---------+
       Total:                         4      0         0      
                                                              
    F:\TI\ccstheia\ccs\tools\compiler\ti-cgt-armllvm_4.0.4.LTS\lib\armv6m-ti-none-eabi/libclang_rt.builtins.a
       addsf3.S.obj                   216    0         0      
       mulsf3.S.obj                   140    0         0      
       comparesf2.S.obj               118    0         0      
       aeabi_fcmp.S.obj               98     0         0      
       aeabi_idivmod.S.obj            86     0         0      
       floatsisf.S.obj                60     0         0      
       muldsi3.S.obj                  58     0         0      
       fixsfsi.S.obj                  56     0         0      
       aeabi_memcpy.S.obj             8      0         0      
       aeabi_div0.c.obj               2      0         0      
    +--+------------------------------+------+---------+---------+
       Total:                         842    0         0      
                                                              
       Stack:                         0      0         512    
       Linker Generated:              0      136       0      
    +--+------------------------------+------+---------+---------+
       Grand Total:                   4566   381       1065   


LINKER GENERATED COPY TABLES

__TI_cinit_table @ 00001350 records: 2, size/record: 8, table size: 16
	.data: load addr=000012d8, load size=00000064 bytes, run addr=2020015c, run size=000000cd bytes, compression=lzss
	.bss: load addr=00001348, load size=00000008 bytes, run addr=20200000, run size=0000015c bytes, compression=zero_init


LINKER GENERATED HANDLER TABLE

__TI_handler_table @ 0000133c records: 3, size/record: 4, table size: 12
	index: 0, handler: __TI_decompress_lzss
	index: 1, handler: __TI_decompress_none
	index: 2, handler: __TI_zero_init


GLOBAL SYMBOLS: SORTED ALPHABETICALLY BY Name 

address   name                            
-------   ----                            
00000b73  ADC0_IRQHandler                 
00000b73  ADC1_IRQHandler                 
00000b73  AES_IRQHandler                  
00001292  C$$EXIT                         
00000b73  CANFD0_IRQHandler               
000000c1  Car_ControlStep                 
00000b75  Car_Init                        
00000659  Car_Stop                        
00000b73  DAC0_IRQHandler                 
00001271  DL_Common_delayCycles           
0000075d  DL_Timer_initFourCCPWMMode      
00000861  DL_Timer_initTimerMode          
000011d1  DL_Timer_setCaptCompUpdateMethod
00001209  DL_Timer_setCaptureCompareOutCtl
00001261  DL_Timer_setCaptureCompareValue 
000011ed  DL_Timer_setClockConfig         
00000b73  DMA_IRQHandler                  
00000b73  Default_Handler                 
00000b73  GROUP0_IRQHandler               
00000ec1  GROUP1_IRQHandler               
00001293  HOSTexit                        
00000b73  HardFault_Handler               
00000b73  I2C0_IRQHandler                 
00000b73  I2C1_IRQHandler                 
0000127b  LineTracker_Init                
000003a9  LineTracker_Update              
00000b73  NMI_Handler                     
00000b73  PendSV_Handler                  
00000b73  RTC_IRQHandler                  
00001297  Reset_Handler                   
00000b73  SPI0_IRQHandler                 
00000b73  SPI1_IRQHandler                 
00000b73  SVC_Handler                     
00000a35  SYSCFG_DL_GPIO_init             
00000c0d  SYSCFG_DL_PWM_0_init            
00000f15  SYSCFG_DL_QEI_0_init            
00001179  SYSCFG_DL_SYSCTL_init           
000010d5  SYSCFG_DL_TIMER_CONTROL_init    
00001145  SYSCFG_DL_init                  
00000f61  SYSCFG_DL_initPower             
00000b73  SysTick_Handler                 
00000b73  TIMA0_IRQHandler                
00000b73  TIMA1_IRQHandler                
00000b73  TIMG0_IRQHandler                
00001221  TIMG12_IRQHandler               
00000b73  TIMG6_IRQHandler                
00000b73  TIMG7_IRQHandler                
00000b73  TIMG8_IRQHandler                
00000b73  UART0_IRQHandler                
00000b73  UART1_IRQHandler                
00000b73  UART2_IRQHandler                
00000b73  UART3_IRQHandler                
20208000  __STACK_END                     
00000200  __STACK_SIZE                    
00000000  __TI_ATRegion0_region_sz        
00000000  __TI_ATRegion0_src_addr         
00000000  __TI_ATRegion0_trg_addr         
00000000  __TI_ATRegion1_region_sz        
00000000  __TI_ATRegion1_src_addr         
00000000  __TI_ATRegion1_trg_addr         
00000000  __TI_ATRegion2_region_sz        
00000000  __TI_ATRegion2_src_addr         
00000000  __TI_ATRegion2_trg_addr         
00001350  __TI_CINIT_Base                 
00001360  __TI_CINIT_Limit                
00001360  __TI_CINIT_Warm                 
0000133c  __TI_Handler_Table_Base         
00001348  __TI_Handler_Table_Limit        
00001021  __TI_auto_init_nobinit_nopinit  
00000d25  __TI_decompress_lzss            
0000124f  __TI_decompress_none            
ffffffff  __TI_pprof_out_hndl             
ffffffff  __TI_prof_data_size             
ffffffff  __TI_prof_data_start            
00000000  __TI_static_base__              
00001239  __TI_zero_init_nomemset         
00000967  __addsf3                        
0000110d  __aeabi_f2iz                    
00000967  __aeabi_fadd                    
00000e05  __aeabi_fcmpeq                  
00000e41  __aeabi_fcmpge                  
00000e55  __aeabi_fcmpgt                  
00000e2d  __aeabi_fcmple                  
00000e19  __aeabi_fcmplt                  
00000c99  __aeabi_fmul                    
0000095d  __aeabi_fsub                    
00000fa9  __aeabi_i2f                     
00000e69  __aeabi_idiv                    
00000e67  __aeabi_idiv0                   
00000e69  __aeabi_idivmod                 
00001285  __aeabi_memcpy                  
00001285  __aeabi_memcpy4                 
00001285  __aeabi_memcpy8                 
ffffffff  __binit__                       
0000105d  __cmpsf2                        
0000105d  __eqsf2                         
0000110d  __fixsfsi                       
00000fa9  __floatsisf                     
00000fe5  __gesf2                         
00000fe5  __gtsf2                         
0000105d  __lesf2                         
0000105d  __ltsf2                         
UNDEFED   __mpu_init                      
00001099  __muldsi3                       
00000c99  __mulsf3                        
0000105d  __nesf2                         
20207e00  __stack                         
20200000  __start___llvm_prf_bits         
20200000  __start___llvm_prf_cnts         
20200000  __stop___llvm_prf_bits          
20200000  __stop___llvm_prf_cnts          
0000095d  __subsf3                        
000011a9  _c_int00_noargs                 
UNDEFED   _system_post_cinit              
0000129b  _system_pre_init                
0000128d  abort                           
ffffffff  binit                           
20200000  gPWM_0Backup                    
202000bc  gQEI_0Backup                    
2020015c  g_car                           
2020020c  g_line                          
00000000  interruptVectors                
00000da1  main                            
00000ad9  memcpy                          


GLOBAL SYMBOLS: SORTED BY Symbol Address 

address   name                            
-------   ----                            
00000000  __TI_ATRegion0_region_sz        
00000000  __TI_ATRegion0_src_addr         
00000000  __TI_ATRegion0_trg_addr         
00000000  __TI_ATRegion1_region_sz        
00000000  __TI_ATRegion1_src_addr         
00000000  __TI_ATRegion1_trg_addr         
00000000  __TI_ATRegion2_region_sz        
00000000  __TI_ATRegion2_src_addr         
00000000  __TI_ATRegion2_trg_addr         
00000000  __TI_static_base__              
00000000  interruptVectors                
000000c1  Car_ControlStep                 
00000200  __STACK_SIZE                    
000003a9  LineTracker_Update              
00000659  Car_Stop                        
0000075d  DL_Timer_initFourCCPWMMode      
00000861  DL_Timer_initTimerMode          
0000095d  __aeabi_fsub                    
0000095d  __subsf3                        
00000967  __addsf3                        
00000967  __aeabi_fadd                    
00000a35  SYSCFG_DL_GPIO_init             
00000ad9  memcpy                          
00000b73  ADC0_IRQHandler                 
00000b73  ADC1_IRQHandler                 
00000b73  AES_IRQHandler                  
00000b73  CANFD0_IRQHandler               
00000b73  DAC0_IRQHandler                 
00000b73  DMA_IRQHandler                  
00000b73  Default_Handler                 
00000b73  GROUP0_IRQHandler               
00000b73  HardFault_Handler               
00000b73  I2C0_IRQHandler                 
00000b73  I2C1_IRQHandler                 
00000b73  NMI_Handler                     
00000b73  PendSV_Handler                  
00000b73  RTC_IRQHandler                  
00000b73  SPI0_IRQHandler                 
00000b73  SPI1_IRQHandler                 
00000b73  SVC_Handler                     
00000b73  SysTick_Handler                 
00000b73  TIMA0_IRQHandler                
00000b73  TIMA1_IRQHandler                
00000b73  TIMG0_IRQHandler                
00000b73  TIMG6_IRQHandler                
00000b73  TIMG7_IRQHandler                
00000b73  TIMG8_IRQHandler                
00000b73  UART0_IRQHandler                
00000b73  UART1_IRQHandler                
00000b73  UART2_IRQHandler                
00000b73  UART3_IRQHandler                
00000b75  Car_Init                        
00000c0d  SYSCFG_DL_PWM_0_init            
00000c99  __aeabi_fmul                    
00000c99  __mulsf3                        
00000d25  __TI_decompress_lzss            
00000da1  main                            
00000e05  __aeabi_fcmpeq                  
00000e19  __aeabi_fcmplt                  
00000e2d  __aeabi_fcmple                  
00000e41  __aeabi_fcmpge                  
00000e55  __aeabi_fcmpgt                  
00000e67  __aeabi_idiv0                   
00000e69  __aeabi_idiv                    
00000e69  __aeabi_idivmod                 
00000ec1  GROUP1_IRQHandler               
00000f15  SYSCFG_DL_QEI_0_init            
00000f61  SYSCFG_DL_initPower             
00000fa9  __aeabi_i2f                     
00000fa9  __floatsisf                     
00000fe5  __gesf2                         
00000fe5  __gtsf2                         
00001021  __TI_auto_init_nobinit_nopinit  
0000105d  __cmpsf2                        
0000105d  __eqsf2                         
0000105d  __lesf2                         
0000105d  __ltsf2                         
0000105d  __nesf2                         
00001099  __muldsi3                       
000010d5  SYSCFG_DL_TIMER_CONTROL_init    
0000110d  __aeabi_f2iz                    
0000110d  __fixsfsi                       
00001145  SYSCFG_DL_init                  
00001179  SYSCFG_DL_SYSCTL_init           
000011a9  _c_int00_noargs                 
000011d1  DL_Timer_setCaptCompUpdateMethod
000011ed  DL_Timer_setClockConfig         
00001209  DL_Timer_setCaptureCompareOutCtl
00001221  TIMG12_IRQHandler               
00001239  __TI_zero_init_nomemset         
0000124f  __TI_decompress_none            
00001261  DL_Timer_setCaptureCompareValue 
00001271  DL_Common_delayCycles           
0000127b  LineTracker_Init                
00001285  __aeabi_memcpy                  
00001285  __aeabi_memcpy4                 
00001285  __aeabi_memcpy8                 
0000128d  abort                           
00001292  C$$EXIT                         
00001293  HOSTexit                        
00001297  Reset_Handler                   
0000129b  _system_pre_init                
0000133c  __TI_Handler_Table_Base         
00001348  __TI_Handler_Table_Limit        
00001350  __TI_CINIT_Base                 
00001360  __TI_CINIT_Limit                
00001360  __TI_CINIT_Warm                 
20200000  __start___llvm_prf_bits         
20200000  __start___llvm_prf_cnts         
20200000  __stop___llvm_prf_bits          
20200000  __stop___llvm_prf_cnts          
20200000  gPWM_0Backup                    
202000bc  gQEI_0Backup                    
2020015c  g_car                           
2020020c  g_line                          
20207e00  __stack                         
20208000  __STACK_END                     
ffffffff  __TI_pprof_out_hndl             
ffffffff  __TI_prof_data_size             
ffffffff  __TI_prof_data_start            
ffffffff  __binit__                       
ffffffff  binit                           
UNDEFED   __mpu_init                      
UNDEFED   _system_post_cinit              

[124 symbols]
