******************************************************************************
            TI ARM Clang Linker PC v4.0.4                      
******************************************************************************
>> Linked Thu Jul  9 18:21:27 2026

OUTPUT FILE NAME:   <TI_Car_no_buletooth.out>
ENTRY POINT SYMBOL: "_c_int00_noargs"  address: 00003ed1


MEMORY CONFIGURATION

         name            origin    length      used     unused   attr    fill
----------------------  --------  ---------  --------  --------  ----  --------
  FLASH                 00000000   00020000  00004150  0001beb0  R  X
  SRAM                  20200000   00008000  00000502  00007afe  RW X
  BCR_CONFIG            41c00000   000000ff  00000000  000000ff  R   
  BSL_CONFIG            41c00100   00000080  00000000  00000080  R   


SEGMENT ALLOCATION MAP

run origin  load origin   length   init length attrs members
----------  ----------- ---------- ----------- ----- -------
00000000    00000000    00004150   00004150    r-x
  00000000    00000000    000000c0   000000c0    r-- .intvecs
  000000c0    000000c0    00003f48   00003f48    r-x .text
  00004008    00004008    000000d0   000000d0    r-- .rodata
  000040d8    000040d8    00000078   00000078    r-- .cinit
20200000    20200000    00000302   00000000    rw-
  20200000    20200000    0000021c   00000000    rw- .bss
  2020021c    2020021c    000000e6   00000000    rw- .data
20207e00    20207e00    00000200   00000000    rw-
  20207e00    20207e00    00000200   00000000    rw- .stack


SECTION ALLOCATION MAP

 output                                  attributes/
section   page    origin      length       input sections
--------  ----  ----------  ----------   ----------------
.intvecs   0    00000000    000000c0     
                  00000000    000000c0     startup_mspm0g350x_ticlang.o (.intvecs)

.text      0    000000c0    00003f48     
                  000000c0    00001518     debug_uart.o (.text.Debug_UART_ProcessRx)
                  000015d8    0000068c     debug_uart.o (.text.Debug_UART_SendStatus)
                  00001c64    000002f8     car_control.o (.text.Car_ControlStep)
                  00001f5c    00000264     debug_uart.o (.text.Debug_UART_AppendFloat)
                  000021c0    00000248     debug_uart.o (.text.Debug_UART_ParseFloatList)
                  00002408    000001d4     debug_uart.o (.text.Debug_UART_ParseFloat)
                  000025dc    000001c0     debug_uart.o (.text.vofa_speed_send)
                  0000279c    000001bc     debug_uart.o (.text.vofa_line_send)
                  00002958    000001a4     line_tracker.o (.text.LineTracker_Update)
                  00002afc    0000016c     debug_uart.o (.text.vofa_test_send)
                  00002c68    00000120     debug_uart.o (.text.Debug_UART_SendOkFloat)
                  00002d88    00000110     car_control.o (.text.Car_PidStep)
                  00002e98    00000104     car_control.o (.text.Car_Stop)
                  00002f9c    00000104     driverlib.a : dl_timer.o (.text.DL_Timer_initFourCCPWMMode)
                  000030a0    000000fc                 : dl_timer.o (.text.DL_Timer_initTimerMode)
                  0000319c    000000d8     libclang_rt.builtins.a : addsf3.S.obj (.text)
                  00003274    000000c0     debug_uart.o (.text.UART1_IRQHandler)
                  00003334    000000ac     ti_msp_dl_config.o (.text.SYSCFG_DL_GPIO_init)
                  000033e0    000000a4     debug_uart.o (.text.Debug_UART_CommandEquals)
                  00003484    000000a0     debug_uart.o (.text.Debug_UART_Init)
                  00003524    0000009a     libc.a : memcpy16.S.obj (.text:memcpy)
                  000035be    00000002     startup_mspm0g350x_ticlang.o (.text.Default_Handler)
                  000035c0    00000098     car_control.o (.text.Car_Init)
                  00003658    00000098     debug_uart.o (.text.Debug_UART_GetArg)
                  000036f0    0000008c     ti_msp_dl_config.o (.text.SYSCFG_DL_PWM_0_init)
                  0000377c    0000008c     libclang_rt.builtins.a : mulsf3.S.obj (.text.__mulsf3)
                  00003808    0000007c     libc.a : copy_decompress_lzss.c.obj (.text:decompress:lzss)
                  00003884    00000070     ti_msp_dl_config.o (.text.SYSCFG_DL_UART_DEBUG_init)
                  000038f4    00000068     empty.o (.text.main)
                  0000395c    00000062     libclang_rt.builtins.a : aeabi_fcmp.S.obj (.text.__aeabi_fcmp)
                  000039be    00000062     libc.a : memset16.S.obj (.text:memset)
                  00003a20    00000056     libclang_rt.builtins.a : aeabi_idivmod.S.obj (.text.__aeabi_idivmod)
                  00003a76    00000002                            : aeabi_div0.c.obj (.text.__aeabi_idiv0)
                  00003a78    00000054     car_control.o (.text.GROUP1_IRQHandler)
                  00003acc    00000054     ti_msp_dl_config.o (.text.SYSCFG_DL_initPower)
                  00003b20    0000004c     debug_uart.o (.text.Debug_UART_Task)
                  00003b6c    0000004c     ti_msp_dl_config.o (.text.SYSCFG_DL_QEI_0_init)
                  00003bb8    00000048     driverlib.a : dl_uart.o (.text.DL_UART_init)
                  00003c00    00000040     libclang_rt.builtins.a : aeabi_uidivmod.S.obj (.text.__aeabi_uidivmod)
                  00003c40    0000003c                            : floatsisf.S.obj (.text.__floatsisf)
                  00003c7c    0000003c                            : comparesf2.S.obj (.text.__gtsf2)
                  00003cb8    0000003c     libc.a : autoinit.c.obj (.text:__TI_auto_init_nobinit_nopinit)
                  00003cf4    0000003a     libclang_rt.builtins.a : comparesf2.S.obj (.text.__eqsf2)
                  00003d2e    00000002     --HOLE-- [fill = 0]
                  00003d30    0000003a                            : muldsi3.S.obj (.text.__muldsi3)
                  00003d6a    00000002     --HOLE-- [fill = 0]
                  00003d6c    00000038     ti_msp_dl_config.o (.text.SYSCFG_DL_TIMER_CONTROL_init)
                  00003da4    00000038     ti_msp_dl_config.o (.text.SYSCFG_DL_init)
                  00003ddc    00000038     libclang_rt.builtins.a : fixsfsi.S.obj (.text.__fixsfsi)
                  00003e14    00000032                            : fixunssfsi.S.obj (.text.__fixunssfsi)
                  00003e46    00000002     --HOLE-- [fill = 0]
                  00003e48    00000030     driverlib.a : dl_uart.o (.text.DL_UART_transmitDataBlocking)
                  00003e78    00000030     ti_msp_dl_config.o (.text.SYSCFG_DL_SYSCTL_init)
                  00003ea8    00000028     libclang_rt.builtins.a : floatunsisf.S.obj (.text.__floatunsisf)
                  00003ed0    00000028     libc.a : boot_cortex_m.c.obj (.text:_c_int00_noargs)
                  00003ef8    00000020     car_control.o (.text.Car_StartLineFollow)
                  00003f18    0000001c     driverlib.a : dl_timer.o (.text.DL_Timer_setCaptCompUpdateMethod)
                  00003f34    0000001c                 : dl_timer.o (.text.DL_Timer_setClockConfig)
                  00003f50    00000018                 : dl_timer.o (.text.DL_Timer_setCaptureCompareOutCtl)
                  00003f68    00000018     empty.o (.text.TIMG12_IRQHandler)
                  00003f80    00000016     libc.a : copy_zero_init.c.obj (.text:decompress:ZI:__TI_zero_init_nomemset)
                  00003f96    00000012     driverlib.a : dl_uart.o (.text.DL_UART_setClockConfig)
                  00003fa8    00000012     libc.a : copy_decompress_none.c.obj (.text:decompress:none)
                  00003fba    00000002     --HOLE-- [fill = 0]
                  00003fbc    00000010     driverlib.a : dl_timer.o (.text.DL_Timer_setCaptureCompareValue)
                  00003fcc    0000000e     libclang_rt.builtins.a : aeabi_memset.S.obj (.text.__aeabi_memset)
                  00003fda    0000000a     driverlib.a : dl_common.o (.text.DL_Common_delayCycles)
                  00003fe4    00000008     line_tracker.o (.text.LineTracker_Init)
                  00003fec    00000008     libclang_rt.builtins.a : aeabi_memcpy.S.obj (.text.__aeabi_memcpy)
                  00003ff4    00000006     libc.a : exit.c.obj (.text:abort)
                  00003ffa    00000004     libsysbm.a : hostexit.c.obj (.text.HOSTexit)
                  00003ffe    00000004     startup_mspm0g350x_ticlang.o (.text.Reset_Handler)
                  00004002    00000004     libc.a : pre_init.c.obj (.text._system_pre_init)
                  00004006    00000002     --HOLE-- [fill = 0]

.cinit     0    000040d8    00000078     
                  000040d8    00000053     (.cinit..data.load) [load image, compression = lzss]
                  0000412b    00000001     --HOLE-- [fill = 0]
                  0000412c    0000000c     (__TI_handler_table)
                  00004138    00000008     (.cinit..bss.load) [load image, compression = zero_init]
                  00004140    00000010     (__TI_cinit_table)

.rodata    0    00004008    000000d0     
                  00004008    00000014     ti_msp_dl_config.o (.rodata.gTIMER_CONTROLTimerConfig)
                  0000401c    00000010     car_control.o (.rodata.cst16)
                  0000402c    0000000a     ti_msp_dl_config.o (.rodata.gUART_DEBUGConfig)
                  00004036    00000009     debug_uart.o (.rodata.str1.8336065569576011455.1)
                  0000403f    00000001     --HOLE-- [fill = 0]
                  00004040    00000008     ti_msp_dl_config.o (.rodata.gPWM_0Config)
                  00004048    00000008     debug_uart.o (.rodata.str1.1053656881137762224.1)
                  00004050    00000008     debug_uart.o (.rodata.str1.13780910753272455840.1)
                  00004058    00000008     debug_uart.o (.rodata.str1.2467610889774605206.1)
                  00004060    00000008     debug_uart.o (.rodata.str1.9871886773154595279.1)
                  00004068    00000007     debug_uart.o (.rodata.str1.12113861098680340596.1)
                  0000406f    00000007     debug_uart.o (.rodata.str1.13788958979707291116.1)
                  00004076    00000007     debug_uart.o (.rodata.str1.9046556080649888658.1)
                  0000407d    00000006     debug_uart.o (.rodata.str1.10186957676173964635.1)
                  00004083    00000006     debug_uart.o (.rodata.str1.13316212644771607044.1)
                  00004089    00000006     debug_uart.o (.rodata.str1.3746068638744227419.1)
                  0000408f    00000006     debug_uart.o (.rodata.str1.8496366744709085709.1)
                  00004095    00000005     debug_uart.o (.rodata.str1.1432448451819883127.1)
                  0000409a    00000005     debug_uart.o (.rodata.str1.16381963267101565806.1)
                  0000409f    00000005     debug_uart.o (.rodata.str1.2473468214348230060.1)
                  000040a4    00000005     debug_uart.o (.rodata.str1.435684989972102945.1)
                  000040a9    00000005     debug_uart.o (.rodata.str1.6094391537229473979.1)
                  000040ae    00000003     ti_msp_dl_config.o (.rodata.gPWM_0ClockConfig)
                  000040b1    00000003     ti_msp_dl_config.o (.rodata.gQEI_0ClockConfig)
                  000040b4    00000003     ti_msp_dl_config.o (.rodata.gTIMER_CONTROLClockConfig)
                  000040b7    00000003     debug_uart.o (.rodata.str1.12858735334856686681.1)
                  000040ba    00000003     debug_uart.o (.rodata.str1.12874694364276345362.1)
                  000040bd    00000003     debug_uart.o (.rodata.str1.5678097850300819098.1)
                  000040c0    00000003     debug_uart.o (.rodata.str1.5752133939041076255.1)
                  000040c3    00000003     debug_uart.o (.rodata.str1.7094908962268454530.1)
                  000040c6    00000003     debug_uart.o (.rodata.str1.8346066712588484577.1)
                  000040c9    00000002     ti_msp_dl_config.o (.rodata.gUART_DEBUGClockConfig)
                  000040cb    00000002     debug_uart.o (.rodata.str1.13678368368045285259.1)
                  000040cd    00000002     debug_uart.o (.rodata.str1.15445407551556458809.1)
                  000040cf    00000002     debug_uart.o (.rodata.str1.5710605537803565424.1)
                  000040d1    00000002     debug_uart.o (.rodata.str1.5817733747436598827.1)
                  000040d3    00000005     --HOLE-- [fill = 0]

.init_array 
*          0    00000000    00000000     UNINITIALIZED

.binit     0    00000000    00000000     

.bss       0    20200000    0000021c     UNINITIALIZED
                  20200000    000000bc     (.common:gPWM_0Backup)
                  202000bc    000000a0     (.common:gQEI_0Backup)
                  2020015c    00000080     debug_uart.o (.bss.s_rx_buffer)
                  202001dc    00000040     debug_uart.o (.bss.s_line_buffer)

.data      0    2020021c    000000e6     UNINITIALIZED
                  2020021c    000000b8     car_control.o (.data.g_car)
                  202002d4    00000018     line_tracker.o (.data.g_line)
                  202002ec    00000004     debug_uart.o (.data.s_last_vofa_tick)
                  202002f0    00000004     car_control.o (.data.s_right_encoder_count)
                  202002f4    00000004     debug_uart.o (.data.vofa_test_send.x)
                  202002f8    00000002     debug_uart.o (.data.s_line_length)
                  202002fa    00000002     debug_uart.o (.data.s_rx_head)
                  202002fc    00000002     debug_uart.o (.data.s_rx_tail)
                  202002fe    00000001     debug_uart.o (.data.s_line_overflow)
                  202002ff    00000001     car_control.o (.data.s_right_encoder_state)
                  20200300    00000001     debug_uart.o (.data.s_vofa_mode)
                  20200301    00000001     debug_uart.o (.data.s_vofa_stream_enabled)

.stack     0    20207e00    00000200     UNINITIALIZED
                  20207e00    00000004     libc.a : boot_cortex_m.c.obj (.stack)
                  20207e04    000001fc     --HOLE--

__llvm_prf_cnts 
*          0    20200000    00000000     UNINITIALIZED

__llvm_prf_bits 
*          0    20200000    00000000     UNINITIALIZED

MODULE SUMMARY

       Module                         code    ro data   rw data
       ------                         ----    -------   -------
    .\
       debug_uart.o                   11028   137       209    
       car_control.o                  1560    16        189    
       ti_msp_dl_config.o             744     49        348    
       line_tracker.o                 428     0         24     
       startup_mspm0g350x_ticlang.o   6       192       0      
       empty.o                        128     0         0      
    +--+------------------------------+-------+---------+---------+
       Total:                         13894   394       770    
                                                               
    F:/TI/mspm0_sdk_2_10_00_04/source/ti/driverlib/lib/ticlang/m0p/mspm0g1x0x_g3x0x/driverlib.a
       dl_timer.o                     608     0         0      
       dl_uart.o                      138     0         0      
       dl_common.o                    10      0         0      
    +--+------------------------------+-------+---------+---------+
       Total:                         756     0         0      
                                                               
    F:\TI\ccstheia\ccs\tools\compiler\ti-cgt-armllvm_4.0.4.LTS\lib\armv6m-ti-none-eabi/c/libc.a
       memcpy16.S.obj                 154     0         0      
       copy_decompress_lzss.c.obj     124     0         0      
       memset16.S.obj                 98      0         0      
       autoinit.c.obj                 60      0         0      
       boot_cortex_m.c.obj            40      0         0      
       copy_zero_init.c.obj           22      0         0      
       copy_decompress_none.c.obj     18      0         0      
       exit.c.obj                     6       0         0      
       pre_init.c.obj                 4       0         0      
    +--+------------------------------+-------+---------+---------+
       Total:                         526     0         0      
                                                               
    F:\TI\ccstheia\ccs\tools\compiler\ti-cgt-armllvm_4.0.4.LTS\lib\armv6m-ti-none-eabi/c/libsysbm.a
       hostexit.c.obj                 4       0         0      
    +--+------------------------------+-------+---------+---------+
       Total:                         4       0         0      
                                                               
    F:\TI\ccstheia\ccs\tools\compiler\ti-cgt-armllvm_4.0.4.LTS\lib\armv6m-ti-none-eabi/libclang_rt.builtins.a
       addsf3.S.obj                   216     0         0      
       mulsf3.S.obj                   140     0         0      
       comparesf2.S.obj               118     0         0      
       aeabi_fcmp.S.obj               98      0         0      
       aeabi_idivmod.S.obj            86      0         0      
       aeabi_uidivmod.S.obj           64      0         0      
       floatsisf.S.obj                60      0         0      
       muldsi3.S.obj                  58      0         0      
       fixsfsi.S.obj                  56      0         0      
       fixunssfsi.S.obj               50      0         0      
       floatunsisf.S.obj              40      0         0      
       aeabi_memset.S.obj             14      0         0      
       aeabi_memcpy.S.obj             8       0         0      
       aeabi_div0.c.obj               2       0         0      
    +--+------------------------------+-------+---------+---------+
       Total:                         1010    0         0      
                                                               
       Stack:                         0       0         512    
       Linker Generated:              0       119       0      
    +--+------------------------------+-------+---------+---------+
       Grand Total:                   16190   513       1282   


LINKER GENERATED COPY TABLES

__TI_cinit_table @ 00004140 records: 2, size/record: 8, table size: 16
	.data: load addr=000040d8, load size=00000053 bytes, run addr=2020021c, run size=000000e6 bytes, compression=lzss
	.bss: load addr=00004138, load size=00000008 bytes, run addr=20200000, run size=0000021c bytes, compression=zero_init


LINKER GENERATED HANDLER TABLE

__TI_handler_table @ 0000412c records: 3, size/record: 4, table size: 12
	index: 0, handler: __TI_decompress_lzss
	index: 1, handler: __TI_decompress_none
	index: 2, handler: __TI_zero_init


GLOBAL SYMBOLS: SORTED ALPHABETICALLY BY Name 

address   name                            
-------   ----                            
000035bf  ADC0_IRQHandler                 
000035bf  ADC1_IRQHandler                 
000035bf  AES_IRQHandler                  
00003ffa  C$$EXIT                         
000035bf  CANFD0_IRQHandler               
00001c65  Car_ControlStep                 
000035c1  Car_Init                        
00003ef9  Car_StartLineFollow             
00002e99  Car_Stop                        
000035bf  DAC0_IRQHandler                 
00003fdb  DL_Common_delayCycles           
00002f9d  DL_Timer_initFourCCPWMMode      
000030a1  DL_Timer_initTimerMode          
00003f19  DL_Timer_setCaptCompUpdateMethod
00003f51  DL_Timer_setCaptureCompareOutCtl
00003fbd  DL_Timer_setCaptureCompareValue 
00003f35  DL_Timer_setClockConfig         
00003bb9  DL_UART_init                    
00003f97  DL_UART_setClockConfig          
00003e49  DL_UART_transmitDataBlocking    
000035bf  DMA_IRQHandler                  
00003485  Debug_UART_Init                 
000000c1  Debug_UART_ProcessRx            
00003b21  Debug_UART_Task                 
000035bf  Default_Handler                 
000035bf  GROUP0_IRQHandler               
00003a79  GROUP1_IRQHandler               
00003ffb  HOSTexit                        
000035bf  HardFault_Handler               
000035bf  I2C0_IRQHandler                 
000035bf  I2C1_IRQHandler                 
00003fe5  LineTracker_Init                
00002959  LineTracker_Update              
000035bf  NMI_Handler                     
000035bf  PendSV_Handler                  
000035bf  RTC_IRQHandler                  
00003fff  Reset_Handler                   
000035bf  SPI0_IRQHandler                 
000035bf  SPI1_IRQHandler                 
000035bf  SVC_Handler                     
00003335  SYSCFG_DL_GPIO_init             
000036f1  SYSCFG_DL_PWM_0_init            
00003b6d  SYSCFG_DL_QEI_0_init            
00003e79  SYSCFG_DL_SYSCTL_init           
00003d6d  SYSCFG_DL_TIMER_CONTROL_init    
00003885  SYSCFG_DL_UART_DEBUG_init       
00003da5  SYSCFG_DL_init                  
00003acd  SYSCFG_DL_initPower             
000035bf  SysTick_Handler                 
000035bf  TIMA0_IRQHandler                
000035bf  TIMA1_IRQHandler                
000035bf  TIMG0_IRQHandler                
00003f69  TIMG12_IRQHandler               
000035bf  TIMG6_IRQHandler                
000035bf  TIMG7_IRQHandler                
000035bf  TIMG8_IRQHandler                
000035bf  UART0_IRQHandler                
00003275  UART1_IRQHandler                
000035bf  UART2_IRQHandler                
000035bf  UART3_IRQHandler                
20208000  __STACK_END                     
00000200  __STACK_SIZE                    
00000000  __TI_ATRegion0_region_sz        
00000000  __TI_ATRegion0_src_addr         
00000000  __TI_ATRegion0_trg_addr         
00000000  __TI_ATRegion1_region_sz        
00000000  __TI_ATRegion1_src_addr         
00000000  __TI_ATRegion1_trg_addr         
00000000  __TI_ATRegion2_region_sz        
00000000  __TI_ATRegion2_src_addr         
00000000  __TI_ATRegion2_trg_addr         
00004140  __TI_CINIT_Base                 
00004150  __TI_CINIT_Limit                
00004150  __TI_CINIT_Warm                 
0000412c  __TI_Handler_Table_Base         
00004138  __TI_Handler_Table_Limit        
00003cb9  __TI_auto_init_nobinit_nopinit  
00003809  __TI_decompress_lzss            
00003fa9  __TI_decompress_none            
ffffffff  __TI_pprof_out_hndl             
ffffffff  __TI_prof_data_size             
ffffffff  __TI_prof_data_start            
00000000  __TI_static_base__              
00003f81  __TI_zero_init_nomemset         
000031a7  __addsf3                        
00003ddd  __aeabi_f2iz                    
00003e15  __aeabi_f2uiz                   
000031a7  __aeabi_fadd                    
0000395d  __aeabi_fcmpeq                  
00003999  __aeabi_fcmpge                  
000039ad  __aeabi_fcmpgt                  
00003985  __aeabi_fcmple                  
00003971  __aeabi_fcmplt                  
0000377d  __aeabi_fmul                    
0000319d  __aeabi_fsub                    
00003c41  __aeabi_i2f                     
00003a21  __aeabi_idiv                    
00003a77  __aeabi_idiv0                   
00003a21  __aeabi_idivmod                 
00003fed  __aeabi_memcpy                  
00003fed  __aeabi_memcpy4                 
00003fed  __aeabi_memcpy8                 
00003fcd  __aeabi_memset                  
00003fcd  __aeabi_memset4                 
00003fcd  __aeabi_memset8                 
00003ea9  __aeabi_ui2f                    
00003c01  __aeabi_uidiv                   
00003c01  __aeabi_uidivmod                
ffffffff  __binit__                       
00003cf5  __cmpsf2                        
00003cf5  __eqsf2                         
00003ddd  __fixsfsi                       
00003e15  __fixunssfsi                    
00003c41  __floatsisf                     
00003ea9  __floatunsisf                   
00003c7d  __gesf2                         
00003c7d  __gtsf2                         
00003cf5  __lesf2                         
00003cf5  __ltsf2                         
UNDEFED   __mpu_init                      
00003d31  __muldsi3                       
0000377d  __mulsf3                        
00003cf5  __nesf2                         
20207e00  __stack                         
20200000  __start___llvm_prf_bits         
20200000  __start___llvm_prf_cnts         
20200000  __stop___llvm_prf_bits          
20200000  __stop___llvm_prf_cnts          
0000319d  __subsf3                        
00003ed1  _c_int00_noargs                 
UNDEFED   _system_post_cinit              
00004003  _system_pre_init                
00003ff5  abort                           
ffffffff  binit                           
20200000  gPWM_0Backup                    
202000bc  gQEI_0Backup                    
2020021c  g_car                           
202002d4  g_line                          
00000000  interruptVectors                
000038f5  main                            
00003525  memcpy                          
000039bf  memset                          
0000279d  vofa_line_send                  
000025dd  vofa_speed_send                 
00002afd  vofa_test_send                  


GLOBAL SYMBOLS: SORTED BY Symbol Address 

address   name                            
-------   ----                            
00000000  __TI_ATRegion0_region_sz        
00000000  __TI_ATRegion0_src_addr         
00000000  __TI_ATRegion0_trg_addr         
00000000  __TI_ATRegion1_region_sz        
00000000  __TI_ATRegion1_src_addr         
00000000  __TI_ATRegion1_trg_addr         
00000000  __TI_ATRegion2_region_sz        
00000000  __TI_ATRegion2_src_addr         
00000000  __TI_ATRegion2_trg_addr         
00000000  __TI_static_base__              
00000000  interruptVectors                
000000c1  Debug_UART_ProcessRx            
00000200  __STACK_SIZE                    
00001c65  Car_ControlStep                 
000025dd  vofa_speed_send                 
0000279d  vofa_line_send                  
00002959  LineTracker_Update              
00002afd  vofa_test_send                  
00002e99  Car_Stop                        
00002f9d  DL_Timer_initFourCCPWMMode      
000030a1  DL_Timer_initTimerMode          
0000319d  __aeabi_fsub                    
0000319d  __subsf3                        
000031a7  __addsf3                        
000031a7  __aeabi_fadd                    
00003275  UART1_IRQHandler                
00003335  SYSCFG_DL_GPIO_init             
00003485  Debug_UART_Init                 
00003525  memcpy                          
000035bf  ADC0_IRQHandler                 
000035bf  ADC1_IRQHandler                 
000035bf  AES_IRQHandler                  
000035bf  CANFD0_IRQHandler               
000035bf  DAC0_IRQHandler                 
000035bf  DMA_IRQHandler                  
000035bf  Default_Handler                 
000035bf  GROUP0_IRQHandler               
000035bf  HardFault_Handler               
000035bf  I2C0_IRQHandler                 
000035bf  I2C1_IRQHandler                 
000035bf  NMI_Handler                     
000035bf  PendSV_Handler                  
000035bf  RTC_IRQHandler                  
000035bf  SPI0_IRQHandler                 
000035bf  SPI1_IRQHandler                 
000035bf  SVC_Handler                     
000035bf  SysTick_Handler                 
000035bf  TIMA0_IRQHandler                
000035bf  TIMA1_IRQHandler                
000035bf  TIMG0_IRQHandler                
000035bf  TIMG6_IRQHandler                
000035bf  TIMG7_IRQHandler                
000035bf  TIMG8_IRQHandler                
000035bf  UART0_IRQHandler                
000035bf  UART2_IRQHandler                
000035bf  UART3_IRQHandler                
000035c1  Car_Init                        
000036f1  SYSCFG_DL_PWM_0_init            
0000377d  __aeabi_fmul                    
0000377d  __mulsf3                        
00003809  __TI_decompress_lzss            
00003885  SYSCFG_DL_UART_DEBUG_init       
000038f5  main                            
0000395d  __aeabi_fcmpeq                  
00003971  __aeabi_fcmplt                  
00003985  __aeabi_fcmple                  
00003999  __aeabi_fcmpge                  
000039ad  __aeabi_fcmpgt                  
000039bf  memset                          
00003a21  __aeabi_idiv                    
00003a21  __aeabi_idivmod                 
00003a77  __aeabi_idiv0                   
00003a79  GROUP1_IRQHandler               
00003acd  SYSCFG_DL_initPower             
00003b21  Debug_UART_Task                 
00003b6d  SYSCFG_DL_QEI_0_init            
00003bb9  DL_UART_init                    
00003c01  __aeabi_uidiv                   
00003c01  __aeabi_uidivmod                
00003c41  __aeabi_i2f                     
00003c41  __floatsisf                     
00003c7d  __gesf2                         
00003c7d  __gtsf2                         
00003cb9  __TI_auto_init_nobinit_nopinit  
00003cf5  __cmpsf2                        
00003cf5  __eqsf2                         
00003cf5  __lesf2                         
00003cf5  __ltsf2                         
00003cf5  __nesf2                         
00003d31  __muldsi3                       
00003d6d  SYSCFG_DL_TIMER_CONTROL_init    
00003da5  SYSCFG_DL_init                  
00003ddd  __aeabi_f2iz                    
00003ddd  __fixsfsi                       
00003e15  __aeabi_f2uiz                   
00003e15  __fixunssfsi                    
00003e49  DL_UART_transmitDataBlocking    
00003e79  SYSCFG_DL_SYSCTL_init           
00003ea9  __aeabi_ui2f                    
00003ea9  __floatunsisf                   
00003ed1  _c_int00_noargs                 
00003ef9  Car_StartLineFollow             
00003f19  DL_Timer_setCaptCompUpdateMethod
00003f35  DL_Timer_setClockConfig         
00003f51  DL_Timer_setCaptureCompareOutCtl
00003f69  TIMG12_IRQHandler               
00003f81  __TI_zero_init_nomemset         
00003f97  DL_UART_setClockConfig          
00003fa9  __TI_decompress_none            
00003fbd  DL_Timer_setCaptureCompareValue 
00003fcd  __aeabi_memset                  
00003fcd  __aeabi_memset4                 
00003fcd  __aeabi_memset8                 
00003fdb  DL_Common_delayCycles           
00003fe5  LineTracker_Init                
00003fed  __aeabi_memcpy                  
00003fed  __aeabi_memcpy4                 
00003fed  __aeabi_memcpy8                 
00003ff5  abort                           
00003ffa  C$$EXIT                         
00003ffb  HOSTexit                        
00003fff  Reset_Handler                   
00004003  _system_pre_init                
0000412c  __TI_Handler_Table_Base         
00004138  __TI_Handler_Table_Limit        
00004140  __TI_CINIT_Base                 
00004150  __TI_CINIT_Limit                
00004150  __TI_CINIT_Warm                 
20200000  __start___llvm_prf_bits         
20200000  __start___llvm_prf_cnts         
20200000  __stop___llvm_prf_bits          
20200000  __stop___llvm_prf_cnts          
20200000  gPWM_0Backup                    
202000bc  gQEI_0Backup                    
2020021c  g_car                           
202002d4  g_line                          
20207e00  __stack                         
20208000  __STACK_END                     
ffffffff  __TI_pprof_out_hndl             
ffffffff  __TI_prof_data_size             
ffffffff  __TI_prof_data_start            
ffffffff  __binit__                       
ffffffff  binit                           
UNDEFED   __mpu_init                      
UNDEFED   _system_post_cinit              

[145 symbols]
